[henpresscare.com/new/index.html]
[backblue.gif]
[fade.gif]
[index.html]
[henpresscare.com/new/wp-content/uploads/elementor/css/custom-frontend.min2486.css]
[henpresscare.com/new/comments/feed/index.html]
[henpresscare.com/new/feed/index.html]
[henpresscare.com/new/wp-content/uploads/elementor/css/custom-widget-icon-list.min2486.css]
[henpresscare.com/new/wp-content/plugins/elementor/assets/css/widget-social-icons.min2801.css]
[henpresscare.com/new/wp-content/uploads/elementor/css/custom-apple-webkit.min2486.css]
[henpresscare.com/new/wp-content/uploads/elementor/css/post-31200f9.css]
[henpresscare.com/new/wp-content/uploads/elementor/css/post-8711799.css]
[henpresscare.com/new/wp-content/plugins/elementor/assets/css/widget-heading.min2801.css]
[henpresscare.com/new/wp-content/plugins/elementor/assets/css/widget-divider.min2801.css]
[henpresscare.com/new/wp-content/uploads/elementor/css/post-315b037.css]
[henpresscare.com/new/wp-content/themes/royal-elementor-kit/style5152.css]
[henpresscare.com/new/wp-content/uploads/elementor/css/post-74013.css]
[henpresscare.com/new/wp-content/plugins/elementor/assets/css/widget-image.min2801.css]
[henpresscare.com/new/wp-content/plugins/elementor/assets/css/widget-counter.min2801.css]
[henpresscare.com/new/wp-content/uploads/elementor/css/custom-widget-image-box.min2486.css]
[henpresscare.com/new/wp-content/uploads/elementor/css/custom-widget-icon-box.min2486.css]
[henpresscare.com/new/wp-content/plugins/royal-elementor-addons/assets/css/lib/animations/wpr-animations.minbf05.css]
[henpresscare.com/new/wp-content/plugins/royal-elementor-addons/assets/css/lib/animations/wpr-link-animations.minbf05.css]
[henpresscare.com/new/wp-content/plugins/royal-elementor-addons/assets/css/lib/animations/loading-animations.minbf05.css]
[henpresscare.com/new/wp-content/plugins/royal-elementor-addons/assets/css/lib/animations/button-animations.minbf05.css]
[henpresscare.com/new/wp-content/plugins/royal-elementor-addons/assets/css/lib/animations/text-animations.minbf05.css]
[henpresscare.com/new/wp-content/plugins/royal-elementor-addons/assets/css/lib/lightgallery/lightgallery.minbf05.css]
[henpresscare.com/new/wp-content/plugins/royal-elementor-addons/assets/css/frontend.minbf05.css]
[henpresscare.com/new/wp-content/plugins/elementor/assets/lib/font-awesome/css/all.minbf05.css]
[henpresscare.com/new/wp-content/uploads/elementor/google-fonts/css/poppins9cf9.css]
[henpresscare.com/new/wp-content/uploads/elementor/google-fonts/css/montserrat2596.css]
[henpresscare.com/new/wp-content/uploads/elementor/google-fonts/css/roboto158c.css]
[henpresscare.com/new/wp-content/uploads/elementor/google-fonts/css/robotoslab0570.css]
[henpresscare.com/new/wp-includes/js/jquery/jquery-migrate.min5589.js]
[henpresscare.com/new/wp-includes/js/jquery/jquery.minf43b.js]
[henpresscare.com/new/wp-json/index.html]
[henpresscare.com/new/wp-json/wp/v2/pages/871.json]
[henpresscare.com/new/wp-json/oembed/1.0/embedc253.json]
[henpresscare.com/new/wp-json/oembed/1.0/embedeb1f]
[henpresscare.com/new/wp-content/uploads/2025/06/cropped-cropped-Logo-32x32.png]
[henpresscare.com/new/wp-content/uploads/2025/06/cropped-cropped-Logo-192x192.png]
[henpresscare.com/new/wp-content/uploads/2025/06/cropped-cropped-Logo-180x180.png]
[www.henpresscare.com/wp-content/uploads/2025/05/henn-removebg-preview-e1748603912750.png]
[henpresscare.com/new/wp-content/uploads/2023/05/pic-8.jpg]
[henpresscare.com/new/wp-content/uploads/2023/05/pic-26.jpg]
[henpresscare.com/new/wp-content/uploads/2023/05/pic-3.png]
[henpresscare.com/new/about/index.html]
[henpresscare.com/new/wp-content/uploads/2023/05/pic-2.png]
[henpresscare.com/new/appointment/index.html]
[henpresscare.com/new/wp-content/uploads/2023/05/pic-5.png]
[henpresscare.com/new/services/index.html]
[henpresscare.com/new/blog-home-care-v1/index.html]
[henpresscare.com/new/wp-content/uploads/2023/05/pic-4.png]
[henpresscare.com/new/contact/index.html]
[henpresscare.com/new/wp-content/uploads/2023/05/pic-7.jpg]
[henpresscare.com/new/wp-content/uploads/2023/05/pic-16.jpg]
[henpresscare.com/new/wp-content/uploads/2023/05/pic-12.png]
[henpresscare.com/new/wp-content/uploads/2023/05/pic-14.png]
[henpresscare.com/new/wp-content/uploads/2023/05/pic-13.png]
[henpresscare.com/new/wp-content/uploads/2023/05/pic-15.png]
[henpresscare.com/new/wp-content/uploads/2023/05/pic-30.jpg]
[henpresscare.com/new/wp-content/uploads/2023/05/pic-1.webp]
[henpresscare.com/new/wp-content/uploads/2023/05/Annabella-Mathews.png]
[henpresscare.com/new/wp-content/uploads/2023/05/pic-18.jpg]
[henpresscare.com/new/wp-content/uploads/2023/05/testimonial-1.jpg]
[henpresscare.com/new/wp-content/uploads/2023/05/testimonial-2.jpg]
[henpresscare.com/new/wp-content/uploads/2023/05/testimonial-3.jpg]
[henpresscare.com/new/wp-content/uploads/2023/05/Post-2.jpg]
[henpresscare.com/new/wp-content/uploads/2023/05/Post-5.jpg]
[henpresscare.com/new/wp-content/uploads/2023/05/Post-6.jpg]
[henpresscare.com/new/ensuring-peace-of-mind-the-safety-measures-in-place-at-our-care-home/index.html]
[henpresscare.com/new/wp-content/uploads/elementor/css/post-89765ef.css]
[henpresscare.com/new/wp-content/plugins/elementor/assets/js/webpack.runtime.min2801.js]
[henpresscare.com/new/a-home-away-from-home-our-care-homes-warm-and-welcoming-atmosphere/index.html]
[henpresscare.com/new/wp-content/plugins/elementor/assets/js/frontend-modules.min2801.js]
[henpresscare.com/new/wp-includes/js/jquery/ui/core.minb37e.js]
[henpresscare.com/new/page/2/index.html]
[henpresscare.com/new/celebrating-lifes-journey-enriching-activities-for-seniors-in-our-care-home/index.html]
[henpresscare.com/new/wp-content/plugins/elementor/assets/js/frontend.min2801.js]
[henpresscare.com/new/wp-content/plugins/royal-elementor-addons/assets/js/lib/particles/particles7c45.js]
[henpresscare.com/new/wp-content/plugins/royal-elementor-addons/assets/js/lib/jarallax/jarallax.minf184.js]
[henpresscare.com/new/wp-content/plugins/royal-elementor-addons/assets/js/lib/parallax/parallax.min5152.js]
[henpresscare.com/new/wp-includes/js/imagesloaded.minbb93.js]
[henpresscare.com/new/wp-content/plugins/royal-elementor-addons/assets/js/lib/slick/slick.minc245.js]
[henpresscare.com/new/wp-content/plugins/elementor/assets/lib/jquery-numerator/jquery-numerator.min3958.js]
[henpresscare.com/new/wp-content/plugins/royal-elementor-addons/assets/js/lib/isotope/isotope.min6173.js]
[henpresscare.com/new/wp-content/plugins/royal-elementor-addons/assets/js/lib/lightgallery/lightgallery.mind203.js]
[henpresscare.com/new/wp-content/plugins/royal-elementor-addons/assets/js/lib/perfect-scrollbar/perfect-scrollbar.min70b1.js]
[henpresscare.com/new/wp-content/plugins/elementor-pro/assets/js/webpack-pro.runtime.min7ac2.js]
[henpresscare.com/new/wp-includes/js/dist/hooks.min4fdd.js]
[henpresscare.com/new/wp-includes/js/dist/i18n.minc33c.js]
[henpresscare.com/new/wp-content/plugins/elementor-pro/assets/js/frontend.min7ac2.js]
[henpresscare.com/new/wp-content/plugins/elementor-pro/assets/js/elements-handlers.min7ac2.js]
[henpresscare.com/new/wp-content/plugins/royal-elementor-addons/assets/js/frontend.minbf05.js]
[henpresscare.com/new/index.html]
[henpresscare.com/new/wp-content/uploads/elementor/css/custom-frontend.min2486.css]
[henpresscare.com/new/wp-content/plugins/royal-elementor-addons/assets/js/modal-popups.minbf05.js]
[henpresscare.com/new/wp-content/uploads/elementor/css/custom-widget-icon-list.min2486.css]
[henpresscare.com/new/wp-content/plugins/elementor/assets/css/widget-social-icons.min2801.css]
[henpresscare.com/new/wp-content/uploads/elementor/css/custom-apple-webkit.min2486.css]
[henpresscare.com/new/wp-content/uploads/2023/05/pic-17.jpg]
[henpresscare.com/new/wp-content/uploads/elementor/css/post-8711799.css]
[henpresscare.com/new/wp-content/uploads/elementor/css/post-31200f9.css]
[henpresscare.com/new/wp-content/plugins/elementor/assets/css/widget-heading.min2801.css]
[henpresscare.com/new/wp-content/plugins/elementor/assets/css/widget-divider.min2801.css]
[henpresscare.com/new/wp-content/uploads/elementor/css/post-315b037.css]
[henpresscare.com/new/wp-content/themes/royal-elementor-kit/style5152.css]
[henpresscare.com/new/wp-content/uploads/elementor/css/post-74013.css]
[henpresscare.com/new/wp-content/plugins/elementor/assets/css/widget-image.min2801.css]
[henpresscare.com/new/wp-content/plugins/elementor/assets/css/widget-counter.min2801.css]
[henpresscare.com/new/wp-content/uploads/elementor/css/custom-widget-image-box.min2486.css]
[henpresscare.com/new/wp-content/uploads/elementor/css/custom-widget-icon-box.min2486.css]
[henpresscare.com/new/wp-content/plugins/royal-elementor-addons/assets/css/lib/animations/wpr-animations.minbf05.css]
[henpresscare.com/new/wp-content/plugins/royal-elementor-addons/assets/css/lib/animations/wpr-link-animations.minbf05.css]
[henpresscare.com/new/wp-content/plugins/royal-elementor-addons/assets/css/lib/animations/loading-animations.minbf05.css]
[henpresscare.com/new/wp-content/plugins/royal-elementor-addons/assets/css/lib/animations/button-animations.minbf05.css]
[henpresscare.com/new/wp-content/plugins/royal-elementor-addons/assets/css/lib/animations/text-animations.minbf05.css]
[henpresscare.com/new/wp-content/plugins/royal-elementor-addons/assets/css/lib/lightgallery/fonts/lgd641.eot]
[henpresscare.com/new/wp-content/plugins/royal-elementor-addons/assets/css/lib/lightgallery/fonts/lgd41d.eot]
[henpresscare.com/new/wp-content/plugins/royal-elementor-addons/assets/css/lib/lightgallery/fonts/lgd641.woff]
[henpresscare.com/new/wp-content/plugins/royal-elementor-addons/assets/css/lib/lightgallery/fonts/lgd641.ttf]
[henpresscare.com/new/wp-content/plugins/royal-elementor-addons/assets/css/lib/lightgallery/fonts/lgd641.svg]
[henpresscare.com/new/wp-content/plugins/royal-elementor-addons/assets/css/lib/lightgallery/img/vimeo-play.png]
[henpresscare.com/new/wp-content/plugins/royal-elementor-addons/assets/css/lib/lightgallery/img/video-play.png]
[henpresscare.com/new/wp-content/plugins/royal-elementor-addons/assets/css/lib/lightgallery/img/youtube-play.png]
[henpresscare.com/new/wp-content/plugins/royal-elementor-addons/assets/css/lib/lightgallery/img/loading.gif]
[henpresscare.com/new/wp-content/plugins/royal-elementor-addons/assets/css/lib/lightgallery/lightgallery.minbf05.css]
[henpresscare.com/new/wp-content/plugins/royal-elementor-addons/assets/css/frontend.minbf05.css]
[henpresscare.com/new/wp-content/plugins/elementor/assets/lib/font-awesome/webfonts/fa-brands-400.eot]
[henpresscare.com/new/wp-content/plugins/elementor/assets/lib/font-awesome/webfonts/fa-brands-400.woff2]
[henpresscare.com/new/wp-content/plugins/elementor/assets/lib/font-awesome/webfonts/fa-brands-400.woff]
[henpresscare.com/new/wp-content/plugins/elementor/assets/lib/font-awesome/webfonts/fa-brands-400d41d.eot]
[henpresscare.com/new/wp-content/plugins/elementor/assets/lib/font-awesome/webfonts/fa-regular-400.eot]
[henpresscare.com/new/wp-content/plugins/elementor/assets/lib/font-awesome/webfonts/fa-regular-400d41d.eot]
[henpresscare.com/new/wp-content/plugins/elementor/assets/lib/font-awesome/webfonts/fa-regular-400.woff2]
[henpresscare.com/new/wp-content/plugins/elementor/assets/lib/font-awesome/webfonts/fa-brands-400.ttf]
[henpresscare.com/new/wp-content/plugins/elementor/assets/lib/font-awesome/webfonts/fa-regular-400.woff]
[henpresscare.com/new/wp-content/plugins/elementor/assets/lib/font-awesome/webfonts/fa-regular-400.ttf]
[henpresscare.com/new/wp-content/plugins/elementor/assets/lib/font-awesome/webfonts/fa-regular-400.svg]
[henpresscare.com/new/wp-content/plugins/elementor/assets/lib/font-awesome/webfonts/fa-brands-400.svg]
[henpresscare.com/new/wp-content/plugins/elementor/assets/lib/font-awesome/webfonts/fa-solid-900.woff2]
[henpresscare.com/new/wp-content/plugins/elementor/assets/lib/font-awesome/webfonts/fa-solid-900.woff]
[henpresscare.com/new/wp-content/plugins/elementor/assets/lib/font-awesome/webfonts/fa-solid-900.eot]
[henpresscare.com/new/wp-content/plugins/elementor/assets/lib/font-awesome/webfonts/fa-solid-900d41d.eot]
[henpresscare.com/new/wp-content/plugins/elementor/assets/lib/font-awesome/css/all.minbf05.css]
[henpresscare.com/new/wp-content/uploads/elementor/google-fonts/fonts/poppins-pxiayp8kv8jhgfvrjjlme0tdmpkzsq.woff2]
[henpresscare.com/new/wp-content/uploads/elementor/google-fonts/fonts/poppins-pxiayp8kv8jhgfvrjjlme0tmmpkzsq.woff2]
[henpresscare.com/new/wp-content/plugins/elementor/assets/lib/font-awesome/webfonts/fa-solid-900.ttf]
[henpresscare.com/new/wp-content/plugins/elementor/assets/lib/font-awesome/webfonts/fa-solid-900.svg]
[henpresscare.com/new/wp-content/uploads/elementor/google-fonts/fonts/poppins-pxiayp8kv8jhgfvrjjlme0tcmpi.woff2]
[henpresscare.com/new/wp-content/uploads/elementor/google-fonts/fonts/poppins-pxidyp8kv8jhgfvrjjlmv1pvfteoceg.woff2]
[henpresscare.com/new/wp-content/uploads/elementor/google-fonts/fonts/poppins-pxidyp8kv8jhgfvrjjlmv1pvgdeoceg.woff2]
[henpresscare.com/new/wp-content/uploads/elementor/google-fonts/fonts/poppins-pxidyp8kv8jhgfvrjjlmv1pvf9eo.woff2]
[henpresscare.com/new/wp-content/uploads/elementor/google-fonts/fonts/poppins-pxidyp8kv8jhgfvrjjlm21lvfteoceg.woff2]
[henpresscare.com/new/wp-content/uploads/elementor/google-fonts/fonts/poppins-pxidyp8kv8jhgfvrjjlm21lvgdeoceg.woff2]
[henpresscare.com/new/wp-content/uploads/elementor/google-fonts/fonts/poppins-pxidyp8kv8jhgfvrjjlm21lvf9eo.woff2]
[henpresscare.com/new/wp-content/uploads/elementor/google-fonts/fonts/poppins-pxigyp8kv8jhgfvrjjlucxtakpy.woff2]
[henpresscare.com/new/wp-content/uploads/elementor/google-fonts/fonts/poppins-pxigyp8kv8jhgfvrjjlufntakpy.woff2]
[henpresscare.com/new/wp-content/uploads/elementor/google-fonts/fonts/poppins-pxigyp8kv8jhgfvrjjluchta.woff2]
[henpresscare.com/new/wp-content/uploads/elementor/google-fonts/fonts/poppins-pxidyp8kv8jhgfvrjjlmg1hvfteoceg.woff2]
[henpresscare.com/new/wp-content/uploads/elementor/google-fonts/fonts/poppins-pxidyp8kv8jhgfvrjjlmg1hvgdeoceg.woff2]
[henpresscare.com/new/wp-content/uploads/elementor/google-fonts/fonts/poppins-pxidyp8kv8jhgfvrjjlmg1hvf9eo.woff2]
[henpresscare.com/new/wp-content/uploads/elementor/google-fonts/fonts/poppins-pxidyp8kv8jhgfvrjjlmr19vfteoceg.woff2]
[henpresscare.com/new/wp-content/uploads/elementor/google-fonts/fonts/poppins-pxidyp8kv8jhgfvrjjlmr19vgdeoceg.woff2]
[henpresscare.com/new/wp-content/uploads/elementor/google-fonts/fonts/poppins-pxidyp8kv8jhgfvrjjlmr19vf9eo.woff2]
[henpresscare.com/new/wp-content/uploads/elementor/google-fonts/fonts/poppins-pxidyp8kv8jhgfvrjjlmy15vfteoceg.woff2]
[henpresscare.com/new/wp-content/uploads/elementor/google-fonts/fonts/poppins-pxidyp8kv8jhgfvrjjlmy15vgdeoceg.woff2]
[henpresscare.com/new/wp-content/uploads/elementor/google-fonts/fonts/poppins-pxidyp8kv8jhgfvrjjlmy15vf9eo.woff2]
[henpresscare.com/new/wp-content/uploads/elementor/google-fonts/fonts/poppins-pxidyp8kv8jhgfvrjjlm111vfteoceg.woff2]
[henpresscare.com/new/wp-content/uploads/elementor/google-fonts/fonts/poppins-pxidyp8kv8jhgfvrjjlm111vgdeoceg.woff2]
[henpresscare.com/new/wp-content/uploads/elementor/google-fonts/fonts/poppins-pxidyp8kv8jhgfvrjjlm111vf9eo.woff2]
[henpresscare.com/new/wp-content/uploads/elementor/google-fonts/fonts/poppins-pxidyp8kv8jhgfvrjjlm81xvfteoceg.woff2]
[henpresscare.com/new/wp-content/uploads/elementor/google-fonts/fonts/poppins-pxidyp8kv8jhgfvrjjlm81xvgdeoceg.woff2]
[henpresscare.com/new/wp-content/uploads/elementor/google-fonts/fonts/poppins-pxidyp8kv8jhgfvrjjlm81xvf9eo.woff2]
[henpresscare.com/new/wp-content/uploads/elementor/google-fonts/fonts/poppins-pxigyp8kv8jhgfvrlptucxtakpy.woff2]
[henpresscare.com/new/wp-content/uploads/elementor/google-fonts/fonts/poppins-pxigyp8kv8jhgfvrlptufntakpy.woff2]
[henpresscare.com/new/wp-content/uploads/elementor/google-fonts/fonts/poppins-pxigyp8kv8jhgfvrlptuchta.woff2]
[henpresscare.com/new/wp-content/uploads/elementor/google-fonts/fonts/poppins-pxibyp8kv8jhgfvrlfj_z11lfc-k.woff2]
[henpresscare.com/new/wp-content/uploads/elementor/google-fonts/fonts/poppins-pxibyp8kv8jhgfvrlfj_z1jlfc-k.woff2]
[henpresscare.com/new/wp-content/uploads/elementor/google-fonts/fonts/poppins-pxibyp8kv8jhgfvrlfj_z1xlfq.woff2]
[henpresscare.com/new/wp-content/uploads/elementor/google-fonts/fonts/poppins-pxibyp8kv8jhgfvrldz8z11lfc-k.woff2]
[henpresscare.com/new/wp-content/uploads/elementor/google-fonts/fonts/poppins-pxibyp8kv8jhgfvrldz8z1jlfc-k.woff2]
[henpresscare.com/new/wp-content/uploads/elementor/google-fonts/fonts/poppins-pxibyp8kv8jhgfvrldz8z1xlfq.woff2]
[henpresscare.com/new/wp-content/uploads/elementor/google-fonts/fonts/poppins-pxieyp8kv8jhgfvrjjbecmne.woff2]
[henpresscare.com/new/wp-content/uploads/elementor/google-fonts/fonts/poppins-pxieyp8kv8jhgfvrjjnecmne.woff2]
[henpresscare.com/new/wp-content/uploads/elementor/google-fonts/fonts/poppins-pxieyp8kv8jhgfvrjjfecg.woff2]
[henpresscare.com/new/wp-content/uploads/elementor/google-fonts/fonts/poppins-pxibyp8kv8jhgfvrlgt9z11lfc-k.woff2]
[henpresscare.com/new/wp-content/uploads/elementor/google-fonts/fonts/poppins-pxibyp8kv8jhgfvrlgt9z1jlfc-k.woff2]
[henpresscare.com/new/wp-content/uploads/elementor/google-fonts/fonts/poppins-pxibyp8kv8jhgfvrlgt9z1xlfq.woff2]
[henpresscare.com/new/wp-content/uploads/elementor/google-fonts/fonts/poppins-pxibyp8kv8jhgfvrlej6z11lfc-k.woff2]
[henpresscare.com/new/wp-content/uploads/elementor/google-fonts/fonts/poppins-pxibyp8kv8jhgfvrlej6z1jlfc-k.woff2]
[henpresscare.com/new/wp-content/uploads/elementor/google-fonts/fonts/poppins-pxibyp8kv8jhgfvrlej6z1xlfq.woff2]
[henpresscare.com/new/wp-content/uploads/elementor/google-fonts/fonts/poppins-pxibyp8kv8jhgfvrlcz7z11lfc-k.woff2]
[henpresscare.com/new/wp-content/uploads/elementor/google-fonts/fonts/poppins-pxibyp8kv8jhgfvrlcz7z1jlfc-k.woff2]
[henpresscare.com/new/wp-content/uploads/elementor/google-fonts/fonts/poppins-pxibyp8kv8jhgfvrlcz7z1xlfq.woff2]
[henpresscare.com/new/wp-content/uploads/elementor/google-fonts/fonts/poppins-pxibyp8kv8jhgfvrldd4z11lfc-k.woff2]
[henpresscare.com/new/wp-content/uploads/elementor/google-fonts/fonts/poppins-pxibyp8kv8jhgfvrldd4z1jlfc-k.woff2]
[henpresscare.com/new/wp-content/uploads/elementor/google-fonts/fonts/poppins-pxibyp8kv8jhgfvrldd4z1xlfq.woff2]
[henpresscare.com/new/wp-content/uploads/elementor/google-fonts/fonts/poppins-pxibyp8kv8jhgfvrlbt5z11lfc-k.woff2]
[henpresscare.com/new/wp-content/uploads/elementor/google-fonts/fonts/poppins-pxibyp8kv8jhgfvrlbt5z1jlfc-k.woff2]
[henpresscare.com/new/wp-content/uploads/elementor/google-fonts/fonts/poppins-pxibyp8kv8jhgfvrlbt5z1xlfq.woff2]
[henpresscare.com/new/wp-content/uploads/elementor/google-fonts/css/poppins9cf9.css]
[henpresscare.com/new/wp-content/uploads/elementor/google-fonts/fonts/montserrat-jtuqjig1_i6t8kchkm459wxrxc7mw9c.woff2]
[henpresscare.com/new/wp-content/uploads/elementor/google-fonts/fonts/montserrat-jtuqjig1_i6t8kchkm459wxrzs7mw9c.woff2]
[henpresscare.com/new/wp-content/uploads/elementor/google-fonts/fonts/montserrat-jtuqjig1_i6t8kchkm459wxrxi7mw9c.woff2]
[henpresscare.com/new/wp-content/uploads/elementor/google-fonts/fonts/montserrat-jtuqjig1_i6t8kchkm459wxrxy7mw9c.woff2]
[henpresscare.com/new/wp-content/uploads/elementor/google-fonts/fonts/montserrat-jtuqjig1_i6t8kchkm459wxrys7m.woff2]
[henpresscare.com/new/wp-content/uploads/elementor/google-fonts/fonts/montserrat-jtusjig1_i6t8kchkm459wrhyzbi.woff2]
[henpresscare.com/new/wp-content/uploads/elementor/google-fonts/fonts/montserrat-jtusjig1_i6t8kchkm459w1hyzbi.woff2]
[henpresscare.com/new/wp-content/uploads/elementor/google-fonts/fonts/montserrat-jtusjig1_i6t8kchkm459wzhyzbi.woff2]
[henpresscare.com/new/wp-content/uploads/elementor/google-fonts/fonts/montserrat-jtusjig1_i6t8kchkm459wdhyzbi.woff2]
[henpresscare.com/new/wp-content/uploads/elementor/google-fonts/fonts/montserrat-jtusjig1_i6t8kchkm459wlhyw.woff2]
[henpresscare.com/new/wp-content/uploads/elementor/google-fonts/css/montserrat2596.css]
[henpresscare.com/new/wp-content/uploads/elementor/google-fonts/fonts/roboto-kfo5cnqeu92fr1mu53zec9_vu3r1gihoszmkc3kawzu.woff2]
[henpresscare.com/new/wp-content/uploads/elementor/google-fonts/fonts/roboto-kfo5cnqeu92fr1mu53zec9_vu3r1gihoszmkankawzu.woff2]
[henpresscare.com/new/wp-content/uploads/elementor/google-fonts/fonts/roboto-kfo5cnqeu92fr1mu53zec9_vu3r1gihoszmkcnkawzu.woff2]
[henpresscare.com/new/wp-content/uploads/elementor/google-fonts/fonts/roboto-kfo5cnqeu92fr1mu53zec9_vu3r1gihoszmkbxkawzu.woff2]
[henpresscare.com/new/wp-content/uploads/elementor/google-fonts/fonts/roboto-kfo5cnqeu92fr1mu53zec9_vu3r1gihoszmkenkawzu.woff2]
[henpresscare.com/new/wp-content/uploads/elementor/google-fonts/fonts/roboto-kfo5cnqeu92fr1mu53zec9_vu3r1gihoszmkahkawzu.woff2]
[henpresscare.com/new/wp-content/uploads/elementor/google-fonts/fonts/roboto-kfo5cnqeu92fr1mu53zec9_vu3r1gihoszmkcxkawzu.woff2]
[henpresscare.com/new/wp-content/uploads/elementor/google-fonts/fonts/roboto-kfo5cnqeu92fr1mu53zec9_vu3r1gihoszmkchkawzu.woff2]
[henpresscare.com/new/wp-content/uploads/elementor/google-fonts/fonts/roboto-kfo5cnqeu92fr1mu53zec9_vu3r1gihoszmkbnka.woff2]
[henpresscare.com/new/wp-content/uploads/elementor/google-fonts/fonts/roboto-kfo7cnqeu92fr1me7ksn66agldtyluama3gubgee.woff2]
[henpresscare.com/new/wp-content/uploads/elementor/google-fonts/fonts/roboto-kfo7cnqeu92fr1me7ksn66agldtyluama3iubgee.woff2]
[henpresscare.com/new/wp-content/uploads/elementor/google-fonts/fonts/roboto-kfo7cnqeu92fr1me7ksn66agldtyluama3cubgee.woff2]
[henpresscare.com/new/wp-content/uploads/elementor/google-fonts/fonts/roboto-kfo7cnqeu92fr1me7ksn66agldtyluama3-ubgee.woff2]
[henpresscare.com/new/wp-content/uploads/elementor/google-fonts/fonts/roboto-kfo7cnqeu92fr1me7ksn66agldtyluamawcubgee.woff2]
[henpresscare.com/new/wp-content/uploads/elementor/google-fonts/fonts/roboto-kfo7cnqeu92fr1me7ksn66agldtyluamaxkubgee.woff2]
[henpresscare.com/new/wp-content/uploads/elementor/google-fonts/fonts/roboto-kfo7cnqeu92fr1me7ksn66agldtyluama3oubgee.woff2]
[henpresscare.com/new/wp-content/uploads/elementor/google-fonts/fonts/roboto-kfo7cnqeu92fr1me7ksn66agldtyluama3kubgee.woff2]
[henpresscare.com/new/wp-content/uploads/elementor/google-fonts/fonts/roboto-kfo7cnqeu92fr1me7ksn66agldtyluama3yuba.woff2]
[henpresscare.com/new/wp-content/uploads/elementor/google-fonts/css/roboto158c.css]
[henpresscare.com/new/wp-content/uploads/elementor/google-fonts/fonts/robotoslab-bngmuxzytxpivibgjjsb6ufa5qw54a.woff2]
[henpresscare.com/new/wp-content/uploads/elementor/google-fonts/fonts/robotoslab-bngmuxzytxpivibgjjsb6ufj5qw54a.woff2]
[henpresscare.com/new/wp-content/uploads/elementor/google-fonts/fonts/robotoslab-bngmuxzytxpivibgjjsb6ufb5qw54a.woff2]
[henpresscare.com/new/wp-content/uploads/elementor/google-fonts/fonts/robotoslab-bngmuxzytxpivibgjjsb6ufo5qw54a.woff2]
[henpresscare.com/new/wp-content/uploads/elementor/google-fonts/fonts/robotoslab-bngmuxzytxpivibgjjsb6ufc5qw54a.woff2]
[henpresscare.com/new/wp-content/uploads/elementor/google-fonts/fonts/robotoslab-bngmuxzytxpivibgjjsb6ufd5qw54a.woff2]
[henpresscare.com/new/wp-content/uploads/elementor/google-fonts/fonts/robotoslab-bngmuxzytxpivibgjjsb6ufn5qu.woff2]
[henpresscare.com/new/wp-content/uploads/elementor/google-fonts/css/robotoslab0570.css]
[henpresscare.com/new/xmlrpc0db0.html]
[henpresscare.com/new/wp-content/uploads/elementor/css/post-8724936.css]
[henpresscare.com/new/wp-content/uploads/elementor/css/post-5158bc3.css]
[henpresscare.com/new/wp-content/plugins/elementor/assets/css/conditionals/shapes.min2801.css]
[henpresscare.com/new/wp-content/plugins/elementor/assets/lib/swiper/v8/css/swiper.min94a4.css]
[henpresscare.com/new/wp-content/plugins/elementor/assets/css/conditionals/e-swiper.min2801.css]
[henpresscare.com/new/wp-content/plugins/royal-elementor-addons/assets/css/lib/aos/aos.min0899.css]
[henpresscare.com/new/wp-json/wp/v2/pages/872.json]
[henpresscare.com/new/wp-json/oembed/1.0/embed47fd.json]
[henpresscare.com/new/wp-json/oembed/1.0/embedb143]
[henpresscare.com/new/wp-content/uploads/2023/05/Team-1.jpg]
[henpresscare.com/new/wp-content/uploads/2023/05/Team-3.jpg]
[henpresscare.com/new/wp-content/uploads/2023/05/Team-2.jpg]
[henpresscare.com/new/wp-content/plugins/elementor/assets/lib/swiper/v8/swiper.min94a4.js]
[henpresscare.com/new/wp-content/plugins/royal-elementor-addons/assets/js/lib/aos/aos.min.js]
[henpresscare.com/new/wp-content/plugins/royal-elementor-addons/assets/js/lib/infinite-scroll/infinite-scroll.min8d18.js]
[henpresscare.com/new/about/index.html]
[henpresscare.com/new/wp-content/uploads/elementor/css/post-856f3.css]
[henpresscare.com/new/wp-json/wp/v2/pages/8.json]
[henpresscare.com/new/wp-json/oembed/1.0/embed8d4e.json]
[henpresscare.com/new/wp-json/oembed/1.0/embed9c6b]
[henpresscare.com/new/wp-content/uploads/2023/05/pic-24.jpg]
[henpresscare.com/new/wp-content/plugins/elementor/assets/images/placeholder.png]
[henpresscare.com/new/wp-content/uploads/2023/05/pic-23.jpg]
[henpresscare.com/new/wp-content/uploads/2023/05/pic-22.jpg]
[henpresscare.com/new/wp-content/uploads/2023/05/pic-27.jpg]
[henpresscare.com/new/wp-content/uploads/2023/05/pic-29.jpg]
[henpresscare.com/new/wp-content/uploads/2023/05/pic-28.jpg]
[henpresscare.com/new/wp-content/uploads/2023/05/pic-33.jpg]
[henpresscare.com/new/wp-content/uploads/2023/05/pic-25-1024x675.jpg]
[henpresscare.com/new/services/index.html]
[henpresscare.com/new/wp-content/uploads/elementor/css/post-9729e.css]
[henpresscare.com/new/wp-content/plugins/elementor/assets/css/widget-spacer.min2801.css]
[henpresscare.com/new/wp-json/wp/v2/pages/9.json]
[henpresscare.com/new/wp-json/oembed/1.0/embedfb81.json]
[henpresscare.com/new/wp-json/oembed/1.0/embed370e]
[henpresscare.com/new/wp-content/uploads/2023/05/pic-19.png]
[henpresscare.com/new/wp-content/uploads/2023/05/pic-20.png]
[henpresscare.com/new/wp-content/uploads/2023/05/pic-21.png]
[henpresscare.com/new/wp-content/uploads/2023/05/pic-32.jpg]
[henpresscare.com/new/appointment/index.html]
[henpresscare.com/new/wp-includes/css/dist/block-library/style.min0899.css]
[henpresscare.com/new/wp-content/uploads/elementor/css/post-1601c72.css]
[henpresscare.com/new/wp-content/uploads/elementor/css/post-3332fff.css]
[henpresscare.com/new/wp-content/uploads/2023/05/Post-1.jpg]
[henpresscare.com/new/wp-content/uploads/2023/05/Post-4.jpg]
[henpresscare.com/new/wp-content/uploads/2023/05/Post-3.jpg]
[henpresscare.com/new/blog-home-care-v1/index.html]
[henpresscare.com/new/enhancing-quality-of-life-how-our-care-home-promotes-well-being-for-seniors/index.html]
[henpresscare.com/new/providing-compassionate-care-understanding-the-needs-of-elderly-residents/index.html]
[henpresscare.com/new/category/activities/index.html]
[henpresscare.com/new/creating-a-safe-and-supportive-environment-our-commitment-to-elderly-care/index.html]
[henpresscare.com/new/wp-content/uploads/elementor/css/post-11b955.css]
[henpresscare.com/new/wp-json/wp/v2/pages/11.json]
[henpresscare.com/new/category/nursing/index.html]
[henpresscare.com/new/category/health/index.html]
[henpresscare.com/new/category/events/index.html]
[henpresscare.com/new/wp-json/oembed/1.0/embede856.json]
[henpresscare.com/new/wp-json/oembed/1.0/embed4d85]
[henpresscare.com/new/wp-content/plugins/royal-elementor-addons/assets/js/lib/gmap/markerclusterer.min4bf4.js]
[henpresscare.com/new/contact/index.html]
[henpresscare.com/new/wp-content/uploads/elementor/css/post-11521cad.css]
[henpresscare.com/new/ensuring-peace-of-mind-the-safety-measures-in-place-at-our-care-home/feed/index.html]
[henpresscare.com/new/wp-json/wp/v2/posts/160.json]
[henpresscare.com/new/wp-json/oembed/1.0/embed4547.json]
[henpresscare.com/new/wp-json/oembed/1.0/embedc900]
[henpresscare.com/new/wp-content/uploads/2023/05/pic-10.jpg]
[henpresscare.com/new/ensuring-peace-of-mind-the-safety-measures-in-place-at-our-care-home/index.html]
[henpresscare.com/new/wp-includes/js/comment-reply.min0899.js]
[henpresscare.com/new/wp-content/uploads/elementor/css/post-1591cad.css]
[henpresscare.com/new/celebrating-lifes-journey-enriching-activities-for-seniors-in-our-care-home/feed/index.html]
[henpresscare.com/new/wp-json/wp/v2/posts/159.json]
[henpresscare.com/new/wp-json/oembed/1.0/embedb511.json]
[henpresscare.com/new/celebrating-lifes-journey-enriching-activities-for-seniors-in-our-care-home/index.html]
[henpresscare.com/new/wp-json/oembed/1.0/embedbb98]
[henpresscare.com/new/wp-content/uploads/elementor/css/post-15898f6.css]
[henpresscare.com/new/a-home-away-from-home-our-care-homes-warm-and-welcoming-atmosphere/feed/index.html]
[henpresscare.com/new/wp-json/wp/v2/posts/158.json]
[henpresscare.com/new/wp-json/oembed/1.0/embedd979.json]
[henpresscare.com/new/a-home-away-from-home-our-care-homes-warm-and-welcoming-atmosphere/index.html]
[henpresscare.com/new/page/2/index.html]
[henpresscare.com/new/wp-content/uploads/elementor/css/post-89765ef.css]
[henpresscare.com/new/wp-content/plugins/royal-elementor-addons/assets/css/lib/lightgallery/fonts/lgd641.svg]
[henpresscare.com/new/wp-content/plugins/royal-elementor-addons/assets/css/lib/lightgallery/img/vimeo-play.html]
[henpresscare.com/new/wp-content/plugins/royal-elementor-addons/assets/css/lib/lightgallery/img/video-play.html]
[henpresscare.com/new/wp-content/plugins/royal-elementor-addons/assets/css/lib/lightgallery/img/youtube-play.html]
[henpresscare.com/new/wp-json/oembed/1.0/embed0605]
[henpresscare.com/new/wp-content/plugins/elementor/assets/lib/font-awesome/webfonts/fa-brands-400.svg]
[henpresscare.com/new/wp-content/plugins/elementor/assets/lib/font-awesome/webfonts/fa-regular-400.svg]
[henpresscare.com/new/wp-content/plugins/elementor/assets/lib/font-awesome/webfonts/fa-solid-900.svg]
[henpresscare.com/new/2/index.html]
[henpresscare.com/new/page/3/index.html]
[henpresscare.com/new/wp-content/uploads/2023/05/pic-9.jpg]
[henpresscare.com/new/wp-content/uploads/2023/05/pic-11.jpg]
[henpresscare.com/new/wp-content/uploads/2023/05/pic-31.jpg]
[henpresscare.com/new/wp-content/uploads/elementor/css/post-8724936.css]
[henpresscare.com/new/wp-content/uploads/elementor/css/post-5158bc3.css]
[henpresscare.com/new/wp-content/plugins/elementor/assets/css/conditionals/shapes.min2801.css]
[henpresscare.com/new/wp-content/plugins/elementor/assets/lib/swiper/v8/css/swiper.min94a4.css]
[henpresscare.com/new/wp-content/plugins/elementor/assets/css/conditionals/e-swiper.min2801.css]
[henpresscare.com/new/wp-content/plugins/royal-elementor-addons/assets/css/lib/aos/aos.min0899.css]
[henpresscare.com/new/index6239.html]
[henpresscare.com/new/wp-content/uploads/elementor/css/post-856f3.css]
[henpresscare.com/new/index2df4.html]
[henpresscare.com/new/wp-content/uploads/elementor/css/post-9729e.css]
[henpresscare.com/new/wp-content/plugins/elementor/assets/css/widget-spacer.min2801.css]
[henpresscare.com/new/indexb5fb.html]
[henpresscare.com/new/wp-includes/css/dist/block-library/style.min0899.css]
[henpresscare.com/new/wp-content/uploads/elementor/css/post-1601c72.css]
[henpresscare.com/new/wp-content/uploads/elementor/css/post-3332fff.css]
[henpresscare.com/new/wp-content/uploads/elementor/css/post-15798f6.css]
[henpresscare.com/new/providing-compassionate-care-understanding-the-needs-of-elderly-residents/feed/index.html]
[henpresscare.com/new/wp-json/wp/v2/posts/157.json]
[henpresscare.com/new/wp-json/oembed/1.0/embed7a26.json]
[henpresscare.com/new/wp-json/oembed/1.0/embed64dc]
[henpresscare.com/new/providing-compassionate-care-understanding-the-needs-of-elderly-residents/index.html]
[henpresscare.com/new/wp-content/uploads/elementor/css/post-15698f6.css]
[henpresscare.com/new/enhancing-quality-of-life-how-our-care-home-promotes-well-being-for-seniors/feed/index.html]
[henpresscare.com/new/wp-json/wp/v2/posts/156.json]
[henpresscare.com/new/wp-json/oembed/1.0/embed25c3.json]
[henpresscare.com/new/wp-json/oembed/1.0/embed35af]
[henpresscare.com/new/enhancing-quality-of-life-how-our-care-home-promotes-well-being-for-seniors/index.html]
[henpresscare.com/new/wp-content/uploads/elementor/css/post-15598f6.css]
[henpresscare.com/new/creating-a-safe-and-supportive-environment-our-commitment-to-elderly-care/feed/index.html]
[henpresscare.com/new/wp-json/wp/v2/posts/155.json]
[henpresscare.com/new/wp-json/oembed/1.0/embed2c7f.json]
[henpresscare.com/new/wp-json/oembed/1.0/embed2bcf]
[henpresscare.com/new/creating-a-safe-and-supportive-environment-our-commitment-to-elderly-care/index.html]
[henpresscare.com/new/wp-content/uploads/elementor/css/post-3370ac0.css]
[henpresscare.com/new/category/activities/feed/index.html]
[henpresscare.com/new/wp-json/wp/v2/categories/3.json]
[henpresscare.com/new/category/activities/index.html]
[henpresscare.com/new/wp-json/wp/v2/categories/4.json]
[henpresscare.com/new/category/events/index.html]
[henpresscare.com/new/category/events/feed/index.html]
[henpresscare.com/new/wp-json/wp/v2/categories/5.json]
[henpresscare.com/new/category/health/index.html]
[henpresscare.com/new/category/health/feed/index.html]
[henpresscare.com/new/wp-json/wp/v2/categories/6.json]
[henpresscare.com/new/category/nursing/index.html]
[henpresscare.com/new/wp-content/uploads/elementor/css/post-11b955.css]
[henpresscare.com/new/index5757.html]
[henpresscare.com/new/wp-content/uploads/elementor/css/post-11521cad.css]
[henpresscare.com/new/index9c2b.html]
[henpresscare.com/new/wp-content/uploads/elementor/css/post-1591cad.css]
[henpresscare.com/new/indexb950.html]
[henpresscare.com/new/wp-content/uploads/elementor/css/post-15898f6.css]
[henpresscare.com/new/index8af0.html]
[henpresscare.com/new/2/index.html]
[henpresscare.com/new/page/3/index.html]
[henpresscare.com/new/wp-content/uploads/elementor/css/post-15798f6.css]
[henpresscare.com/new/index5791.html]
[henpresscare.com/new/wp-content/uploads/elementor/css/post-15698f6.css]
[henpresscare.com/new/indexd1a7.html]
[henpresscare.com/new/wp-content/uploads/elementor/css/post-15598f6.css]
[henpresscare.com/new/index43b2.html]
[henpresscare.com/new/wp-content/uploads/elementor/css/post-3370ac0.css]
[henpresscare.com/new/category/nursing/feed/index.html]
[henpresscare.com/new/3/index.html]
[henpresscare.com/new/3/index.html]
