[olami.com.ng/blogg/index.html]
[backblue.gif]
[fade.gif]
[index.html]
[olami.com.ng/blogg/wp-content/litespeed/css/5239ba3e6f48116acec8a05608902fcfec47.css]
[olami.com.ng/blogg/wp-json/wp/v2/pages/169.json]
[olami.com.ng/blogg/feed/index.html]
[olami.com.ng/blogg/comments/feed/index.html]
[olami.com.ng/blogg/wp-json/index.html]
[olami.com.ng/blogg/wp-json/oembed/1.0/embed8c32.json]
[olami.com.ng/blogg/wp-json/oembed/1.0/embedb83c]
[olami.com.ng/blogg/wp-content/uploads/2025/04/photo_2024-12-10_10-08-29-150x150.jpg]
[olami.com.ng/blogg/wp-content/uploads/2025/04/photo_2024-12-10_10-08-29-300x300.jpg]
[olami.com.ng/blogg/wp-content/uploads/2025/04/photo_2025-04-21_21-35-55-removebg-preview-e1745268128805.png]
[olami.com.ng/blogg/wp-content/uploads/2020/03/blog-celeb-03.jpg]
[olami.com.ng/blogg/wp-content/uploads/2020/03/blog-celeb-04.jpg]
[olami.com.ng/blogg/wp-content/uploads/2020/03/blog-celeb-05.jpg]
[olami.com.ng/blogg/fashion/index.html]
[olami.com.ng/blogg/contact/index.html]
[olami.com.ng/blogg/wp-content/uploads/2020/03/blog-celeb-02.jpg]
[olami.com.ng/blogg/about/index.html]
[olami.com.ng/blogg/wp-content/uploads/2020/03/blog-celeb-06.jpg]
[olami.com.ng/blogg/millie-bobby-brown-is-dropping-a-jewelry-collection-22/index.html]
[olami.com.ng/blogg/millie-bobby-brown-is-dropping-a-jewelry-collection-20/index.html]
[olami.com.ng/blogg/millie-bobby-brown-is-dropping-a-jewelry-collection-21/index.html]
[olami.com.ng/blogg/millie-bobby-brown-is-dropping-a-jewelry-collection-18/index.html]
[olami.com.ng/blogg/wp-content/uploads/2020/03/blog-celeb-08.jpg]
[olami.com.ng/blogg/millie-bobby-brown-is-dropping-a-jewelry-collection-19/index.html]
[olami.com.ng/blogg/wp-content/uploads/2020/03/blog-style-01.jpg]
[olami.com.ng/blogg/category/celebrity/index.html]
[olami.com.ng/blogg/millie-bobby-brown-is-dropping-a-jewelry-collection-17/index.html]
[olami.com.ng/blogg/2020/03/30/index.html]
[olami.com.ng/blogg/wp-content/uploads/2020/03/blog-style-06.jpg]
[olami.com.ng/blogg/wp-content/uploads/2020/03/blog-style-05.jpg]
[olami.com.ng/blogg/category/style/index.html]
[olami.com.ng/blogg/millie-bobby-brown-is-dropping-a-jewelry-collection-16/index.html]
[olami.com.ng/blogg/millie-bobby-brown-is-dropping-a-jewelry-collection-15/index.html]
[olami.com.ng/blogg/wp-content/uploads/2020/03/blog-style-04.jpg]
[olami.com.ng/blogg/millie-bobby-brown-is-dropping-a-jewelry-collection-14/index.html]
[olami.com.ng/blogg/millie-bobby-brown-is-dropping-a-jewelry-collection-13/index.html]
[olami.com.ng/blogg/wp-content/plugins/litespeed-cache/guest.vary.html]
[olami.com.ng/blogg/index.html]
[olami.com.ng/blogg/404-2/index.html]
[olami.com.ng/blogg/wp-content/themes/jupiterx/lib/assets/fonts/jupiterx.eot]
[olami.com.ng/blogg/wp-content/plugins/elementor/assets/lib/font-awesome/fonts/fontawesome-webfont3e6e.woff2]
[olami.com.ng/blogg/wp-content/plugins/elementor/assets/lib/font-awesome/fonts/fontawesome-webfont3e6e.eot]
[olami.com.ng/blogg/wp-content/plugins/elementor/assets/lib/font-awesome/fonts/fontawesome-webfontd41d.eot]
[olami.com.ng/blogg/wp-content/plugins/elementor/assets/lib/font-awesome/fonts/fontawesome-webfont3e6e.woff]
[olami.com.ng/blogg/wp-content/plugins/elementor/assets/lib/font-awesome/fonts/fontawesome-webfont3e6e.ttf]
[olami.com.ng/blogg/wp-content/plugins/jupiterx-core/includes/extensions/raven/assets/lib/video-mejs/svg/jumpforward.svg]
[olami.com.ng/blogg/wp-content/plugins/elementor/assets/lib/font-awesome/fonts/fontawesome-webfont3e6e.svg]
[olami.com.ng/blogg/wp-content/plugins/jupiterx-core/includes/extensions/raven/assets/lib/video-mejs/svg/skipback.svg]
[olami.com.ng/blogg/wp-content/plugins/jupiterx-core/includes/extensions/raven/assets/img/iti-tel-input/flags.png]
[olami.com.ng/blogg/wp-content/plugins/jupiterx-core/includes/extensions/raven/assets/img/iti-tel-input/flags@2x.png]
[olami.com.ng/blogg/wp-includes/fonts/dashicons7d4b.eot]
[olami.com.ng/blogg/wp-includes/fonts/dashicons7d4b.ttf]
[olami.com.ng/blogg/wp-content/uploads/2020/03/category-01.png]
[olami.com.ng/blogg/wp-content/plugins/elementor/assets/lib/font-awesome/webfonts/fa-brands-400.eot]
[olami.com.ng/blogg/wp-content/plugins/elementor/assets/lib/font-awesome/webfonts/fa-brands-400.woff2]
[olami.com.ng/blogg/wp-content/plugins/elementor/assets/lib/font-awesome/webfonts/fa-brands-400d41d.eot]
[olami.com.ng/blogg/wp-content/plugins/elementor/assets/lib/font-awesome/webfonts/fa-brands-400.woff]
[olami.com.ng/blogg/wp-content/plugins/elementor/assets/lib/font-awesome/webfonts/fa-brands-400.ttf]
[olami.com.ng/blogg/wp-content/plugins/elementor/assets/lib/font-awesome/webfonts/fa-regular-400.eot]
[olami.com.ng/blogg/wp-content/plugins/elementor/assets/lib/font-awesome/webfonts/fa-regular-400d41d.eot]
[olami.com.ng/blogg/wp-content/plugins/elementor/assets/lib/font-awesome/webfonts/fa-regular-400.woff2]
[olami.com.ng/blogg/wp-content/plugins/elementor/assets/lib/font-awesome/webfonts/fa-brands-400.svg]
[olami.com.ng/blogg/wp-content/plugins/elementor/assets/lib/font-awesome/webfonts/fa-regular-400.woff]
[olami.com.ng/blogg/wp-content/plugins/elementor/assets/lib/font-awesome/webfonts/fa-regular-400.ttf]
[olami.com.ng/blogg/wp-content/plugins/elementor/assets/lib/font-awesome/webfonts/fa-regular-400.svg]
[olami.com.ng/blogg/wp-content/plugins/elementor/assets/lib/font-awesome/webfonts/fa-solid-900.eot]
[olami.com.ng/blogg/wp-content/plugins/elementor/assets/lib/font-awesome/webfonts/fa-solid-900d41d.eot]
[olami.com.ng/blogg/wp-content/plugins/elementor/assets/lib/font-awesome/webfonts/fa-solid-900.woff2]
[olami.com.ng/blogg/wp-content/plugins/elementor/assets/lib/font-awesome/webfonts/fa-solid-900.woff]
[olami.com.ng/blogg/wp-content/plugins/elementor/assets/lib/font-awesome/webfonts/fa-solid-900.ttf]
[olami.com.ng/blogg/wp-content/uploads/elementor/google-fonts/fonts/ebgaramond-slgwmqsnjdsmc35jdf1k5grwedy1zzpj.woff2]
[olami.com.ng/blogg/wp-content/litespeed/css/5239ba3e6f48116acec8a05608902fcfec47.css]
[olami.com.ng/blogg/xmlrpc0db0.html]
[olami.com.ng/blogg/wp-content/plugins/elementor/assets/lib/font-awesome/webfonts/fa-solid-900.svg]
[olami.com.ng/blogg/wp-content/litespeed/css/c2fc434f65090727580a5bb9a1f87f27ec47.css]
[olami.com.ng/blogg/wp-json/wp/v2/pages/340.json]
[olami.com.ng/blogg/wp-json/oembed/1.0/embedf7df.json]
[olami.com.ng/blogg/wp-json/oembed/1.0/embed0c77]
[olami.com.ng/blogg/wp-content/uploads/2020/03/blog-fashion-10.jpg]
[olami.com.ng/blogg/millie-bobby-brown-is-dropping-a-jewelry-collection-10/index.html]
[olami.com.ng/blogg/category/fashion/index.html]
[olami.com.ng/blogg/wp-content/uploads/2020/03/blog-fashion-05.jpg]
[olami.com.ng/blogg/millie-bobby-brown-is-dropping-a-jewelry-collection-9/index.html]
[olami.com.ng/blogg/wp-content/uploads/2020/03/blog-fashion-04.jpg]
[olami.com.ng/blogg/millie-bobby-brown-is-dropping-a-jewelry-collection-8/index.html]
[olami.com.ng/blogg/wp-content/uploads/2020/03/blog-fashion-03.jpg]
[olami.com.ng/blogg/wp-content/uploads/2020/03/blog-fashion-02.jpg]
[olami.com.ng/blogg/millie-bobby-brown-is-dropping-a-jewelry-collection-7/index.html]
[olami.com.ng/blogg/wp-content/uploads/2020/03/blog-fashion-01.jpg]
[olami.com.ng/blogg/millie-bobby-brown-is-dropping-a-jewelry-collection-6/index.html]
[olami.com.ng/blogg/wp-content/uploads/2020/03/blog-fashion-07.jpg]
[olami.com.ng/blogg/millie-bobby-brown-is-dropping-a-jewelry-collection-5/index.html]
[olami.com.ng/blogg/wp-content/uploads/2020/03/blog-fashion-08.jpg]
[olami.com.ng/blogg/millie-bobby-brown-is-dropping-a-jewelry-collection-4/index.html]
[olami.com.ng/blogg/2020/03/29/index.html]
[olami.com.ng/blogg/wp-content/uploads/2020/03/blog-fashion-09.jpg]
[olami.com.ng/blogg/millie-bobby-brown-is-dropping-a-jewelry-collection-3/index.html]
[olami.com.ng/blogg/wp-content/uploads/2020/03/blog-fashion-06.jpg]
[olami.com.ng/blogg/fashion/index.html]
[olami.com.ng/blogg/millie-bobby-brown-is-dropping-a-jewelry-collection-2/index.html]
[olami.com.ng/blogg/millie-bobby-brown-is-dropping-a-jewelry-collection/index.html]
[olami.com.ng/blogg/2020/03/28/index.html]
[olami.com.ng/blogg/wp-json/wp/v2/pages/28.json]
[olami.com.ng/blogg/wp-json/oembed/1.0/embed8c25.json]
[olami.com.ng/blogg/wp-json/oembed/1.0/embed5fe8]
[olami.com.ng/blogg/contact/index.html]
[olami.com.ng/blogg/wp-content/litespeed/css/9bcec36dfef696cf6ea91de4230bb7beec47.css]
[olami.com.ng/blogg/wp-json/wp/v2/pages/48.json]
[olami.com.ng/blogg/wp-content/litespeed/css/f7a28f347b0163d1ba66a251201d9dbeec47.css]
[olami.com.ng/blogg/wp-json/oembed/1.0/embed582a.json]
[olami.com.ng/blogg/wp-json/oembed/1.0/embed09c5]
[olami.com.ng/blogg/about/index.html]
[olami.com.ng/blogg/wp-json/wp/v2/posts/262.json]
[olami.com.ng/blogg/millie-bobby-brown-is-dropping-a-jewelry-collection-22/feed/index.html]
[olami.com.ng/blogg/wp-json/oembed/1.0/embed5a56.json]
[olami.com.ng/blogg/wp-content/litespeed/css/954e39299ae0f22355e0923f10b10eedec47.css]
[olami.com.ng/blogg/wp-json/oembed/1.0/embed9b29]
[olami.com.ng/blogg/millie-bobby-brown-is-dropping-a-jewelry-collection-22/index.html]
[olami.com.ng/blogg/wp-json/wp/v2/posts/263.json]
[olami.com.ng/blogg/author/olami/index.html]
[olami.com.ng/blogg/tag/fashion/index.html]
[olami.com.ng/blogg/tag/model/index.html]
[olami.com.ng/blogg/tag/new-trends/index.html]
[olami.com.ng/blogg/tag/style/index.html]
[olami.com.ng/blogg/millie-bobby-brown-is-dropping-a-jewelry-collection-21/feed/index.html]
[olami.com.ng/blogg/wp-json/oembed/1.0/embed96cd.json]
[olami.com.ng/blogg/millie-bobby-brown-is-dropping-a-jewelry-collection-21/index.html]
[olami.com.ng/blogg/wp-json/oembed/1.0/embed3f15]
[olami.com.ng/blogg/wp-json/wp/v2/posts/264.json]
[olami.com.ng/blogg/millie-bobby-brown-is-dropping-a-jewelry-collection-20/feed/index.html]
[olami.com.ng/blogg/wp-json/oembed/1.0/embed6174.json]
[olami.com.ng/blogg/wp-json/oembed/1.0/embedf227]
[olami.com.ng/blogg/millie-bobby-brown-is-dropping-a-jewelry-collection-20/index.html]
[olami.com.ng/blogg/wp-json/wp/v2/posts/265.json]
[olami.com.ng/blogg/millie-bobby-brown-is-dropping-a-jewelry-collection-19/feed/index.html]
[olami.com.ng/blogg/wp-json/oembed/1.0/embed74e0.json]
[olami.com.ng/blogg/millie-bobby-brown-is-dropping-a-jewelry-collection-19/index.html]
[olami.com.ng/blogg/wp-json/oembed/1.0/embed6c69]
[olami.com.ng/blogg/wp-json/wp/v2/posts/266.json]
[olami.com.ng/blogg/millie-bobby-brown-is-dropping-a-jewelry-collection-18/feed/index.html]
[olami.com.ng/blogg/wp-json/oembed/1.0/embed3d7a.json]
[olami.com.ng/blogg/wp-json/oembed/1.0/embed8846]
[olami.com.ng/blogg/millie-bobby-brown-is-dropping-a-jewelry-collection-18/index.html]
[olami.com.ng/blogg/wp-json/wp/v2/posts/261.json]
[olami.com.ng/blogg/millie-bobby-brown-is-dropping-a-jewelry-collection-17/feed/index.html]
[olami.com.ng/blogg/wp-json/oembed/1.0/embed3fa9.json]
[olami.com.ng/blogg/wp-json/oembed/1.0/embedac7c]
[olami.com.ng/blogg/millie-bobby-brown-is-dropping-a-jewelry-collection-17/index.html]
[olami.com.ng/blogg/wp-json/wp/v2/categories/52.json]
[olami.com.ng/blogg/category/celebrity/feed/index.html]
[olami.com.ng/blogg/wp-content/uploads/jupiterx/images/blog-celeb-04-08f895f.jpg]
[olami.com.ng/blogg/wp-content/uploads/jupiterx/images/blog-celeb-04-f361f32.jpg]
[olami.com.ng/blogg/wp-content/uploads/jupiterx/images/blog-celeb-05-5c707bb.jpg]
[olami.com.ng/blogg/wp-content/uploads/jupiterx/images/blog-celeb-05-7076dd3.jpg]
[olami.com.ng/blogg/wp-content/uploads/jupiterx/images/blog-celeb-02-3f0960c.jpg]
[olami.com.ng/blogg/wp-content/uploads/jupiterx/images/blog-celeb-02-02a4958.jpg]
[olami.com.ng/blogg/wp-content/uploads/jupiterx/images/blog-celeb-06-a477f51.jpg]
[olami.com.ng/blogg/wp-content/uploads/jupiterx/images/blog-celeb-06-917d796.jpg]
[olami.com.ng/blogg/wp-content/uploads/jupiterx/images/blog-celeb-08-4283fb1.jpg]
[olami.com.ng/blogg/wp-content/uploads/jupiterx/images/blog-celeb-08-c3fbd06.jpg]
[olami.com.ng/blogg/category/celebrity/index.html]
[olami.com.ng/blogg/wp-content/uploads/jupiterx/images/blog-style-01-61fdd01.jpg]
[olami.com.ng/blogg/wp-content/uploads/jupiterx/images/blog-style-01-2d9de9d.jpg]
[olami.com.ng/blogg/wp-content/uploads/jupiterx/images/blog-style-06-4b2695b.jpg]
[olami.com.ng/blogg/wp-content/uploads/jupiterx/images/blog-style-06-d52c5a9.jpg]
[olami.com.ng/blogg/wp-content/uploads/jupiterx/images/blog-style-05-859c30c.jpg]
[olami.com.ng/blogg/wp-content/uploads/jupiterx/images/blog-style-05-608e2c9.jpg]
[olami.com.ng/blogg/wp-content/uploads/jupiterx/images/blog-style-04-003ffde.jpg]
[olami.com.ng/blogg/wp-content/uploads/jupiterx/images/blog-style-04-35baa23.jpg]
[olami.com.ng/blogg/2020/03/30/index.html]
[olami.com.ng/blogg/2020/03/30/page/2/index.html]
[olami.com.ng/blogg/category/style/feed/index.html]
[olami.com.ng/blogg/wp-json/wp/v2/categories/51.json]
[olami.com.ng/blogg/wp-content/uploads/jupiterx/images/blog-style-03-97c79cc.jpg]
[olami.com.ng/blogg/wp-content/uploads/jupiterx/images/blog-style-03-ad7a926.jpg]
[olami.com.ng/blogg/millie-bobby-brown-is-dropping-a-jewelry-collection-12/index.html]
[olami.com.ng/blogg/millie-bobby-brown-is-dropping-a-jewelry-collection-11/index.html]
[olami.com.ng/blogg/wp-content/uploads/jupiterx/images/blog-style-02-de4d165.jpg]
[olami.com.ng/blogg/wp-content/uploads/jupiterx/images/blog-style-02-e544d22.jpg]
[olami.com.ng/blogg/category/style/index.html]
[olami.com.ng/blogg/wp-json/wp/v2/posts/251.json]
[olami.com.ng/blogg/millie-bobby-brown-is-dropping-a-jewelry-collection-16/feed/index.html]
[olami.com.ng/blogg/wp-json/oembed/1.0/embed3953.json]
[olami.com.ng/blogg/wp-json/oembed/1.0/embede602]
[olami.com.ng/blogg/millie-bobby-brown-is-dropping-a-jewelry-collection-16/index.html]
[olami.com.ng/blogg/wp-json/wp/v2/posts/253.json]
[olami.com.ng/blogg/millie-bobby-brown-is-dropping-a-jewelry-collection-15/feed/index.html]
[olami.com.ng/blogg/wp-json/oembed/1.0/embed1c38.json]
[olami.com.ng/blogg/millie-bobby-brown-is-dropping-a-jewelry-collection-15/index.html]
[olami.com.ng/blogg/wp-json/oembed/1.0/embedae12]
[olami.com.ng/blogg/wp-json/wp/v2/posts/252.json]
[olami.com.ng/blogg/millie-bobby-brown-is-dropping-a-jewelry-collection-14/feed/index.html]
[olami.com.ng/blogg/wp-json/oembed/1.0/embedb5db.json]
[olami.com.ng/blogg/millie-bobby-brown-is-dropping-a-jewelry-collection-14/index.html]
[olami.com.ng/blogg/wp-json/oembed/1.0/embed8a33]
[olami.com.ng/blogg/wp-json/wp/v2/posts/254.json]
[olami.com.ng/blogg/millie-bobby-brown-is-dropping-a-jewelry-collection-13/feed/index.html]
[olami.com.ng/blogg/wp-json/oembed/1.0/embed3354.json]
[olami.com.ng/blogg/wp-json/oembed/1.0/embedee3b]
[olami.com.ng/blogg/millie-bobby-brown-is-dropping-a-jewelry-collection-13/index.html]
[olami.com.ng/blogg/home/index.html]
[olami.com.ng/blogg/wp-json/wp/v2/pages/11.json]
[olami.com.ng/blogg/wp-content/litespeed/css/e87b5387bcc93d04adcb7ae787567608ec47.css]
[olami.com.ng/blogg/wp-json/oembed/1.0/embedbabd.json]
[olami.com.ng/blogg/404-2/index.html]
[olami.com.ng/blogg/wp-content/plugins/litespeed-cache/guest.vary.html]
[olami.com.ng/blogg/wp-json/oembed/1.0/embed7891]
[olami.com.ng/blogg/wp-content/plugins/elementor/assets/lib/font-awesome/fonts/fontawesome-webfont3e6e.svg]
[olami.com.ng/blogg/wp-content/plugins/jupiterx-core/includes/extensions/raven/assets/lib/video-mejs/svg/jumpforward.svg]
[olami.com.ng/blogg/wp-content/plugins/jupiterx-core/includes/extensions/raven/assets/lib/video-mejs/svg/skipback.svg]
[olami.com.ng/blogg/wp-content/plugins/elementor/assets/lib/font-awesome/webfonts/fa-brands-400.svg]
[olami.com.ng/blogg/wp-content/plugins/elementor/assets/lib/font-awesome/webfonts/fa-regular-400.svg]
[olami.com.ng/blogg/wp-content/plugins/elementor/assets/lib/font-awesome/webfonts/fa-solid-900.svg]
[olami.com.ng/blogg/wp-content/litespeed/css/c2fc434f65090727580a5bb9a1f87f27ec47.css]
[olami.com.ng/blogg/index80a3.html]
[olami.com.ng/blogg/wp-content/litespeed/css/8cf140d6e85dd738957005a24672bc8f5866.css]
[olami.com.ng/blogg/millie-bobby-brown-is-dropping-a-jewelry-collection-10/feed/index.html]
[olami.com.ng/blogg/wp-content/litespeed/css/9c95163a57f6fb942836a37891da5977e424.css]
[olami.com.ng/blogg/wp-content/litespeed/css/5db09db56083ea8e757c474e2623a4c9ecc8.css]
[olami.com.ng/blogg/wp-content/litespeed/css/d16d404b654a4a4517d2afdca8d7afca536e.css]
[olami.com.ng/blogg/wp-content/litespeed/css/8adf5c49cf46f1c9356ce78f3891ad2b5b88.css]
[olami.com.ng/blogg/wp-content/litespeed/css/0caf3a66e50f32c5540766fe171c8682bab7.css]
[olami.com.ng/blogg/wp-content/litespeed/css/54e316970b69e40ac417c9d06f5bfd5fcf3e.css]
[olami.com.ng/blogg/wp-content/litespeed/css/d75a85aa89bf76672d0e7076832c74fcdffe.css]
[olami.com.ng/blogg/wp-content/litespeed/css/2435527f455ea91c48c16f0ef737704de754.css]
[olami.com.ng/blogg/wp-content/litespeed/css/047e4485cf41fc3d550a703e82163586ced5.css]
[olami.com.ng/blogg/wp-content/litespeed/css/d9e2ac97db8ffd5624806b0f9dc9aedf505b.css]
[olami.com.ng/blogg/wp-content/litespeed/css/e542da8eacd706ae10a26758a4aa9153e130.css]
[olami.com.ng/blogg/wp-content/litespeed/css/84d08605dd24257baa347be100896e084eb8.css]
[olami.com.ng/blogg/wp-content/litespeed/css/cb447e325fc9eeda16995961fe909fda97b2.css]
[olami.com.ng/blogg/wp-content/litespeed/css/0043f14910a5aba71f116c0c8f5f5ac25543.css]
[olami.com.ng/blogg/wp-content/litespeed/css/46762f2567c7f1326e6ee412561ae3d1f635.css]
[olami.com.ng/blogg/wp-includes/js/jquery/jquery.min.js]
[olami.com.ng/blogg/wp-content/litespeed/js/748a23a5085de9784bfa8bc29f8a3c2096b4.js]
[olami.com.ng/blogg/wp-content/litespeed/js/9060dfab6bbadbe6e921f9cac971737febd9.js]
[olami.com.ng/blogg/wp-content/litespeed/js/97e25f3e9ca1b5b8177886683c5d545f1a7a.js]
[olami.com.ng/blogg/wp-content/litespeed/js/7042bd77238f11e7d26d5c89d5b0952751d3.js]
[olami.com.ng/blogg/wp-json/wp/v2/posts/146.json]
[olami.com.ng/blogg/wp-json/oembed/1.0/embedb1ff.json]
[olami.com.ng/blogg/wp-json/oembed/1.0/embed1a82]
[olami.com.ng/blogg/wp-content/uploads/2020/03/blog-fashion-05-150x150.jpg]
[olami.com.ng/blogg/wp-content/uploads/2020/03/blog-style-02-150x150.jpg]
[olami.com.ng/blogg/wp-content/litespeed/avatar/86db4508f9d2728c410681b09e7a3a250c14.jpg]
[olami.com.ng/blogg/wp-content/litespeed/css/67148123eda8ad86b89f779e28cf9a7d2ae1.css]
[olami.com.ng/blogg/wp-content/litespeed/css/e7c06be8da1fa7b1320907907420fa9f8927.css]
[olami.com.ng/blogg/wp-content/litespeed/css/17ca12b277167694678fcaca3a93f45e2aef.css]
[olami.com.ng/blogg/wp-content/litespeed/css/7dad427d6634fdb114cce74241d76c8c593b.css]
[olami.com.ng/blogg/wp-content/litespeed/css/9cfa5da96876b8417dd14002d6ce0fca5cd5.css]
[olami.com.ng/blogg/wp-content/litespeed/css/f1cc294d3fa353c697b8f109bed78fbbe32b.css]
[olami.com.ng/blogg/wp-content/litespeed/css/185bf3001bd4a1d5a99c11026814122f3b7a.css]
[olami.com.ng/blogg/wp-content/litespeed/css/474b5d3789958148199d433a66dab917e56d.css]
[olami.com.ng/blogg/wp-content/litespeed/js/adcd903fe6b6b47da51d7b76291a9308b60c.js]
[olami.com.ng/blogg/wp-content/litespeed/js/dbde7312a4435c8d1af11a6affb1da098d2e.js]
[olami.com.ng/blogg/wp-content/litespeed/js/9daf69b8f1ab7a45930cf5772da647eb2c3f.js]
[olami.com.ng/blogg/wp-content/litespeed/js/d33accbb616309a53832b645b1df32386a2b.js]
[olami.com.ng/blogg/wp-content/litespeed/js/5007d859b91590862e8f84e90a0c0a1576bd.js]
[olami.com.ng/blogg/wp-content/litespeed/js/b7e4a1e8b9977ebe4a3403884162820936cc.js]
[olami.com.ng/blogg/wp-content/litespeed/js/8be66695f9ca464c869635152b7871ae82c7.js]
[olami.com.ng/blogg/wp-content/litespeed/js/4e5db8ff2aa641f5dfb9df2d0c1c2d403488.js]
[olami.com.ng/blogg/wp-content/litespeed/js/3a51d79d5a10759875dffe5840f8db7f9033.js]
[olami.com.ng/blogg/wp-content/litespeed/js/1d31c4c5259f09cbc0bf69fca4bd96175de5.js]
[olami.com.ng/blogg/wp-content/litespeed/js/bdd75ff0e80e0f05eb9ea9f9d15dbeac3d80.js]
[olami.com.ng/blogg/wp-content/litespeed/js/4519e686435fa5f2e4affbc0f91236bd3cb8.js]
[olami.com.ng/blogg/wp-content/litespeed/js/a64cc5688d83c3eb53ad9db22ee57b50554d.js]
[olami.com.ng/blogg/wp-content/litespeed/js/98d323860eb445b97c6cc77bb8a03e43dc96.js]
[olami.com.ng/blogg/wp-content/litespeed/js/e47cb676fb3ea68c26a478c783b1da302244.js]
[olami.com.ng/blogg/wp-content/litespeed/js/85eabf81917ec7fe1a26305367c8000b6431.js]
[olami.com.ng/blogg/wp-content/litespeed/js/ddbe58c2f711589486aba6d35a5af2f21aad.js]
[olami.com.ng/blogg/wp-content/litespeed/js/03839e7375debd6180f1d621d79f130b2601.js]
[olami.com.ng/blogg/millie-bobby-brown-is-dropping-a-jewelry-collection-10/index.html]
[olami.com.ng/blogg/wp-content/litespeed/js/1553058b463fa537aba3015ecf14c455bef2.js]
[olami.com.ng/blogg/wp-json/wp/v2/categories/5.json]
[olami.com.ng/blogg/category/fashion/feed/index.html]
[olami.com.ng/blogg/wp-content/uploads/jupiterx/images/blog-fashion-05-05a1fc8.jpg]
[olami.com.ng/blogg/wp-content/uploads/jupiterx/images/blog-fashion-05-c2a6900.jpg]
[olami.com.ng/blogg/wp-content/uploads/jupiterx/images/blog-fashion-04-1222c79.jpg]
[olami.com.ng/blogg/wp-content/uploads/jupiterx/images/blog-fashion-04-8eb5e92.jpg]
[olami.com.ng/blogg/wp-content/uploads/jupiterx/images/blog-fashion-03-46441e4.jpg]
[olami.com.ng/blogg/wp-content/uploads/jupiterx/images/blog-fashion-03-9580fd4.jpg]
[olami.com.ng/blogg/wp-content/uploads/jupiterx/images/blog-fashion-02-d5cd37c.jpg]
[olami.com.ng/blogg/wp-content/uploads/jupiterx/images/blog-fashion-02-92acd1f.jpg]
[olami.com.ng/blogg/wp-content/uploads/jupiterx/images/blog-fashion-01-83def4d.jpg]
[olami.com.ng/blogg/wp-content/uploads/jupiterx/images/blog-fashion-01-64ecb7b.jpg]
[olami.com.ng/blogg/wp-content/uploads/jupiterx/images/blog-fashion-07-0c49b03.jpg]
[olami.com.ng/blogg/wp-content/uploads/jupiterx/images/blog-fashion-07-6bbfcad.jpg]
[olami.com.ng/blogg/wp-content/uploads/jupiterx/images/blog-fashion-08-f240e70.jpg]
[olami.com.ng/blogg/wp-content/uploads/jupiterx/images/blog-fashion-08-57d9e02.jpg]
[olami.com.ng/blogg/wp-content/uploads/jupiterx/images/blog-fashion-09-a13f611.jpg]
[olami.com.ng/blogg/wp-content/uploads/jupiterx/images/blog-fashion-09-3deda34.jpg]
[olami.com.ng/blogg/wp-content/uploads/jupiterx/images/blog-fashion-06-c9d28de.jpg]
[olami.com.ng/blogg/wp-content/uploads/jupiterx/images/blog-fashion-06-d4d0ed2.jpg]
[olami.com.ng/blogg/category/fashion/index.html]
[olami.com.ng/blogg/wp-json/wp/v2/posts/238.json]
[olami.com.ng/blogg/millie-bobby-brown-is-dropping-a-jewelry-collection-9/feed/index.html]
[olami.com.ng/blogg/wp-json/oembed/1.0/embed8a8c.json]
[olami.com.ng/blogg/wp-json/oembed/1.0/embed01b0]
[olami.com.ng/blogg/wp-content/uploads/2020/03/blog-fashion-04-150x150.jpg]
[olami.com.ng/blogg/wp-content/uploads/2020/03/blog-fashion-10-150x150.jpg]
[olami.com.ng/blogg/millie-bobby-brown-is-dropping-a-jewelry-collection-9/index.html]
[olami.com.ng/blogg/wp-json/wp/v2/posts/239.json]
[olami.com.ng/blogg/millie-bobby-brown-is-dropping-a-jewelry-collection-8/feed/index.html]
[olami.com.ng/blogg/wp-json/oembed/1.0/embede315.json]
[olami.com.ng/blogg/wp-json/oembed/1.0/embed17ed]
[olami.com.ng/blogg/wp-content/uploads/2020/03/blog-fashion-03-150x150.jpg]
[olami.com.ng/blogg/millie-bobby-brown-is-dropping-a-jewelry-collection-8/index.html]
[olami.com.ng/blogg/wp-json/wp/v2/posts/241.json]
[olami.com.ng/blogg/millie-bobby-brown-is-dropping-a-jewelry-collection-7/feed/index.html]
[olami.com.ng/blogg/wp-json/oembed/1.0/embed9180.json]
[olami.com.ng/blogg/wp-json/oembed/1.0/embed7156]
[olami.com.ng/blogg/wp-content/uploads/2020/03/blog-fashion-02-150x150.jpg]
[olami.com.ng/blogg/millie-bobby-brown-is-dropping-a-jewelry-collection-7/index.html]
[olami.com.ng/blogg/wp-json/wp/v2/posts/240.json]
[olami.com.ng/blogg/wp-json/oembed/1.0/embed95f0.json]
[olami.com.ng/blogg/millie-bobby-brown-is-dropping-a-jewelry-collection-6/feed/index.html]
[olami.com.ng/blogg/wp-json/oembed/1.0/embed0ec4]
[olami.com.ng/blogg/wp-content/uploads/2020/03/blog-fashion-01-150x150.jpg]
[olami.com.ng/blogg/millie-bobby-brown-is-dropping-a-jewelry-collection-6/index.html]
[olami.com.ng/blogg/wp-json/wp/v2/posts/242.json]
[olami.com.ng/blogg/wp-json/oembed/1.0/embed9b15.json]
[olami.com.ng/blogg/millie-bobby-brown-is-dropping-a-jewelry-collection-5/feed/index.html]
[olami.com.ng/blogg/wp-json/oembed/1.0/embed46ea]
[olami.com.ng/blogg/wp-content/uploads/2020/03/blog-fashion-07-150x150.jpg]
[olami.com.ng/blogg/millie-bobby-brown-is-dropping-a-jewelry-collection-5/index.html]
[olami.com.ng/blogg/wp-json/wp/v2/posts/142.json]
[olami.com.ng/blogg/millie-bobby-brown-is-dropping-a-jewelry-collection-4/feed/index.html]
[olami.com.ng/blogg/wp-json/oembed/1.0/embed7258.json]
[olami.com.ng/blogg/wp-json/oembed/1.0/embed0cf0]
[olami.com.ng/blogg/wp-content/uploads/2020/03/blog-fashion-08-150x150.jpg]
[olami.com.ng/blogg/millie-bobby-brown-is-dropping-a-jewelry-collection-4/index.html]
[olami.com.ng/blogg/2020/03/29/index.html]
[olami.com.ng/blogg/wp-json/wp/v2/posts/143.json]
[olami.com.ng/blogg/millie-bobby-brown-is-dropping-a-jewelry-collection-3/feed/index.html]
[olami.com.ng/blogg/wp-json/oembed/1.0/embed090b.json]
[olami.com.ng/blogg/wp-json/oembed/1.0/embedff82]
[olami.com.ng/blogg/wp-content/uploads/2020/03/blog-fashion-09-150x150.jpg]
[olami.com.ng/blogg/millie-bobby-brown-is-dropping-a-jewelry-collection-3/index.html]
[olami.com.ng/blogg/wp-json/wp/v2/posts/144.json]
[olami.com.ng/blogg/millie-bobby-brown-is-dropping-a-jewelry-collection-2/feed/index.html]
[olami.com.ng/blogg/wp-json/oembed/1.0/embedb46f.json]
[olami.com.ng/blogg/wp-json/oembed/1.0/embed921e]
[olami.com.ng/blogg/wp-content/uploads/2020/03/blog-fashion-06-150x150.jpg]
[olami.com.ng/blogg/millie-bobby-brown-is-dropping-a-jewelry-collection-2/index.html]
[olami.com.ng/blogg/wp-json/wp/v2/posts/88.json]
[olami.com.ng/blogg/millie-bobby-brown-is-dropping-a-jewelry-collection/feed/index.html]
[olami.com.ng/blogg/wp-json/oembed/1.0/embed0e67.json]
[olami.com.ng/blogg/wp-json/oembed/1.0/embedd026]
[olami.com.ng/blogg/millie-bobby-brown-is-dropping-a-jewelry-collection/index.html]
[olami.com.ng/blogg/2020/03/28/index.html]
[olami.com.ng/blogg/wp-content/litespeed/css/9bcec36dfef696cf6ea91de4230bb7beec47.css]
[olami.com.ng/blogg/index3c55.html]
[olami.com.ng/blogg/wp-content/litespeed/css/f7a28f347b0163d1ba66a251201d9dbeec47.css]
[olami.com.ng/blogg/index94b0.html]
[olami.com.ng/blogg/wp-content/litespeed/css/954e39299ae0f22355e0923f10b10eedec47.css]
[olami.com.ng/blogg/index7d69.html]
[olami.com.ng/blogg/xmlrpc.html]
[olami.com.ng/blogg/wp-json/wp/v2/users/1.json]
[olami.com.ng/blogg/author/olami/index.html]
[olami.com.ng/blogg/author/olami/feed/index.html]
[olami.com.ng/blogg/wp-json/wp/v2/tags/47.json]
[olami.com.ng/blogg/author/olami/page/2/index.html]
[olami.com.ng/blogg/tag/fashion/index.html]
[olami.com.ng/blogg/author/olami/page/3/index.html]
[olami.com.ng/blogg/tag/fashion/feed/index.html]
[olami.com.ng/blogg/tag/fashion/page/2/index.html]
[olami.com.ng/blogg/wp-json/wp/v2/tags/49.json]
[olami.com.ng/blogg/tag/model/index.html]
[olami.com.ng/blogg/tag/model/feed/index.html]
[olami.com.ng/blogg/tag/model/page/2/index.html]
[olami.com.ng/blogg/wp-json/wp/v2/tags/50.json]
[olami.com.ng/blogg/tag/new-trends/index.html]
[olami.com.ng/blogg/tag/new-trends/feed/index.html]
[olami.com.ng/blogg/wp-json/wp/v2/tags/48.json]
[olami.com.ng/blogg/tag/style/index.html]
[olami.com.ng/blogg/index8fee.html]
[olami.com.ng/blogg/indexd728.html]
[olami.com.ng/blogg/indexc61d.html]
[olami.com.ng/blogg/index6543.html]
[olami.com.ng/blogg/indexd89d.html]
[olami.com.ng/blogg/tag/new-trends/page/2/index.html]
[olami.com.ng/blogg/tag/style/feed/index.html]
[olami.com.ng/blogg/tag/style/page/2/index.html]
[olami.com.ng/blogg/wp-content/uploads/2020/03/blog-style-03.jpg]
[olami.com.ng/blogg/wp-content/uploads/2020/03/blog-style-02.jpg]
[olami.com.ng/blogg/wp-content/uploads/jupiterx/images/blog-fashion-10-ec8cdfc.jpg]
[olami.com.ng/blogg/wp-content/uploads/jupiterx/images/blog-fashion-10-9320bbf.jpg]
[olami.com.ng/blogg/2020/03/30/page/2/index.html]
[olami.com.ng/blogg/wp-json/wp/v2/posts/255.json]
[olami.com.ng/blogg/wp-json/oembed/1.0/embed212c.json]
[olami.com.ng/blogg/millie-bobby-brown-is-dropping-a-jewelry-collection-12/feed/index.html]
[olami.com.ng/blogg/wp-json/oembed/1.0/embed872c]
[olami.com.ng/blogg/wp-content/uploads/2020/03/blog-style-04-150x150.jpg]
[olami.com.ng/blogg/millie-bobby-brown-is-dropping-a-jewelry-collection-12/index.html]
[olami.com.ng/blogg/wp-json/wp/v2/posts/249.json]
[olami.com.ng/blogg/millie-bobby-brown-is-dropping-a-jewelry-collection-11/feed/index.html]
[olami.com.ng/blogg/wp-json/oembed/1.0/embed7fa6.json]
[olami.com.ng/blogg/wp-json/oembed/1.0/embed5430]
[olami.com.ng/blogg/wp-content/uploads/2020/03/blog-style-03-150x150.jpg]
[olami.com.ng/blogg/millie-bobby-brown-is-dropping-a-jewelry-collection-11/index.html]
[olami.com.ng/blogg/indexd6e1.html]
[olami.com.ng/blogg/index5ed0.html]
[olami.com.ng/blogg/indexa943.html]
[olami.com.ng/blogg/index6233.html]
[olami.com.ng/blogg/wp-content/litespeed/css/e87b5387bcc93d04adcb7ae787567608ec47.css]
[olami.com.ng/blogg/index5757.html]
[olami.com.ng/blogg/wp-content/litespeed/css/8cf140d6e85dd738957005a24672bc8f5866.css]
[olami.com.ng/blogg/wp-content/litespeed/css/9c95163a57f6fb942836a37891da5977e424.css]
[olami.com.ng/blogg/wp-content/litespeed/css/5db09db56083ea8e757c474e2623a4c9ecc8.css]
[olami.com.ng/blogg/wp-content/litespeed/css/d16d404b654a4a4517d2afdca8d7afca536e.css]
[olami.com.ng/blogg/wp-content/litespeed/css/8adf5c49cf46f1c9356ce78f3891ad2b5b88.css]
[olami.com.ng/blogg/wp-content/litespeed/css/0caf3a66e50f32c5540766fe171c8682bab7.css]
[olami.com.ng/blogg/wp-content/litespeed/css/d75a85aa89bf76672d0e7076832c74fcdffe.css]
[olami.com.ng/blogg/wp-content/litespeed/css/54e316970b69e40ac417c9d06f5bfd5fcf3e.css]
[olami.com.ng/blogg/wp-content/litespeed/css/2435527f455ea91c48c16f0ef737704de754.css]
[olami.com.ng/blogg/wp-content/litespeed/css/047e4485cf41fc3d550a703e82163586ced5.css]
[olami.com.ng/blogg/wp-content/litespeed/css/d9e2ac97db8ffd5624806b0f9dc9aedf505b.css]
[olami.com.ng/blogg/wp-content/litespeed/css/e542da8eacd706ae10a26758a4aa9153e130.css]
[olami.com.ng/blogg/wp-content/litespeed/css/84d08605dd24257baa347be100896e084eb8.css]
[olami.com.ng/blogg/wp-content/litespeed/css/cb447e325fc9eeda16995961fe909fda97b2.css]
[olami.com.ng/blogg/wp-content/litespeed/css/0043f14910a5aba71f116c0c8f5f5ac25543.css]
[olami.com.ng/blogg/wp-content/litespeed/css/46762f2567c7f1326e6ee412561ae3d1f635.css]
[olami.com.ng/blogg/indexf488.html]
[olami.com.ng/blogg/wp-content/litespeed/css/67148123eda8ad86b89f779e28cf9a7d2ae1.css]
[olami.com.ng/blogg/wp-content/litespeed/css/e7c06be8da1fa7b1320907907420fa9f8927.css]
[olami.com.ng/blogg/wp-content/litespeed/css/17ca12b277167694678fcaca3a93f45e2aef.css]
[olami.com.ng/blogg/wp-content/litespeed/css/7dad427d6634fdb114cce74241d76c8c593b.css]
[olami.com.ng/blogg/wp-content/litespeed/css/9cfa5da96876b8417dd14002d6ce0fca5cd5.css]
[olami.com.ng/blogg/wp-content/litespeed/css/f1cc294d3fa353c697b8f109bed78fbbe32b.css]
[olami.com.ng/blogg/wp-content/litespeed/css/185bf3001bd4a1d5a99c11026814122f3b7a.css]
[olami.com.ng/blogg/wp-content/litespeed/css/474b5d3789958148199d433a66dab917e56d.css]
[olami.com.ng/blogg/index3dc6.html]
[olami.com.ng/blogg/index1639.html]
[olami.com.ng/blogg/index03e1.html]
[olami.com.ng/blogg/indexcfe0.html]
[olami.com.ng/blogg/indexa8b8.html]
[olami.com.ng/blogg/indexee5b.html]
[olami.com.ng/blogg/indexdc22.html]
[olami.com.ng/blogg/index421d.html]
[olami.com.ng/blogg/index8ed7.html]
[olami.com.ng/blogg/author/olami/page/2/index.html]
[olami.com.ng/blogg/author/olami/page/3/index.html]
[olami.com.ng/blogg/tag/fashion/page/2/index.html]
[olami.com.ng/blogg/tag/model/page/2/index.html]
[olami.com.ng/blogg/tag/new-trends/page/2/index.html]
[olami.com.ng/blogg/tag/style/page/2/index.html]
[olami.com.ng/blogg/index0c93.html]
[olami.com.ng/blogg/index1a93.html]
