[www.henpresscare.com/index.html]
[backblue.gif]
[fade.gif]
[index.html]
[www.henpresscare.com/feed/index.html]
[www.henpresscare.com/wp-json/wp/v2/pages/9.json]
[www.henpresscare.com/wp-content/litespeed/css/8ae97d82300249d11ce6bc06525999efde55.css]
[www.henpresscare.com/comments/feed/index.html]
[www.henpresscare.com/wp-json/index.html]
[www.henpresscare.com/wp-json/oembed/1.0/embed2077.json]
[www.henpresscare.com/wp-json/oembed/1.0/embedaf6d]
[www.henpresscare.com/wp-content/uploads/2025/05/cropped-photo_2025-05-29_19-18-36-removebg-preview-32x32.png]
[www.henpresscare.com/wp-content/uploads/2025/05/cropped-photo_2025-05-29_19-18-36-removebg-preview-192x192.png]
[www.henpresscare.com/wp-content/uploads/2025/05/cropped-photo_2025-05-29_19-18-36-removebg-preview-180x180.png]
[www.henpresscare.com/wp-content/uploads/2025/05/henn-removebg-preview-e1748603912750.png]
[www.henpresscare.com/wp-content/uploads/2025/05/nursing-care-square.jpg]
[www.henpresscare.com/about-us/index.html]
[www.henpresscare.com/wp-content/uploads/2025/05/infusion-services-square.jpg]
[www.henpresscare.com/contact-us/index.html]
[www.henpresscare.com/services/index.html]
[www.henpresscare.com/wp-content/uploads/2025/05/veteran-care-square.jpg]
[www.henpresscare.com/wp-content/plugins/litespeed-cache/guest.vary.html]
[www.henpresscare.com/index.html]
[www.henpresscare.com/wp-content/themes/jupiterx/lib/assets/fonts/jupiterx.eot]
[www.henpresscare.com/wp-content/plugins/elementor/assets/lib/font-awesome/fonts/fontawesome-webfont3e6e.woff2]
[www.henpresscare.com/wp-content/plugins/elementor/assets/lib/font-awesome/fonts/fontawesome-webfont3e6e.woff]
[www.henpresscare.com/wp-content/plugins/elementor/assets/lib/font-awesome/fonts/fontawesome-webfontd41d.eot]
[www.henpresscare.com/wp-content/plugins/elementor/assets/lib/font-awesome/fonts/fontawesome-webfont3e6e.eot]
[www.henpresscare.com/wp-content/plugins/jupiterx-core/includes/extensions/raven/assets/lib/video-mejs/svg/jumpforward.svg]
[www.henpresscare.com/wp-content/plugins/elementor/assets/lib/font-awesome/fonts/fontawesome-webfont3e6e.ttf]
[www.henpresscare.com/wp-content/plugins/jupiterx-core/includes/extensions/raven/assets/lib/video-mejs/svg/skipback.svg]
[www.henpresscare.com/wp-content/plugins/elementor/assets/lib/font-awesome/fonts/fontawesome-webfont3e6e.svg]
[www.henpresscare.com/wp-content/plugins/jupiterx-core/includes/extensions/raven/assets/img/iti-tel-input/flags.png]
[www.henpresscare.com/wp-content/plugins/jupiterx-core/includes/extensions/raven/assets/img/iti-tel-input/flags@2x.png]
[www.henpresscare.com/wp-content/uploads/2018/10/head-home-1.jpg]
[www.henpresscare.com/wp-content/plugins/elementor/assets/lib/font-awesome/webfonts/fa-brands-400.woff2]
[www.henpresscare.com/wp-content/plugins/elementor/assets/lib/font-awesome/webfonts/fa-brands-400.eot]
[www.henpresscare.com/wp-content/plugins/elementor/assets/lib/font-awesome/webfonts/fa-brands-400.woff]
[www.henpresscare.com/wp-content/plugins/elementor/assets/lib/font-awesome/webfonts/fa-brands-400d41d.eot]
[www.henpresscare.com/wp-content/plugins/elementor/assets/lib/font-awesome/webfonts/fa-regular-400.eot]
[www.henpresscare.com/wp-content/plugins/elementor/assets/lib/font-awesome/webfonts/fa-brands-400.ttf]
[www.henpresscare.com/wp-content/plugins/elementor/assets/lib/font-awesome/webfonts/fa-regular-400d41d.eot]
[www.henpresscare.com/wp-content/plugins/elementor/assets/lib/font-awesome/webfonts/fa-regular-400.woff2]
[www.henpresscare.com/wp-content/plugins/elementor/assets/lib/font-awesome/webfonts/fa-regular-400.woff]
[www.henpresscare.com/wp-content/plugins/elementor/assets/lib/font-awesome/webfonts/fa-regular-400.ttf]
[www.henpresscare.com/wp-content/plugins/elementor/assets/lib/font-awesome/webfonts/fa-regular-400.svg]
[www.henpresscare.com/wp-content/plugins/elementor/assets/lib/font-awesome/webfonts/fa-brands-400.svg]
[www.henpresscare.com/wp-content/plugins/elementor/assets/lib/font-awesome/webfonts/fa-solid-900.woff2]
[www.henpresscare.com/wp-content/plugins/elementor/assets/lib/font-awesome/webfonts/fa-solid-900.eot]
[www.henpresscare.com/wp-content/plugins/elementor/assets/lib/font-awesome/webfonts/fa-solid-900d41d.eot]
[www.henpresscare.com/wp-content/plugins/elementor/assets/lib/font-awesome/webfonts/fa-solid-900.woff]
[www.henpresscare.com/wp-content/litespeed/css/8ae97d82300249d11ce6bc06525999efde55.css]
[www.henpresscare.com/xmlrpc0db0.html]
[www.henpresscare.com/wp-content/plugins/elementor/assets/lib/font-awesome/webfonts/fa-solid-900.ttf]
[www.henpresscare.com/wp-json/wp/v2/pages/11.json]
[www.henpresscare.com/wp-content/plugins/elementor/assets/lib/font-awesome/webfonts/fa-solid-900.svg]
[www.henpresscare.com/wp-json/oembed/1.0/embed1057.json]
[www.henpresscare.com/wp-content/litespeed/css/448622019fdd2975189af31f5fa6c5bcde55.css]
[www.henpresscare.com/wp-json/oembed/1.0/embed413c]
[www.henpresscare.com/about-us/index.html]
[www.henpresscare.com/wp-json/wp/v2/pages/13.json]
[www.henpresscare.com/wp-content/litespeed/css/0e4fc91b58ab307d7ee79206dd599ac7de55.css]
[www.henpresscare.com/wp-json/oembed/1.0/embeddeda.json]
[www.henpresscare.com/wp-json/oembed/1.0/embed40fd]
[www.henpresscare.com/services/index.html]
[www.henpresscare.com/wp-json/wp/v2/pages/15.json]
[www.henpresscare.com/wp-json/oembed/1.0/embed92d6.json]
[www.henpresscare.com/wp-json/oembed/1.0/embedc352]
[jupiterx.artbees.net/summanus/wp-content/uploads/sites/127/2018/10/contact-bg-03.jpg]
[jupiterx.artbees.net/summanus/wp-content/uploads/sites/127/2018/10/contact-bg-04.jpg]
[www.henpresscare.com/wp-content/litespeed/css/1a501ee5be8062c39a0431442031bbb3de55.css]
[jupiterx.artbees.net/summanus/wp-content/uploads/sites/127/2018/10/contact-bg-05.jpg]
[www.henpresscare.com/contact-us/index.html]
[www.henpresscare.com/wp-content/plugins/litespeed-cache/guest.vary.html]
[www.henpresscare.com/wp-content/plugins/elementor/assets/lib/font-awesome/fonts/fontawesome-webfont3e6e.svg]
[www.henpresscare.com/wp-content/plugins/jupiterx-core/includes/extensions/raven/assets/lib/video-mejs/svg/jumpforward.svg]
[www.henpresscare.com/wp-content/plugins/jupiterx-core/includes/extensions/raven/assets/lib/video-mejs/svg/skipback.svg]
[www.henpresscare.com/wp-content/plugins/elementor/assets/lib/font-awesome/webfonts/fa-brands-400.svg]
[www.henpresscare.com/wp-content/plugins/elementor/assets/lib/font-awesome/webfonts/fa-regular-400.svg]
[www.henpresscare.com/wp-content/plugins/elementor/assets/lib/font-awesome/webfonts/fa-solid-900.svg]
[www.henpresscare.com/wp-content/plugins/jet-elements/assets/css/lib/slider-pro/images/openhand.cur]
[www.henpresscare.com/wp-content/plugins/jet-elements/assets/css/lib/slider-pro/images/closedhand.cur]
[www.henpresscare.com/wp-content/uploads/2018/10/head-about.jpg]
[www.henpresscare.com/wp-content/uploads/2018/10/services-tabslider-01-1.jpg]
[www.henpresscare.com/wp-content/litespeed/css/448622019fdd2975189af31f5fa6c5bcde55.css]
[www.henpresscare.com/index5757.html]
[www.henpresscare.com/wp-content/uploads/2018/10/head-services-1.jpg]
[www.henpresscare.com/wp-content/litespeed/css/0e4fc91b58ab307d7ee79206dd599ac7de55.css]
[www.henpresscare.com/index2dc4.html]
[www.henpresscare.com/wp-content/uploads/2018/10/head-contact-2.jpg]
[www.henpresscare.com/wp-content/litespeed/css/1a501ee5be8062c39a0431442031bbb3de55.css]
[www.henpresscare.com/indexa1ca.html]
