[destinyabroadfoundation.org/index.html]
[backblue.gif]
[fade.gif]
[index.html]
[destinyabroadfoundation.org/wp-content/plugins/jupiterx-core/includes/extensions/raven/assets/lib/animate/animate.min4ae0.css]
[destinyabroadfoundation.org/feed/index.html]
[destinyabroadfoundation.org/comments/feed/index.html]
[destinyabroadfoundation.org/wp-content/uploads/jupiterx/compiler/jupiterx-elements-dynamic-styles/8c1a9b24ae0.css]
[destinyabroadfoundation.org/wp-content/uploads/jupiterx/compiler/jupiterx/51884514ae0.css]
[destinyabroadfoundation.org/wp-content/plugins/jet-elements/assets/css/jet-elementsbef9.css]
[destinyabroadfoundation.org/wp-content/plugins/jet-elements/assets/css/jet-elements-skinbef9.css]
[destinyabroadfoundation.org/wp-content/plugins/elementor/assets/css/frontend-lite.mindcff.css]
[destinyabroadfoundation.org/wp-content/plugins/elementor/assets/lib/swiper/v8/css/swiper.min94a4.css]
[destinyabroadfoundation.org/wp-content/plugins/elementor/assets/lib/font-awesome/css/font-awesome.min1849.css]
[destinyabroadfoundation.org/wp-content/uploads/elementor/css/post-9407368.css]
[destinyabroadfoundation.org/wp-content/plugins/elementor/assets/lib/flatpickr/flatpickr.mineda1.css]
[destinyabroadfoundation.org/wp-content/plugins/jupiterx-core/includes/extensions/raven/assets/css/frontend.min0899.css]
[destinyabroadfoundation.org/wp-content/uploads/elementor/css/global7368.css]
[destinyabroadfoundation.org/wp-content/uploads/elementor/css/post-7649e.css]
[destinyabroadfoundation.org/wp-content/uploads/elementor/css/post-17fa9c.css]
[destinyabroadfoundation.org/wp-content/uploads/elementor/css/post-1070a84.css]
[destinyabroadfoundation.org/wp-content/uploads/elementor/css/post-2414ed9.css]
[destinyabroadfoundation.org/wp-includes/js/jquery/jquery.minf43b.js]
[destinyabroadfoundation.org/wp-includes/js/jquery/jquery-migrate.min5589.js]
[destinyabroadfoundation.org/wp-content/themes/jupiterx/lib/admin/assets/lib/webfont/webfont.min8a33.js]
[destinyabroadfoundation.org/wp-content/themes/jupiterx/lib/assets/dist/js/utils.min4ae0.js]
[destinyabroadfoundation.org/wp-json/index.html]
[destinyabroadfoundation.org/wp-json/wp/v2/pages/7.json]
[destinyabroadfoundation.org/wp-json/oembed/1.0/embed2b0a.json]
[destinyabroadfoundation.org/wp-json/oembed/1.0/embed3de5]
[destinyabroadfoundation.org/wp-content/uploads/2020/02/photo_2024-07-17_14-56-06-e1721224678578-150x150.jpg]
[destinyabroadfoundation.org/wp-content/uploads/2020/02/photo_2024-07-17_14-56-06-e1721224678578.jpg]
[destinyabroadfoundation.org/wp-content/plugins/elementor/assets/css/widget-icon-list.min.css]
[destinyabroadfoundation.org/wp-content/uploads/2024/07/1-removebg-preview.png]
[destinyabroadfoundation.org/donate/index.html]
[destinyabroadfoundation.org/wp-content/uploads/2025/01/photo_2025-01-13_21-25-07.jpg]
[destinyabroadfoundation.org/wp-content/uploads/2025/01/IMG_28841.jpg]
[destinyabroadfoundation.org/about-us/index.html]
[destinyabroadfoundation.org/contact-us/index.html]
[destinyabroadfoundation.org/blog/index.html]
[destinyabroadfoundation.org/wp-content/plugins/elementor/assets/css/widget-icon-box.min.css]
[destinyabroadfoundation.org/wp-content/uploads/2025/01/pexels-noland-30111688-scaled.jpg]
[destinyabroadfoundation.org/wp-content/uploads/2025/01/pexels-ogproductionz-15606963-scaled.jpg]
[jupiterx.artbees.net/callirrhoe/wp-content/uploads/sites/152/2018/10/testimonial-01-150x150.jpg]
[jupiterx.artbees.net/callirrhoe/wp-content/uploads/sites/152/2018/10/clients_01.png]
[jupiterx.artbees.net/callirrhoe/wp-content/uploads/sites/152/2018/10/clients_02.png]
[jupiterx.artbees.net/callirrhoe/wp-content/uploads/sites/152/2018/10/clients_03.png]
[jupiterx.artbees.net/callirrhoe/wp-content/uploads/sites/152/2018/10/clients_04.png]
[jupiterx.artbees.net/callirrhoe/wp-content/uploads/sites/152/2018/10/clients_06.png]
[destinyabroadfoundation.org/wp-content/plugins/elementor/assets/lib/font-awesome/css/all.mindcff.css]
[destinyabroadfoundation.org/wp-content/plugins/elementor/assets/lib/font-awesome/css/v4-shims.mindcff.css]
[destinyabroadfoundation.org/wp-content/plugins/jupiterx-core/includes/woocommerce/wc-quick-view4ae0.js]
[destinyabroadfoundation.org/wp-includes/js/underscore.min3ab8.js]
[destinyabroadfoundation.org/wp-content/themes/jupiterx/lib/assets/dist/js/frontend.min4ae0.js]
[destinyabroadfoundation.org/wp-content/plugins/elementor/assets/lib/font-awesome/js/v4-shims.mindcff.js]
[destinyabroadfoundation.org/wp-content/plugins/jupiterx-core/includes/extensions/raven/assets/lib/smartmenus/jquery.smartmenus.minf488.js]
[destinyabroadfoundation.org/wp-content/plugins/jupiterx-core/includes/extensions/raven/assets/lib/url-polyfill/url-polyfill.min5a2c.js]
[destinyabroadfoundation.org/wp-content/plugins/jupiterx-core/includes/extensions/raven/assets/lib/parallax-scroll/jquery.parallax-scroll.min8a54.js]
[destinyabroadfoundation.org/wp-content/plugins/elementor/assets/lib/jquery-numerator/jquery-numerator.min3958.js]
[destinyabroadfoundation.org/wp-content/plugins/jet-elements/assets/js/lib/slick/slick.minc245.js]
[destinyabroadfoundation.org/wp-content/plugins/elementor/assets/js/webpack.runtime.mindcff.js]
[destinyabroadfoundation.org/wp-content/plugins/elementor/assets/js/frontend-modules.mindcff.js]
[destinyabroadfoundation.org/wp-content/plugins/elementor/assets/lib/waypoints/waypoints.min05da.js]
[destinyabroadfoundation.org/wp-includes/js/jquery/ui/core.minb37e.js]
[destinyabroadfoundation.org/wp-content/plugins/elementor/assets/js/frontend.mindcff.js]
[destinyabroadfoundation.org/wp-content/plugins/jet-elements/assets/js/jet-elements.minbef9.js]
[destinyabroadfoundation.org/wp-includes/js/wp-util.min0899.js]
[destinyabroadfoundation.org/index.html]
[destinyabroadfoundation.org/wp-content/plugins/jupiterx-core/includes/extensions/raven/assets/lib/animate/animate.min4ae0.css]
[destinyabroadfoundation.org/wp-content/plugins/elementor/assets/lib/flatpickr/flatpickr.mineda1.js]
[destinyabroadfoundation.org/wp-content/plugins/jupiterx-core/includes/extensions/raven/assets/js/frontend.min0899.js]
[destinyabroadfoundation.org/wp-content/themes/jupiterx/lib/assets/fonts/jupiterx.eot]
[destinyabroadfoundation.org/wp-content/themes/jupiterx/lib/assets/fonts/jupiterxd41d.eot]
[destinyabroadfoundation.org/wp-content/themes/jupiterx/lib/assets/fonts/jupiterx.woff2]
[destinyabroadfoundation.org/wp-content/themes/jupiterx/lib/assets/fonts/jupiterx.woff]
[destinyabroadfoundation.org/wp-content/themes/jupiterx/lib/assets/fonts/jupiterx.ttf]
[destinyabroadfoundation.org/wp-content/uploads/jupiterx/compiler/jupiterx/51884514ae0.css]
[destinyabroadfoundation.org/wp-content/uploads/jupiterx/compiler/jupiterx-elements-dynamic-styles/8c1a9b24ae0.css]
[destinyabroadfoundation.org/wp-content/themes/jupiterx/lib/assets/fonts/jupiterx.svg]
[destinyabroadfoundation.org/wp-content/plugins/jet-elements/assets/images/dummy-map.png]
[destinyabroadfoundation.org/wp-content/plugins/jet-elements/assets/css/jet-elementsbef9.css]
[destinyabroadfoundation.org/wp-content/plugins/jet-elements/assets/css/jet-elements-skinbef9.css]
[destinyabroadfoundation.org/wp-content/plugins/elementor/assets/css/frontend-lite.mindcff.css]
[destinyabroadfoundation.org/wp-content/plugins/elementor/assets/lib/swiper/v8/css/swiper.min94a4.css]
[destinyabroadfoundation.org/wp-content/plugins/elementor/assets/lib/font-awesome/fonts/fontawesome-webfont3e6e.eot]
[destinyabroadfoundation.org/wp-content/plugins/elementor/assets/lib/font-awesome/fonts/fontawesome-webfontd41d.eot]
[destinyabroadfoundation.org/wp-content/plugins/elementor/assets/lib/font-awesome/fonts/fontawesome-webfont3e6e.woff2]
[destinyabroadfoundation.org/wp-content/plugins/elementor/assets/lib/font-awesome/fonts/fontawesome-webfont3e6e.woff]
[destinyabroadfoundation.org/wp-content/plugins/elementor/assets/lib/font-awesome/fonts/fontawesome-webfont3e6e.ttf]
[destinyabroadfoundation.org/wp-content/plugins/elementor/assets/lib/font-awesome/css/font-awesome.min1849.css]
[destinyabroadfoundation.org/wp-content/plugins/elementor/assets/lib/font-awesome/fonts/fontawesome-webfont3e6e.svg]
[destinyabroadfoundation.org/wp-content/plugins/jupiterx-core/includes/extensions/raven/assets/lib/video-mejs/svg/jumpforward.svg]
[destinyabroadfoundation.org/wp-content/plugins/jupiterx-core/includes/extensions/raven/assets/lib/video-mejs/svg/skipback.svg]
[destinyabroadfoundation.org/wp-content/plugins/jupiterx-core/includes/extensions/raven/assets/img/iti-tel-input/flags.png]
[destinyabroadfoundation.org/wp-content/plugins/jupiterx-core/includes/extensions/raven/assets/img/iti-tel-input/flags@2x.png]
[destinyabroadfoundation.org/wp-content/plugins/jupiterx-core/includes/extensions/raven/assets/css/frontend.min0899.css]
[destinyabroadfoundation.org/wp-content/uploads/elementor/css/post-9407368.css]
[destinyabroadfoundation.org/wp-content/plugins/elementor/assets/lib/flatpickr/flatpickr.mineda1.css]
[destinyabroadfoundation.org/wp-content/uploads/elementor/css/global7368.css]
[destinyabroadfoundation.org/wp-content/uploads/2018/10/custom-box-02.jpg]
[destinyabroadfoundation.org/wp-content/uploads/2025/01/pexels-lagosfoodbank-8060427-scaled.jpg]
[destinyabroadfoundation.org/wp-content/uploads/elementor/css/post-7649e.css]
[destinyabroadfoundation.org/wp-content/uploads/elementor/css/post-17fa9c.css]
[destinyabroadfoundation.org/wp-content/uploads/elementor/css/post-1070a84.css]
[destinyabroadfoundation.org/wp-content/uploads/elementor/css/post-2414ed9.css]
[destinyabroadfoundation.org/xmlrpc0db0.html]
[destinyabroadfoundation.org/wp-content/plugins/elementor/assets/css/widget-icon-list.min.css]
[destinyabroadfoundation.org/wp-content/uploads/elementor/css/post-970e9.css]
[destinyabroadfoundation.org/wp-json/wp/v2/pages/9.json]
[destinyabroadfoundation.org/wp-json/oembed/1.0/embed6485.json]
[destinyabroadfoundation.org/wp-json/oembed/1.0/embed9a3a]
[destinyabroadfoundation.org/wp-content/uploads/2025/01/4.jpg]
[destinyabroadfoundation.org/about-us/index.html]
[destinyabroadfoundation.org/wp-content/plugins/elementor/assets/lib/animations/animations.mindcff.css]
[destinyabroadfoundation.org/wp-content/uploads/elementor/css/post-15a17f.css]
[destinyabroadfoundation.org/wp-json/wp/v2/pages/15.json]
[destinyabroadfoundation.org/wp-json/oembed/1.0/embedf290.json]
[destinyabroadfoundation.org/wp-json/oembed/1.0/embed47d0]
[destinyabroadfoundation.org/contact-us/index.html]
[destinyabroadfoundation.org/wp-content/uploads/elementor/css/post-11a1fc.css]
[destinyabroadfoundation.org/wp-json/wp/v2/pages/11.json]
[destinyabroadfoundation.org/wp-json/oembed/1.0/embed8d58.json]
[destinyabroadfoundation.org/wp-json/oembed/1.0/embedcebf]
[destinyabroadfoundation.org/wp-content/uploads/2025/01/2.jpg]
[destinyabroadfoundation.org/donate/index.html]
[destinyabroadfoundation.org/wp-includes/css/dist/block-library/style.min0899.css]
[destinyabroadfoundation.org/wp-content/uploads/2018/11/blog_05-1-e1747134125635.jpg]
[destinyabroadfoundation.org/wp-content/uploads/2018/11/blog_04-1-e1747134209987.jpg]
[destinyabroadfoundation.org/egestas-luctus-urna-vitae-dapibus/index.html]
[destinyabroadfoundation.org/tag/life/index.html]
[destinyabroadfoundation.org/wp-content/uploads/2018/11/blog_03-1-e1747134225899.jpg]
[destinyabroadfoundation.org/tag/peace/index.html]
[destinyabroadfoundation.org/tag/world/index.html]
[destinyabroadfoundation.org/tag/helpful/index.html]
[destinyabroadfoundation.org/wp-content/uploads/2018/11/blog-03-msnvnfx79b3omqyhac3xr7j85g11gxnc1ns7ui4cyo-1-e1747134253812.jpg]
[destinyabroadfoundation.org/proin-urna-enim-semper/index.html]
[destinyabroadfoundation.org/wp-content/uploads/2018/11/blog-01-msnvnd3oosztnx2kqsw21q8udaextuc519treo8jhc-1.jpg]
[destinyabroadfoundation.org/blog/index.html]
[destinyabroadfoundation.org/wp-content/plugins/elementor/assets/css/widget-icon-box.min.css]
[destinyabroadfoundation.org/massa-sit-amet-arcu/index.html]
[destinyabroadfoundation.org/proin-vel-mauris-diam/index.html]
[destinyabroadfoundation.org/the-new-clear-and-bold-blog/index.html]
[destinyabroadfoundation.org/wp-content/plugins/elementor/assets/lib/font-awesome/webfonts/fa-brands-400.eot]
[destinyabroadfoundation.org/wp-content/plugins/elementor/assets/lib/font-awesome/webfonts/fa-brands-400.woff2]
[destinyabroadfoundation.org/wp-content/plugins/elementor/assets/lib/font-awesome/webfonts/fa-brands-400.woff]
[destinyabroadfoundation.org/wp-content/plugins/elementor/assets/lib/font-awesome/webfonts/fa-brands-400d41d.eot]
[destinyabroadfoundation.org/wp-content/plugins/elementor/assets/lib/font-awesome/webfonts/fa-regular-400.eot]
[destinyabroadfoundation.org/wp-content/plugins/elementor/assets/lib/font-awesome/webfonts/fa-brands-400.ttf]
[destinyabroadfoundation.org/wp-content/plugins/elementor/assets/lib/font-awesome/webfonts/fa-brands-400.svg]
[destinyabroadfoundation.org/wp-content/plugins/elementor/assets/lib/font-awesome/webfonts/fa-regular-400d41d.eot]
[destinyabroadfoundation.org/wp-content/plugins/elementor/assets/lib/font-awesome/webfonts/fa-regular-400.woff2]
[destinyabroadfoundation.org/wp-content/plugins/elementor/assets/lib/font-awesome/webfonts/fa-regular-400.woff]
[destinyabroadfoundation.org/wp-content/plugins/elementor/assets/lib/font-awesome/webfonts/fa-regular-400.ttf]
[destinyabroadfoundation.org/wp-content/plugins/elementor/assets/lib/font-awesome/webfonts/fa-regular-400.svg]
[destinyabroadfoundation.org/wp-content/plugins/elementor/assets/lib/font-awesome/webfonts/fa-solid-900.eot]
[destinyabroadfoundation.org/wp-content/plugins/elementor/assets/lib/font-awesome/webfonts/fa-solid-900d41d.eot]
[destinyabroadfoundation.org/wp-content/plugins/elementor/assets/lib/font-awesome/webfonts/fa-solid-900.woff2]
[destinyabroadfoundation.org/wp-content/plugins/elementor/assets/lib/font-awesome/webfonts/fa-solid-900.woff]
[destinyabroadfoundation.org/wp-content/plugins/elementor/assets/lib/font-awesome/webfonts/fa-solid-900.ttf]
[destinyabroadfoundation.org/wp-content/plugins/elementor/assets/lib/font-awesome/css/all.mindcff.css]
[destinyabroadfoundation.org/wp-content/plugins/elementor/assets/lib/font-awesome/css/v4-shims.mindcff.css]
[destinyabroadfoundation.org/wp-content/themes/jupiterx/lib/assets/fonts/jupiterx.svg]
[destinyabroadfoundation.org/wp-content/plugins/elementor/assets/lib/font-awesome/fonts/fontawesome-webfont3e6e.svg]
[destinyabroadfoundation.org/wp-content/plugins/jupiterx-core/includes/extensions/raven/assets/lib/video-mejs/svg/jumpforward.svg]
[destinyabroadfoundation.org/wp-content/plugins/jupiterx-core/includes/extensions/raven/assets/lib/video-mejs/svg/skipback.svg]
[destinyabroadfoundation.org/wp-content/plugins/elementor/assets/lib/font-awesome/webfonts/fa-solid-900.svg]
[destinyabroadfoundation.org/wp-content/uploads/2018/11/about-us-bg-3-1.jpg]
[destinyabroadfoundation.org/wp-content/uploads/elementor/css/post-970e9.css]
[destinyabroadfoundation.org/indexb5fb.html]
[destinyabroadfoundation.org/wp-content/plugins/elementor/assets/lib/animations/animations.mindcff.css]
[destinyabroadfoundation.org/wp-content/uploads/2025/01/priscilla-du-preez-BjhUu6BpUZA-unsplash-scaled.jpg]
[destinyabroadfoundation.org/wp-content/uploads/elementor/css/post-15a17f.css]
[destinyabroadfoundation.org/indexa1ca.html]
[destinyabroadfoundation.org/wp-content/uploads/2018/10/image-gallery-001-1.jpg]
[destinyabroadfoundation.org/wp-content/uploads/elementor/css/post-11a1fc.css]
[destinyabroadfoundation.org/index5757.html]
[destinyabroadfoundation.org/wp-includes/css/dist/block-library/style.min0899.css]
[destinyabroadfoundation.org/egestas-luctus-urna-vitae-dapibus/feed/index.html]
[destinyabroadfoundation.org/wp-json/wp/v2/posts/802.json]
[destinyabroadfoundation.org/wp-json/oembed/1.0/embedaf96.json]
[destinyabroadfoundation.org/wp-json/oembed/1.0/embed07f3]
[destinyabroadfoundation.org/wp-content/uploads/2018/11/blog_04-1-150x150.jpg]
[destinyabroadfoundation.org/wp-includes/js/comment-reply.min0899.js]
[destinyabroadfoundation.org/egestas-luctus-urna-vitae-dapibus/index.html]
[destinyabroadfoundation.org/category/general/index.html]
[destinyabroadfoundation.org/wp-json/wp/v2/tags/7.json]
[destinyabroadfoundation.org/tag/helpful/index.html]
[destinyabroadfoundation.org/author/olami/index.html]
[destinyabroadfoundation.org/tag/helpful/feed/index.html]
[destinyabroadfoundation.org/wp-json/wp/v2/tags/8.json]
[destinyabroadfoundation.org/tag/life/index.html]
[destinyabroadfoundation.org/tag/life/feed/index.html]
[destinyabroadfoundation.org/wp-json/wp/v2/tags/9.json]
[destinyabroadfoundation.org/tag/peace/index.html]
[destinyabroadfoundation.org/tag/peace/feed/index.html]
[destinyabroadfoundation.org/wp-json/wp/v2/tags/10.json]
[destinyabroadfoundation.org/tag/world/index.html]
[destinyabroadfoundation.org/tag/world/feed/index.html]
[destinyabroadfoundation.org/massa-sit-amet-arcu/feed/index.html]
[destinyabroadfoundation.org/wp-json/wp/v2/posts/798.json]
[destinyabroadfoundation.org/wp-json/oembed/1.0/embedc5f6.json]
[destinyabroadfoundation.org/wp-json/oembed/1.0/embedf42e]
[destinyabroadfoundation.org/wp-content/uploads/2018/11/blog_03-1-150x150.jpg]
[destinyabroadfoundation.org/wp-content/uploads/2018/11/blog_05-1-150x150.jpg]
[destinyabroadfoundation.org/massa-sit-amet-arcu/index.html]
[destinyabroadfoundation.org/proin-urna-enim-semper/feed/index.html]
[destinyabroadfoundation.org/wp-json/wp/v2/posts/795.json]
[destinyabroadfoundation.org/wp-json/oembed/1.0/embed7bde.json]
[destinyabroadfoundation.org/wp-json/oembed/1.0/embeda2f5]
[destinyabroadfoundation.org/wp-content/uploads/2018/11/blog-03-msnvnfx79b3omqyhac3xr7j85g11gxnc1ns7ui4cyo-1-150x150.jpg]
[destinyabroadfoundation.org/proin-urna-enim-semper/index.html]
[destinyabroadfoundation.org/proin-vel-mauris-diam/feed/index.html]
[destinyabroadfoundation.org/wp-json/wp/v2/posts/791.json]
[destinyabroadfoundation.org/wp-json/oembed/1.0/embed3eea.json]
[destinyabroadfoundation.org/wp-json/oembed/1.0/embed31d1]
[destinyabroadfoundation.org/wp-content/uploads/2018/11/blog-01-msnvnd3oosztnx2kqsw21q8udaextuc519treo8jhc-1-150x150.jpg]
[destinyabroadfoundation.org/proin-vel-mauris-diam/index.html]
[destinyabroadfoundation.org/the-new-clear-and-bold-blog/feed/index.html]
[destinyabroadfoundation.org/wp-json/wp/v2/posts/729.json]
[destinyabroadfoundation.org/wp-json/oembed/1.0/embed52af.json]
[destinyabroadfoundation.org/the-new-clear-and-bold-blog/index.html]
[destinyabroadfoundation.org/wp-json/oembed/1.0/embedc834]
[destinyabroadfoundation.org/wp-content/plugins/elementor/assets/lib/font-awesome/webfonts/fa-brands-400.svg]
[destinyabroadfoundation.org/wp-content/plugins/elementor/assets/lib/font-awesome/webfonts/fa-regular-400.svg]
[destinyabroadfoundation.org/wp-content/plugins/elementor/assets/lib/font-awesome/webfonts/fa-solid-900.svg]
[destinyabroadfoundation.org/wp-content/uploads/jupiterx/compiler/jupiterx-post-802/412367c4ae0.css]
[destinyabroadfoundation.org/indexe98c.html]
[destinyabroadfoundation.org/xmlrpc.html]
[destinyabroadfoundation.org/category/general/feed/index.html]
[destinyabroadfoundation.org/wp-json/wp/v2/categories/6.json]
[destinyabroadfoundation.org/category/general/index.html]
[destinyabroadfoundation.org/wp-json/wp/v2/users/1.json]
[destinyabroadfoundation.org/author/olami/index.html]
[destinyabroadfoundation.org/wp-content/uploads/jupiterx/compiler/jupiterx-post-798/358a1034ae0.css]
[destinyabroadfoundation.org/index8ae4.html]
[destinyabroadfoundation.org/wp-content/uploads/jupiterx/compiler/jupiterx-post-795/b3e8be64ae0.css]
[destinyabroadfoundation.org/index043e.html]
[destinyabroadfoundation.org/wp-content/uploads/jupiterx/compiler/jupiterx-post-791/f64e57b4ae0.css]
[destinyabroadfoundation.org/index106b.html]
[destinyabroadfoundation.org/wp-content/uploads/jupiterx/compiler/jupiterx-post-729/033f3164ae0.css]
[destinyabroadfoundation.org/index66f9.html]
[destinyabroadfoundation.org/author/olami/feed/index.html]
