[preciousadedokun.com.ng/index.html]
[backblue.gif]
[fade.gif]
[index.html]
[preciousadedokun.com.ng/banner.png]
[preciousadedokun.com.ng/latest_ap.png]
[cdn.jsdelivr.net/npm/bootstrap-icons@1.11.3/font/bootstrap-icons.css]
[preciousadedokun.com.ng/projects.html]
[preciousadedokun.com.ng/contact.html]
[preciousadedokun.com.ng/github.html]
[preciousadedokun.com.ng/resume.pdf]
[preciousadedokun.com.ng/best web developer in nigeria.png]
[preciousadedokun.com.ng/about.html]
[preciousadedokun.com.ng/images/projects/proforms.jpg]
[preciousadedokun.com.ng/projects/27.html]
[preciousadedokun.com.ng/images/projects/devbio.jpg]
[preciousadedokun.com.ng/projects/26.html]
[preciousadedokun.com.ng/images/projects/drake_2.jpg]
[preciousadedokun.com.ng/projects/28.html]
[preciousadedokun.com.ng/images/projects/donia_1.jpg]
[preciousadedokun.com.ng/projects/29.html]
[preciousadedokun.com.ng/images/projects/meet.jpg]
[preciousadedokun.com.ng/projects/30.html]
[api.pikwy.com/web/6908ce085a364550f433bfc2.jpg]
[preciousadedokun.com.ng/projects/31.html]
[preciousadedokun.com.ng/services.html]
[preciousadedokun.com.ng/pricing.html]
[preciousadedokun.com.ng/ajax/contact.json]
[preciousadedokun.com.ng/index.html]
[cdn.jsdelivr.net/npm/bootstrap-icons@1.11.3/font/fonts/bootstrap-icons0107.woff2]
[cdn.jsdelivr.net/npm/bootstrap-icons@1.11.3/font/fonts/bootstrap-icons0107.woff]
[cdn.jsdelivr.net/npm/bootstrap-icons@1.11.3/font/bootstrap-icons.css]
[preciousadedokun.com.ng/images/ap.jpg]
[urlite.vercel.app/01.jpg]
[preciousadedokun.com.ng/projects/7.html]
[preciousadedokun.com.ng/projects/25.html]
[api.pikwy.com/web/68f0e82a9ca4fa1aa328da53.jpg]
[preciousadedokun.com.ng/projects/32.html]
[preciousadedokun.com.ng/projects/4.html]
[preciousadedokun.com.ng/projects/8.html]
[preciousadedokun.com.ng/projects/1.html]
[preciousadedokun.com.ng/projects/2.html]
[apweatherapp.vercel.app/img.jpg]
[preciousadedokun.com.ng/projects/10.html]
[preciousadedokun.com.ng/projects/5.html]
[apsports.vercel.app/img.jpg]
[preciousadedokun.com.ng/projects/24.html]
[preciousadedokun.com.ng/projects/9.html]
[preciousadedokun.com.ng/projects/3.html]
[preciousadedokun.com.ng/projects.html]
[preciousadedokun.com.ng/contact.html]
[preciousadedokun.com.ng/github.html]
[cdn.jsdelivr.net/npm/apexcharts@3.35.3/dist/apexcharts.css]
[preciousadedokun.com.ng/about-2.html]
[preciousadedokun.com.ng/me.jpg]
[preciousadedokun.com.ng/about.html]
[preciousadedokun.com.ng/projects/ajax/contact.2e.delayed]
[preciousadedokun.com.ng/projects/27.html]
[preciousadedokun.com.ng/projects/26.html]
[preciousadedokun.com.ng/images/projects/drake_1.jpg]
[preciousadedokun.com.ng/images/projects/drake_3.jpg]
[preciousadedokun.com.ng/projects/28.html]
[preciousadedokun.com.ng/images/projects/donia_3.jpg]
[preciousadedokun.com.ng/images/projects/donia_2.jpg]
[preciousadedokun.com.ng/projects/29.html]
[preciousadedokun.com.ng/projects/30.html]
[preciousadedokun.com.ng/projects/31.html]
[preciousadedokun.com.ng/services.html]
[cdnjs.cloudflare.com/ajax/libs/font-awesome/6.4.0/css/all.min.css]
[preciousadedokun.com.ng/pricing-2.html]
[preciousadedokun.com.ng/terms]
[preciousadedokun.com.ng/privacy]
[preciousadedokun.com.ng/pricing.html]
[urlite.vercel.app/02.jpg]
[preciousadedokun.com.ng/projects/7.html]
[preciousadedokun.com.ng/projects/25.html]
[api.pikwy.com/web/68f0e82a9ca4fa1aa328da53.html]
[preciousadedokun.com.ng/projects/32.html]
[preciousadedokun.com.ng/projects/4.html]
[preciousadedokun.com.ng/projects/8.html]
[preciousadedokun.com.ng/projects/1.html]
[preciousadedokun.com.ng/projects/2.html]
[preciousadedokun.com.ng/projects/10.html]
[preciousadedokun.com.ng/projects/5.html]
[preciousadedokun.com.ng/projects/24.html]
[preciousadedokun.com.ng/projects/9.html]
[preciousadedokun.com.ng/projects/3.html]
[cdn.jsdelivr.net/npm/apexcharts@3.35.3/dist/apexcharts.css]
[preciousadedokun.com.ng/about-2.html]
[preciousadedokun.com.ng/projects/ajax/contact.html]
[cdnjs.cloudflare.com/ajax/libs/font-awesome/6.4.0/css/all.min.css]
[preciousadedokun.com.ng/pricing-2.html]
[preciousadedokun.com.ng/terms.html]
[preciousadedokun.com.ng/privacy.html]
