[olami.com.ng/index.html]
[backblue.gif]
[fade.gif]
[index.html]
[olami.com.ng/wp-content/plugins/google-analytics-premium/pro/assets/js/privacy-guard.min.js]
[olami.com.ng/comments/feed/index.html]
[olami.com.ng/wp-content/litespeed/css/61d2161d5c609e75d43bac5ba12b22822141.css]
[olami.com.ng/feed/index.html]
[olami.com.ng/wp-json/index.html]
[olami.com.ng/wp-json/wp/v2/pages/52.json]
[olami.com.ng/wp-json/oembed/1.0/embed067c.json]
[olami.com.ng/wp-json/oembed/1.0/embed9a76]
[olami.com.ng/wp-content/uploads/2020/02/cropped-Asset-62x-32x32.png]
[olami.com.ng/wp-content/uploads/2020/02/cropped-Asset-62x-192x192.png]
[olami.com.ng/wp-content/uploads/2020/02/cropped-Asset-62x-180x180.png]
[olami.com.ng/wp-content/uploads/2020/02/cropped-Asset-52x-e1719419711863.png]
[olami.com.ng/wp-content/uploads/2025/04/photo_2025-04-21_21-35-55.jpg]
[olami.com.ng/wp-content/uploads/2019/08/photo_2024-12-10_10-08-29.jpg]
[olami.com.ng/about-me/index.html]
[olami.com.ng/portfolios/data/index.html]
[olami.com.ng/wp-content/uploads/2019/08/Asset-3@4x-100-scaled.jpg]
[olami.com.ng/portfolios/graphic/index.html]
[olami.com.ng/portfolios/index.html]
[olami.com.ng/web-services/index.html]
[olami.com.ng/services/index.html]
[olami.com.ng/wp-content/uploads/2019/08/photo_2025-01-13_21-25-07.jpg]
[olami.com.ng/portfolio/portfolio4/index.html]
[olami.com.ng/portfolio/portfolio6/index.html]
[olami.com.ng/portfolio/portfolio5/index.html]
[olami.com.ng/contact-me/index.html]
[olami.com.ng/wp-content/uploads/2019/08/23-e1747058677981.png]
[olami.com.ng/portfolio/portfolio3/index.html]
[olami.com.ng/wp-content/uploads/2019/08/Screenshot-20-e1747059028232.png]
[olami.com.ng/portfolio/portfolio2/index.html]
[olami.com.ng/wp-content/uploads/2020/02/cropped-Asset-62x-e1719423428963.png]
[olami.com.ng/the-hidden-cost-of-not-having-a-website-in-nigeria-dont-miss-out-on-opportunities/index.html]
[olami.com.ng/2025/04/index.html]
[olami.com.ng/portfolio/portfolio1/index.html]
[olami.com.ng/customer-acquisition-retention-strategies/index.html]
[olami.com.ng/top-free-tools-nigerian-entrepreneurs-2025/index.html]
[olami.com.ng/wp-content/plugins/litespeed-cache/guest.vary.html]
[olami.com.ng/index.html]
[olami.com.ng/do-i-need-website-redesign-nigeria/index.html]
[olami.com.ng/why-nigerian-businesses-need-website-2025/index.html]
[olami.com.ng/wp-content/themes/jupiterx/lib/assets/fonts/jupiterx.eot]
[olami.com.ng/logo-design-vs-branding-nigeria/index.html]
[olami.com.ng/wp-content/plugins/elementor/assets/lib/font-awesome/fonts/fontawesome-webfont3e6e.eot]
[olami.com.ng/wp-content/plugins/elementor/assets/lib/font-awesome/fonts/fontawesome-webfont3e6e.woff2]
[olami.com.ng/wp-content/plugins/elementor/assets/lib/font-awesome/fonts/fontawesome-webfont3e6e.woff]
[olami.com.ng/wp-content/plugins/elementor/assets/lib/font-awesome/fonts/fontawesome-webfontd41d.eot]
[olami.com.ng/wp-content/plugins/elementor/assets/lib/font-awesome/fonts/fontawesome-webfont3e6e.ttf]
[olami.com.ng/wp-content/plugins/jupiterx-core/includes/extensions/raven/assets/lib/video-mejs/svg/jumpforward.svg]
[olami.com.ng/wp-content/plugins/jupiterx-core/includes/extensions/raven/assets/lib/video-mejs/svg/skipback.svg]
[olami.com.ng/wp-content/plugins/jupiterx-core/includes/extensions/raven/assets/img/iti-tel-input/flags.png]
[olami.com.ng/wp-content/plugins/elementor/assets/lib/font-awesome/fonts/fontawesome-webfont3e6e.svg]
[olami.com.ng/wp-content/plugins/jupiterx-core/includes/extensions/raven/assets/img/iti-tel-input/flags@2x.png]
[olami.com.ng/wp-includes/fonts/dashicons7d4b.eot]
[olami.com.ng/wp-includes/fonts/dashicons7d4b.ttf]
[olami.com.ng/wp-content/uploads/2019/08/home-bg-02-1-e1747059882769.jpg]
[olami.com.ng/wp-content/plugins/elementor/assets/lib/font-awesome/webfonts/fa-brands-400.eot]
[olami.com.ng/wp-content/plugins/elementor/assets/lib/font-awesome/webfonts/fa-brands-400d41d.eot]
[olami.com.ng/wp-content/plugins/elementor/assets/lib/font-awesome/webfonts/fa-brands-400.woff2]
[olami.com.ng/wp-content/plugins/elementor/assets/lib/font-awesome/webfonts/fa-brands-400.woff]
[olami.com.ng/wp-content/plugins/elementor/assets/lib/font-awesome/webfonts/fa-brands-400.ttf]
[olami.com.ng/wp-content/plugins/elementor/assets/lib/font-awesome/webfonts/fa-brands-400.svg]
[olami.com.ng/wp-content/plugins/elementor/assets/lib/font-awesome/webfonts/fa-regular-400d41d.eot]
[olami.com.ng/wp-content/plugins/elementor/assets/lib/font-awesome/webfonts/fa-regular-400.eot]
[olami.com.ng/wp-content/plugins/elementor/assets/lib/font-awesome/webfonts/fa-regular-400.woff2]
[olami.com.ng/wp-content/plugins/elementor/assets/lib/font-awesome/webfonts/fa-regular-400.woff]
[olami.com.ng/wp-content/plugins/elementor/assets/lib/font-awesome/webfonts/fa-regular-400.ttf]
[olami.com.ng/wp-content/plugins/elementor/assets/lib/font-awesome/webfonts/fa-regular-400.svg]
[olami.com.ng/wp-content/plugins/elementor/assets/lib/font-awesome/webfonts/fa-solid-900.eot]
[olami.com.ng/wp-content/plugins/elementor/assets/lib/font-awesome/webfonts/fa-solid-900d41d.eot]
[olami.com.ng/wp-content/plugins/elementor/assets/lib/font-awesome/webfonts/fa-solid-900.woff2]
[olami.com.ng/wp-content/plugins/elementor/assets/lib/font-awesome/webfonts/fa-solid-900.woff]
[olami.com.ng/wp-content/plugins/elementor/assets/lib/font-awesome/webfonts/fa-solid-900.ttf]
[olami.com.ng/wp-content/uploads/elementor/google-fonts/fonts/poppins-pxiayp8kv8jhgfvrjjlme0tmmpkzsq.woff2]
[olami.com.ng/wp-content/litespeed/css/61d2161d5c609e75d43bac5ba12b22822141.css]
[olami.com.ng/xmlrpc0db0.html]
[olami.com.ng/wp-content/plugins/elementor/assets/lib/font-awesome/webfonts/fa-solid-900.svg]
[olami.com.ng/wp-json/wp/v2/pages/40.json]
[olami.com.ng/wp-content/litespeed/css/251bca114a844319818d4d682d8757532141.css]
[olami.com.ng/wp-json/oembed/1.0/embedf9cf.json]
[olami.com.ng/wp-json/oembed/1.0/embed5076]
[olami.com.ng/about-me/index.html]
[olami.com.ng/wp-json/wp/v2/pages/43.json]
[olami.com.ng/wp-content/litespeed/css/b0e08d675518190d2dee15fab979e71c2141.css]
[olami.com.ng/wp-json/oembed/1.0/embed4f72.json]
[olami.com.ng/wp-json/oembed/1.0/embed6b5d]
[olami.com.ng/portfolios/index.html]
[olami.com.ng/wp-json/wp/v2/pages/813.json]
[olami.com.ng/wp-content/litespeed/css/7c1dfba51d1de2a11bc71309bbaa19662141.css]
[olami.com.ng/wp-json/oembed/1.0/embedc82f.json]
[olami.com.ng/wp-json/oembed/1.0/embed6c90]
[olami.com.ng/wp-content/uploads/2024/05/photo_7_2024-04-30_21-33-42.jpg]
[olami.com.ng/wp-content/uploads/2024/05/calm.png]
[olami.com.ng/wp-content/uploads/2024/05/photo_2_2024-04-30_21-33-42.jpg]
[olami.com.ng/wp-content/uploads/2024/05/photo_4_2024-04-30_21-33-42.jpg]
[olami.com.ng/wp-content/uploads/2024/05/photo_8_2024-04-30_21-33-42.jpg]
[olami.com.ng/wp-content/uploads/2024/05/photo_12_2024-04-30_21-33-42.jpg]
[olami.com.ng/wp-content/uploads/2024/05/photo_14_2024-04-30_21-33-42.jpg]
[olami.com.ng/wp-content/uploads/2024/05/photo_17_2024-04-30_21-33-42.jpg]
[olami.com.ng/wp-content/uploads/2024/05/photo_18_2024-04-30_21-33-42.jpg]
[olami.com.ng/wp-content/uploads/2024/05/WhatsApp-Image-2024-05-01-at-11.19.00_59a563fa.jpg]
[olami.com.ng/wp-content/uploads/2024/05/WhatsApp-Image-2024-05-01-at-11.19.00_a9f5dd7f.jpg]
[olami.com.ng/wp-content/uploads/2025/03/photo_31_2025-03-03_17-18-05.jpg]
[olami.com.ng/wp-content/uploads/2025/03/photo_1_2025-03-03_17-18-05.jpg]
[olami.com.ng/wp-content/uploads/2025/03/photo_3_2025-03-03_17-18-05.jpg]
[olami.com.ng/wp-content/uploads/2025/03/photo_5_2025-03-03_17-18-05.jpg]
[olami.com.ng/wp-content/uploads/2025/03/photo_6_2025-03-03_17-18-05.jpg]
[olami.com.ng/wp-content/uploads/2025/03/photo_7_2025-03-03_17-18-05.jpg]
[olami.com.ng/wp-content/uploads/2025/03/photo_8_2025-03-03_17-18-05.jpg]
[olami.com.ng/wp-content/uploads/2025/03/photo_9_2025-03-03_17-18-05.jpg]
[olami.com.ng/wp-content/uploads/2025/03/photo_12_2025-03-03_17-18-05.jpg]
[olami.com.ng/wp-content/uploads/2025/03/photo_13_2025-03-03_17-18-05.jpg]
[olami.com.ng/wp-content/uploads/2025/03/photo_14_2025-03-03_17-18-05.jpg]
[olami.com.ng/wp-content/uploads/2025/03/photo_15_2025-03-03_17-18-05.jpg]
[olami.com.ng/wp-content/uploads/2025/03/photo_18_2025-03-03_17-18-05.jpg]
[olami.com.ng/wp-content/uploads/2025/03/photo_19_2025-03-03_17-18-05.jpg]
[olami.com.ng/wp-content/uploads/2025/03/photo_20_2025-03-03_17-18-05.jpg]
[olami.com.ng/wp-content/uploads/2025/03/photo_22_2025-03-03_17-18-05.jpg]
[olami.com.ng/wp-content/uploads/2025/03/photo_27_2025-03-03_17-18-05.jpg]
[olami.com.ng/wp-content/uploads/2025/03/photo_29_2025-03-03_17-18-05.jpg]
[olami.com.ng/wp-content/uploads/2025/03/photo_28_2025-03-03_17-18-05.jpg]
[olami.com.ng/portfolios/graphic/index.html]
[olami.com.ng/wp-content/litespeed/css/8f31960eaf792e1db62f4ff508bf7e6d2141.css]
[olami.com.ng/wp-json/wp/v2/pages/946.json]
[olami.com.ng/wp-json/oembed/1.0/embedd21d.json]
[olami.com.ng/wp-json/oembed/1.0/embede945]
[olami.com.ng/portfolios/data/index.html]
[olami.com.ng/wp-json/wp/v2/pages/46.json]
[olami.com.ng/wp-content/litespeed/css/616b41bb2df87ab4e911cbac8d7deb8c2141.css]
[olami.com.ng/wp-json/oembed/1.0/embedee65.json]
[olami.com.ng/wp-json/oembed/1.0/embed8129]
[olami.com.ng/services/index.html]
[olami.com.ng/wp-json/wp/v2/pages/861.json]
[olami.com.ng/wp-content/litespeed/css/3312aa33292f8dde77a74891aaa810542141.css]
[olami.com.ng/wp-json/oembed/1.0/embed04a9.json]
[olami.com.ng/wp-json/oembed/1.0/embed255a]
[olami.com.ng/web-services/index.html]
[olami.com.ng/wp-content/litespeed/css/d5daddcd7c5f8c1a00b6c894a2f4a4462141.css]
[olami.com.ng/wp-json/wp/v2/pages/49.json]
[olami.com.ng/wp-json/oembed/1.0/embeda5d5.json]
[olami.com.ng/wp-json/oembed/1.0/embed5f6c]
[olami.com.ng/contact-me/index.html]
[olami.com.ng/portfolio/portfolio6/feed/index.html]
[olami.com.ng/wp-json/wp/v2/portfolio/1155.json]
[olami.com.ng/wp-content/litespeed/css/89bcbd2c9387167b921c81b2493a9abd2141.css]
[olami.com.ng/wp-json/oembed/1.0/embeded4b.json]
[olami.com.ng/wp-json/oembed/1.0/embed2ed6]
[olami.com.ng/portfolio/portfolio6/index.html]
[olami.com.ng/portfolio/portfolio4/feed/index.html]
[olami.com.ng/blogg/index.html]
[olami.com.ng/wp-content/litespeed/css/1f731fef2fb1288a729b8e87254c3c152141.css]
[olami.com.ng/wp-json/wp/v2/portfolio/104.json]
[olami.com.ng/wp-json/oembed/1.0/embedfa6e.json]
[olami.com.ng/wp-json/oembed/1.0/embedf04b]
[olami.com.ng/portfolio/portfolio4/index.html]
[olami.com.ng/portfolio/portfolio5/feed/index.html]
[olami.com.ng/wp-content/litespeed/css/73dbe2d7dc2a69bdb0873bcf43ad537c2141.css]
[olami.com.ng/wp-json/wp/v2/portfolio/103.json]
[olami.com.ng/wp-json/oembed/1.0/embedab7e.json]
[olami.com.ng/wp-json/oembed/1.0/embedecb3]
[olami.com.ng/portfolio/portfolio5/index.html]
[olami.com.ng/portfolio/portfolio3/feed/index.html]
[olami.com.ng/wp-json/wp/v2/portfolio/101.json]
[olami.com.ng/wp-content/litespeed/css/af25a7bb7cab2d4aa9dc0c01849a10642141.css]
[olami.com.ng/wp-json/oembed/1.0/embed1d97.json]
[olami.com.ng/wp-json/oembed/1.0/embed4a23]
[olami.com.ng/portfolio/portfolio3/index.html]
[olami.com.ng/portfolio/portfolio2/feed/index.html]
[olami.com.ng/wp-content/litespeed/css/1745cd9db6326563166c1ebe75f71cfd2141.css]
[olami.com.ng/wp-json/wp/v2/portfolio/100.json]
[olami.com.ng/wp-json/oembed/1.0/embed3aaf.json]
[olami.com.ng/wp-json/oembed/1.0/embedbd16]
[olami.com.ng/portfolio/portfolio2/index.html]
[olami.com.ng/portfolio/portfolio1/feed/index.html]
[olami.com.ng/wp-json/wp/v2/portfolio/99.json]
[olami.com.ng/wp-content/litespeed/css/368019426e5b9505eaa15b3b93e637062141.css]
[olami.com.ng/wp-json/oembed/1.0/embed8e16.json]
[olami.com.ng/wp-json/oembed/1.0/embed9d18]
[olami.com.ng/portfolio/portfolio1/index.html]
[olami.com.ng/shop/index.html]
[olami.com.ng/wp-json/wp/v2/posts/1140.json]
[olami.com.ng/wp-content/litespeed/css/1562b04411826aa95bb2e3f4998603b62141.css]
[olami.com.ng/the-hidden-cost-of-not-having-a-website-in-nigeria-dont-miss-out-on-opportunities/feed/index.html]
[olami.com.ng/wp-json/oembed/1.0/embeded40.json]
[olami.com.ng/wp-json/oembed/1.0/embed3e43]
[olami.com.ng/category/uncategorized/index.html]
[olami.com.ng/the-hidden-cost-of-not-having-a-website-in-nigeria-dont-miss-out-on-opportunities/index.html]
[olami.com.ng/wp-login6513.html]
[olami.com.ng/2025/04/index.html]
[olami.com.ng/top-5-mistakes-to-avoid-when-hiring-a-web-designer-in-nigeria/index.html]
[olami.com.ng/tag/acquisition/index.html]
[olami.com.ng/tag/business/index.html]
[olami.com.ng/tag/customer/index.html]
[olami.com.ng/author/olami/index.html]
[olami.com.ng/wp-json/wp/v2/posts/1147.json]
[olami.com.ng/tag/retention/index.html]
[olami.com.ng/tag/branding/index.html]
[olami.com.ng/wp-json/oembed/1.0/embedb0db.json]
[olami.com.ng/tag/logo/index.html]
[olami.com.ng/tag/web/index.html]
[olami.com.ng/tag/graphic/index.html]
[olami.com.ng/tag/web-designer/index.html]
[olami.com.ng/tag/website/index.html]
[olami.com.ng/wp-json/oembed/1.0/embed91f7]
[olami.com.ng/tag/content/index.html]
[olami.com.ng/tag/nigerian/index.html]
[olami.com.ng/tag/old/index.html]
[olami.com.ng/tag/hiring/index.html]
[olami.com.ng/tag/avoid/index.html]
[olami.com.ng/tag/mistakes/index.html]
[olami.com.ng/tag/nigeria/index.html]
[olami.com.ng/tag/wordpress/index.html]
[olami.com.ng/how-to-choose-the-best-web-developer-in-nigeria/index.html]
[olami.com.ng/tag/web-developer/index.html]
[olami.com.ng/customer-acquisition-retention-strategies/index.html]
[olami.com.ng/3-common-wordpress-errors-how-to-fix-them-save-time-sanity/index.html]
[olami.com.ng/tag/common/index.html]
[olami.com.ng/tag/errors/index.html]
[olami.com.ng/wp-login2327.html]
[olami.com.ng/tag/fix/index.html]
[olami.com.ng/wp-json/wp/v2/posts/1127.json]
[olami.com.ng/customer-acquisition-retention-strategies/feed/index.html]
[olami.com.ng/top-free-tools-nigerian-entrepreneurs-2025/feed/index.html]
[olami.com.ng/wp-json/oembed/1.0/embed4725.json]
[olami.com.ng/wp-json/oembed/1.0/embed5368]
[olami.com.ng/top-free-tools-nigerian-entrepreneurs-2025/index.html]
[olami.com.ng/wp-loginc18d.html]
[olami.com.ng/wp-content/litespeed/css/7ed4f314a1cc96bc95ef87206d795f76b015.css]
[olami.com.ng/logo-design-vs-branding-nigeria/feed/index.html]
[olami.com.ng/wp-content/litespeed/css/7aa7867c0290b66e6e15c96eb058be785b89.css]
[olami.com.ng/wp-content/litespeed/css/64a1fcd1379bcf3a0f3684e561a3879dabb1.css]
[olami.com.ng/wp-content/litespeed/css/2ae1891b07eb9acd4085a5d352ab405047f9.css]
[olami.com.ng/wp-content/litespeed/css/c8702c88c243d58067f25a8cbf4b0ade47e0.css]
[olami.com.ng/wp-content/litespeed/css/dd58163903103ecd986319109edd92c4ccca.css]
[olami.com.ng/wp-content/litespeed/css/89299609f86065b68e9c95ca556fe2be27d5.css]
[olami.com.ng/wp-content/litespeed/css/f1cbacce89f5d69dd3086dcd4a63799dd2b0.css]
[olami.com.ng/wp-content/litespeed/css/db1685a21c29a15afde62aee44256cb03b0e.css]
[olami.com.ng/wp-content/litespeed/css/6c9070f34bd092ff88eb5c7d6c56378af404.css]
[olami.com.ng/wp-content/litespeed/css/4df862943e463ab7430950c5576038aae376.css]
[olami.com.ng/wp-content/litespeed/css/03030956ce5230913b819c23c2648af437a7.css]
[olami.com.ng/wp-content/litespeed/css/921f7127ca5b30706d479c5c36d8b91a22ce.css]
[olami.com.ng/wp-content/litespeed/css/d76b05702715a31723f4f77cde86bbafdd9d.css]
[olami.com.ng/wp-content/litespeed/css/ee1058710b659ab884e718a276d74eb804b0.css]
[olami.com.ng/wp-content/litespeed/css/6f210776e1b5f86411d25b048d8d4116c451.css]
[olami.com.ng/wp-content/litespeed/css/3e7cff1365c14456e9704799f3306ec153e1.css]
[olami.com.ng/wp-content/litespeed/css/ededb35e0db2fdc6d3f1193414eda98df1ae.css]
[olami.com.ng/wp-content/plugins/google-analytics-premium/assets/js/frontend-gtag.min.js]
[olami.com.ng/wp-includes/js/jquery/jquery.min.js]
[olami.com.ng/wp-content/litespeed/js/10d578e512eae1aaaa37e3b7495f73ab6199.js]
[olami.com.ng/wp-content/litespeed/js/5e90a5f4cad728b8d4cc5dec0eaad6253e93.js]
[olami.com.ng/wp-content/litespeed/js/d34e7d020f2cbc1128ae11c89328feaefff5.js]
[olami.com.ng/wp-content/litespeed/js/d9a11c568ab73cb063307d96c5fd0f30a665.js]
[olami.com.ng/wp-json/wp/v2/posts/1124.json]
[olami.com.ng/wp-json/oembed/1.0/embedeb98.json]
[olami.com.ng/wp-json/oembed/1.0/embedd9af]
[olami.com.ng/category/web/index.html]
[olami.com.ng/wp-content/litespeed/avatar/86db4508f9d2728c410681b09e7a3a25852c.jpg]
[olami.com.ng/wp-content/uploads/2025/04/ChatGPT-Image-Apr-5-2025-12_35_05-AM-e1743811299316-300x281.png]
[olami.com.ng/wp-logindb3d.html]
[olami.com.ng/wp-content/litespeed/css/9c676267f39713460dab6d6e2d227f7b4c74.css]
[olami.com.ng/wp-content/litespeed/css/c1424528773c932086f80cd1f7740ae7aafe.css]
[olami.com.ng/wp-content/litespeed/css/bf193430b3a09002d1ff9c9d39066b1ef1ed.css]
[olami.com.ng/wp-content/litespeed/js/8ffaf338f4af5cf3608b363557cc7bb0852d.js]
[olami.com.ng/wp-content/litespeed/js/dff7acbb8b60cd9f4a3866431683756d545c.js]
[olami.com.ng/wp-content/litespeed/js/615196a388c0fbb5b1551267a68eb26613b8.js]
[olami.com.ng/wp-content/litespeed/js/897bc3d9f347f09b4208ba5eb06218e9e398.js]
[olami.com.ng/wp-content/litespeed/js/62de646f6488ff66a509aa8ac645b139c2c6.js]
[olami.com.ng/wp-content/litespeed/js/2128036ae462217a436c69579fde55f5ee07.js]
[olami.com.ng/wp-content/litespeed/js/1200371c7fdf850bc766d8953e23b7b826ef.js]
[olami.com.ng/wp-content/litespeed/js/880e1c8046352148222d4e4717c4deb64230.js]
[olami.com.ng/wp-content/litespeed/js/788ff4601a6b14b645c43e5c21a4e750735e.js]
[olami.com.ng/wp-content/litespeed/js/d45c442418ac2b2b5746b3b1eb82f85f23a2.js]
[olami.com.ng/wp-content/litespeed/js/fdb781e54934a58041b9230293b5b53218f8.js]
[olami.com.ng/wp-content/litespeed/js/e8a21c7d0cad648bbfdfbcc4273fda4eb9b9.js]
[olami.com.ng/wp-content/litespeed/js/0eacd11e01489851be471f7e4607948a2e1e.js]
[olami.com.ng/wp-content/litespeed/js/b711dbc0c546c9cff5b3e44ae7d8aa251220.js]
[olami.com.ng/wp-content/litespeed/js/84f246c895791e6e2534b8cbb635eaa2270e.js]
[olami.com.ng/wp-content/litespeed/js/99cd0ed3fb34bf83b026c05048958560d6e1.js]
[olami.com.ng/wp-content/litespeed/js/d1f9267f1252efff36f6ad514444de3b4c0f.js]
[olami.com.ng/wp-content/litespeed/js/8c1ed0973a30a02a1f6572ebde9b7dcb692e.js]
[olami.com.ng/wp-content/litespeed/js/f6ef4fd6b7fc94bbb26392731124d64469eb.js]
[olami.com.ng/wp-content/litespeed/js/9204f918cb1203b9ebba2e8d56392b342e3d.js]
[olami.com.ng/logo-design-vs-branding-nigeria/index.html]
[olami.com.ng/wp-content/litespeed/js/9f665321aa5cd0f77141b40a47586105414f.js]
[olami.com.ng/wp-content/litespeed/js/bf6273a0311b9dd1b7dd466e4510019ee061.js]
[olami.com.ng/do-i-need-website-redesign-nigeria/feed/index.html]
[olami.com.ng/wp-json/wp/v2/posts/1122.json]
[olami.com.ng/wp-json/oembed/1.0/embedda44.json]
[olami.com.ng/wp-json/oembed/1.0/embedbb49]
[olami.com.ng/do-i-need-website-redesign-nigeria/index.html]
[olami.com.ng/wp-login8fe0.html]
[olami.com.ng/why-nigerian-businesses-need-website-2025/feed/index.html]
[olami.com.ng/wp-json/wp/v2/posts/1119.json]
[olami.com.ng/wp-json/oembed/1.0/embedd4ce.json]
[olami.com.ng/wp-json/oembed/1.0/embed9709]
[olami.com.ng/why-nigerian-businesses-need-website-2025/index.html]
[olami.com.ng/wp-content/plugins/litespeed-cache/guest.vary.html]
[olami.com.ng/wp-content/plugins/elementor/assets/lib/font-awesome/fonts/fontawesome-webfont3e6e.svg]
[olami.com.ng/wp-content/plugins/jupiterx-core/includes/extensions/raven/assets/lib/video-mejs/svg/jumpforward.svg]
[olami.com.ng/wp-content/plugins/jupiterx-core/includes/extensions/raven/assets/lib/video-mejs/svg/skipback.svg]
[olami.com.ng/wp-content/plugins/elementor/assets/lib/font-awesome/webfonts/fa-brands-400.svg]
[olami.com.ng/wp-content/plugins/elementor/assets/lib/font-awesome/webfonts/fa-regular-400.svg]
[olami.com.ng/wp-login03a3.html]
[olami.com.ng/wp-content/plugins/elementor/assets/lib/font-awesome/webfonts/fa-solid-900.svg]
[olami.com.ng/wp-content/litespeed/css/251bca114a844319818d4d682d8757532141.css]
[olami.com.ng/index3ba0.html]
[olami.com.ng/wp-content/litespeed/css/b0e08d675518190d2dee15fab979e71c2141.css]
[olami.com.ng/index4170.html]
[olami.com.ng/wp-content/litespeed/css/7c1dfba51d1de2a11bc71309bbaa19662141.css]
[olami.com.ng/index9ab8.html]
[olami.com.ng/wp-content/uploads/2025/02/breadcrumbs-style.png]
[olami.com.ng/wp-content/uploads/elementor/google-fonts/fonts/josefinsans-qw3ezqnved7rkgkxtqiqx5eucex1xhgciw.woff2]
[olami.com.ng/wp-content/litespeed/css/8f31960eaf792e1db62f4ff508bf7e6d2141.css]
[olami.com.ng/indexdca8.html]
[olami.com.ng/wp-content/litespeed/css/616b41bb2df87ab4e911cbac8d7deb8c2141.css]
[olami.com.ng/index7ea6.html]
[olami.com.ng/graphic/index.html]
[olami.com.ng/wp-content/litespeed/css/3312aa33292f8dde77a74891aaa810542141.css]
[olami.com.ng/index2bd3.html]
[olami.com.ng/wp-content/uploads/2019/08/contact-01-1.png]
[olami.com.ng/wp-content/litespeed/css/d5daddcd7c5f8c1a00b6c894a2f4a4462141.css]
[olami.com.ng/index0012.html]
[olami.com.ng/wp-content/litespeed/css/89bcbd2c9387167b921c81b2493a9abd2141.css]
[olami.com.ng/indexc494.html]
[olami.com.ng/xmlrpc.html]
[olami.com.ng/blogg/feed/index.html]
[olami.com.ng/blogg/wp-content/litespeed/css/9c95163a57f6fb942836a37891da5977e424.css]
[olami.com.ng/blogg/comments/feed/index.html]
[olami.com.ng/blogg/wp-content/litespeed/css/5db09db56083ea8e757c474e2623a4c9ecc8.css]
[olami.com.ng/blogg/wp-content/litespeed/css/d16d404b654a4a4517d2afdca8d7afca536e.css]
[olami.com.ng/blogg/wp-content/litespeed/css/8adf5c49cf46f1c9356ce78f3891ad2b5b88.css]
[olami.com.ng/blogg/wp-content/litespeed/css/0caf3a66e50f32c5540766fe171c8682bab7.css]
[olami.com.ng/blogg/wp-content/litespeed/css/54e316970b69e40ac417c9d06f5bfd5fcf3e.css]
[olami.com.ng/blogg/wp-content/litespeed/css/2435527f455ea91c48c16f0ef737704de754.css]
[olami.com.ng/blogg/wp-content/litespeed/css/047e4485cf41fc3d550a703e82163586ced5.css]
[olami.com.ng/blogg/wp-content/litespeed/css/d75a85aa89bf76672d0e7076832c74fcdffe.css]
[olami.com.ng/blogg/wp-content/litespeed/css/d9e2ac97db8ffd5624806b0f9dc9aedf505b.css]
[olami.com.ng/blogg/wp-content/litespeed/css/7dad427d6634fdb114cce74241d76c8c593b.css]
[olami.com.ng/blogg/wp-content/litespeed/css/51d3e5b12553999b56e22fb91308855c2285.css]
[olami.com.ng/blogg/wp-content/litespeed/css/1ffd5ff95274e052a44c30df1fcae2e232d2.css]
[olami.com.ng/blogg/wp-content/litespeed/css/8d569e3a6dfb26cdec390a0e1a56072c061e.css]
[olami.com.ng/blogg/wp-content/litespeed/css/313bc8c43d5ef4eed15b6e6bc63a1231e6d9.css]
[olami.com.ng/blogg/wp-content/litespeed/css/9cfa5da96876b8417dd14002d6ce0fca5cd5.css]
[olami.com.ng/blogg/wp-content/litespeed/css/f1cc294d3fa353c697b8f109bed78fbbe32b.css]
[olami.com.ng/blogg/wp-content/litespeed/css/185bf3001bd4a1d5a99c11026814122f3b7a.css]
[olami.com.ng/blogg/wp-content/litespeed/css/67148123eda8ad86b89f779e28cf9a7d2ae1.css]
[olami.com.ng/blogg/wp-content/litespeed/css/e7c06be8da1fa7b1320907907420fa9f8927.css]
[olami.com.ng/blogg/wp-content/litespeed/css/797a693117529add1d115a81ecd9eb1c3a39.css]
[olami.com.ng/blogg/wp-content/litespeed/css/e542da8eacd706ae10a26758a4aa9153e130.css]
[olami.com.ng/blogg/wp-content/litespeed/css/84d08605dd24257baa347be100896e084eb8.css]
[olami.com.ng/blogg/wp-content/litespeed/css/cb447e325fc9eeda16995961fe909fda97b2.css]
[olami.com.ng/blogg/wp-content/litespeed/css/0043f14910a5aba71f116c0c8f5f5ac25543.css]
[olami.com.ng/blogg/wp-content/litespeed/css/46762f2567c7f1326e6ee412561ae3d1f635.css]
[olami.com.ng/blogg/wp-includes/js/jquery/jquery.min.js]
[olami.com.ng/blogg/wp-content/litespeed/js/748a23a5085de9784bfa8bc29f8a3c2096b4.js]
[olami.com.ng/blogg/wp-content/litespeed/js/9060dfab6bbadbe6e921f9cac971737febd9.js]
[olami.com.ng/blogg/wp-content/litespeed/js/97e25f3e9ca1b5b8177886683c5d545f1a7a.js]
[player.vimeo.com/api/player0899.js]
[olami.com.ng/blogg/wp-content/litespeed/js/7042bd77238f11e7d26d5c89d5b0952751d3.js]
[olami.com.ng/blogg/wp-json/wp/v2/pages/169.json]
[olami.com.ng/blogg/wp-json/index.html]
[olami.com.ng/blogg/wp-json/oembed/1.0/embed8c32.json]
[olami.com.ng/blogg/wp-json/oembed/1.0/embedb83c]
[olami.com.ng/blogg/wp-content/uploads/2025/04/photo_2024-12-10_10-08-29-150x150.jpg]
[olami.com.ng/blogg/wp-content/uploads/2025/04/photo_2024-12-10_10-08-29-300x300.jpg]
[olami.com.ng/blogg/wp-content/uploads/2025/04/photo_2025-04-21_21-35-55-removebg-preview-e1745268128805.png]
[olami.com.ng/blogg/wp-content/uploads/2020/03/blog-celeb-03.jpg]
[olami.com.ng/blogg/fashion/index.html]
[olami.com.ng/blogg/about/index.html]
[olami.com.ng/blogg/wp-content/uploads/2020/03/blog-celeb-04.jpg]
[olami.com.ng/blogg/millie-bobby-brown-is-dropping-a-jewelry-collection-22/index.html]
[olami.com.ng/blogg/millie-bobby-brown-is-dropping-a-jewelry-collection-21/index.html]
[olami.com.ng/blogg/contact/index.html]
[olami.com.ng/blogg/millie-bobby-brown-is-dropping-a-jewelry-collection-20/index.html]
[olami.com.ng/blogg/wp-content/uploads/2020/03/blog-celeb-05.jpg]
[olami.com.ng/blogg/millie-bobby-brown-is-dropping-a-jewelry-collection-19/index.html]
[olami.com.ng/blogg/wp-content/uploads/2020/03/blog-celeb-04-150x150.jpg]
[olami.com.ng/blogg/millie-bobby-brown-is-dropping-a-jewelry-collection-18/index.html]
[olami.com.ng/blogg/millie-bobby-brown-is-dropping-a-jewelry-collection-17/index.html]
[olami.com.ng/blogg/wp-content/uploads/2020/03/blog-celeb-05-150x150.jpg]
[olami.com.ng/blogg/category/celebrity/index.html]
[olami.com.ng/blogg/2020/03/30/index.html]
[olami.com.ng/blogg/wp-content/uploads/2020/03/blog-celeb-02-150x150.jpg]
[i.ytimg.com/vi/qJ_MGWio-vc/hqdefault.jpg]
[olami.com.ng/blogg/wp-content/uploads/2020/03/blog-celeb-02.jpg]
[olami.com.ng/blogg/wp-content/uploads/2020/03/blog-celeb-06.jpg]
[olami.com.ng/blogg/wp-content/uploads/2020/03/blog-celeb-08.jpg]
[olami.com.ng/blogg/wp-content/uploads/2020/03/blog-style-01.jpg]
[olami.com.ng/blogg/wp-content/uploads/2020/03/blog-style-06.jpg]
[olami.com.ng/blogg/category/style/index.html]
[olami.com.ng/blogg/wp-content/uploads/2020/03/blog-style-05.jpg]
[olami.com.ng/blogg/wp-content/uploads/2020/03/blog-style-04.jpg]
[olami.com.ng/blogg/millie-bobby-brown-is-dropping-a-jewelry-collection-16/index.html]
[olami.com.ng/blogg/wp-content/uploads/2020/03/blog-celeb-03-150x150.jpg]
[olami.com.ng/blogg/millie-bobby-brown-is-dropping-a-jewelry-collection-15/index.html]
[olami.com.ng/blogg/millie-bobby-brown-is-dropping-a-jewelry-collection-14/index.html]
[olami.com.ng/blogg/millie-bobby-brown-is-dropping-a-jewelry-collection-13/index.html]
[olami.com.ng/blogg/wp-content/litespeed/css/474b5d3789958148199d433a66dab917e56d.css]
[olami.com.ng/blogg/wp-content/litespeed/js/dbde7312a4435c8d1af11a6affb1da098d2e.js]
[olami.com.ng/blogg/404-2/index.html]
[olami.com.ng/blogg/wp-content/litespeed/js/9daf69b8f1ab7a45930cf5772da647eb2c3f.js]
[olami.com.ng/blogg/wp-content/litespeed/js/d33accbb616309a53832b645b1df32386a2b.js]
[olami.com.ng/blogg/wp-content/litespeed/js/1a48615a7af912b224582dfd48fd791ef1a2.js]
[olami.com.ng/blogg/wp-content/litespeed/js/5007d859b91590862e8f84e90a0c0a1576bd.js]
[olami.com.ng/blogg/wp-content/litespeed/js/b7e4a1e8b9977ebe4a3403884162820936cc.js]
[olami.com.ng/blogg/wp-content/litespeed/js/8be66695f9ca464c869635152b7871ae82c7.js]
[olami.com.ng/blogg/wp-content/litespeed/js/4e5db8ff2aa641f5dfb9df2d0c1c2d403488.js]
[olami.com.ng/blogg/wp-content/litespeed/js/39875c09f38df16ba692c4f3ce329f96421a.js]
[olami.com.ng/blogg/wp-content/litespeed/js/062c560f39052c9628c9d733b068620a0ad9.js]
[olami.com.ng/blogg/wp-content/litespeed/js/5d4b6008375b9e62a80daf4d1f5d303e3720.js]
[olami.com.ng/blogg/wp-content/litespeed/js/2547c56247b01951a35dcd66c5ef99a7a403.js]
[olami.com.ng/blogg/wp-content/litespeed/js/3a51d79d5a10759875dffe5840f8db7f9033.js]
[olami.com.ng/blogg/wp-content/litespeed/js/1d31c4c5259f09cbc0bf69fca4bd96175de5.js]
[olami.com.ng/blogg/wp-content/litespeed/js/bdd75ff0e80e0f05eb9ea9f9d15dbeac3d80.js]
[olami.com.ng/blogg/wp-content/litespeed/js/4519e686435fa5f2e4affbc0f91236bd3cb8.js]
[olami.com.ng/blogg/wp-content/litespeed/js/a64cc5688d83c3eb53ad9db22ee57b50554d.js]
[olami.com.ng/blogg/wp-content/litespeed/js/98d323860eb445b97c6cc77bb8a03e43dc96.js]
[olami.com.ng/blogg/wp-content/litespeed/js/e47cb676fb3ea68c26a478c783b1da302244.js]
[olami.com.ng/blogg/wp-content/litespeed/js/85eabf81917ec7fe1a26305367c8000b6431.js]
[olami.com.ng/blogg/wp-content/litespeed/js/ddbe58c2f711589486aba6d35a5af2f21aad.js]
[olami.com.ng/blogg/index.html]
[olami.com.ng/blogg/wp-content/litespeed/js/1553058b463fa537aba3015ecf14c455bef2.js]
[olami.com.ng/wp-content/litespeed/css/1f731fef2fb1288a729b8e87254c3c152141.css]
[olami.com.ng/index9430.html]
[olami.com.ng/wp-content/litespeed/css/73dbe2d7dc2a69bdb0873bcf43ad537c2141.css]
[olami.com.ng/indexe6f0.html]
[olami.com.ng/blogg/wp-content/litespeed/js/03839e7375debd6180f1d621d79f130b2601.js]
[olami.com.ng/wp-content/litespeed/css/af25a7bb7cab2d4aa9dc0c01849a10642141.css]
[olami.com.ng/index198a.html]
[olami.com.ng/wp-content/litespeed/css/1745cd9db6326563166c1ebe75f71cfd2141.css]
[olami.com.ng/index3f5a.html]
[olami.com.ng/wp-content/litespeed/css/368019426e5b9505eaa15b3b93e637062141.css]
[olami.com.ng/index5401.html]
[olami.com.ng/shop/feed/index.html]
[olami.com.ng/shop/comments/feed/index.html]
[olami.com.ng/shop/wp-json/wp/v2/pages/12104.json]
[olami.com.ng/shop/wp-content/litespeed/css/d290e3ee7f5e912b03a6a085c66162f40b92.css]
[olami.com.ng/shop/wp-json/oembed/1.0/embed166a.json]
[olami.com.ng/shop/wp-json/index.html]
[olami.com.ng/shop/wp-json/oembed/1.0/embed81a8]
[olami.com.ng/shop/wp-content/uploads/2024/11/Asset-6@2x.png]
[olami.com.ng/shop/wp-content/fonts/jost/92zPtBhPNqw79Ij1E865zBUv7mx9IjVFNIg8mg.woff2]
[olami.com.ng/shop/wp-content/fonts/jost/92zPtBhPNqw79Ij1E865zBUv7mx9IjVPNIg8mg.woff2]
[olami.com.ng/shop/wp-content/fonts/jost/92zPtBhPNqw79Ij1E865zBUv7mx9IjVBNIg.woff2]
[olami.com.ng/shop/wp-content/plugins/litespeed-cache/guest.vary.html]
[olami.com.ng/shop/index.html]
[olami.com.ng/shop/my-account/index.html]
[olami.com.ng/shop/wishlist/index.html]
[olami.com.ng/wp-content/litespeed/css/1562b04411826aa95bb2e3f4998603b62141.css]
[olami.com.ng/shop/cart/index.html]
[olami.com.ng/shop/shop/index.html]
[olami.com.ng/indexc7a9.html]
[olami.com.ng/shop/store-locator/index.html]
[olami.com.ng/shop/about-us/index.html]
[olami.com.ng/shop/faq/index.html]
[olami.com.ng/shop/contact-us/index.html]
[olami.com.ng/shop/shipping-returns/index.html]
[olami.com.ng/author/olami/index.html]
[olami.com.ng/category/uncategorized/index.html]
[olami.com.ng/top-5-mistakes-to-avoid-when-hiring-a-web-designer-in-nigeria/index.html]
[olami.com.ng/wp-login6513.html]
[olami.com.ng/tag/acquisition/index.html]
[olami.com.ng/tag/business/index.html]
[olami.com.ng/tag/customer/index.html]
[olami.com.ng/tag/retention/index.html]
[olami.com.ng/tag/branding/index.html]
[olami.com.ng/tag/graphic/index.html]
[olami.com.ng/tag/logo/index.html]
[olami.com.ng/tag/web/index.html]
[olami.com.ng/tag/web-designer/index.html]
[olami.com.ng/tag/website/index.html]
[olami.com.ng/tag/content/index.html]
[olami.com.ng/tag/old/index.html]
[olami.com.ng/tag/nigerian/index.html]
[olami.com.ng/tag/avoid/index.html]
[olami.com.ng/tag/hiring/index.html]
[olami.com.ng/tag/mistakes/index.html]
[olami.com.ng/tag/nigeria/index.html]
[olami.com.ng/tag/wordpress/index.html]
[olami.com.ng/how-to-choose-the-best-web-developer-in-nigeria/index.html]
[olami.com.ng/tag/web-developer/index.html]
[olami.com.ng/3-common-wordpress-errors-how-to-fix-them-save-time-sanity/index.html]
[olami.com.ng/tag/common/index.html]
[olami.com.ng/tag/errors/index.html]
[olami.com.ng/tag/fix/index.html]
[olami.com.ng/index5a4f.html]
