[henpresscare.com/copy/index.html]
[backblue.gif]
[fade.gif]
[index.html]
[henpresscare.com/copy/wp-content/themes/astra/assets/css/minified/main.min2720.css]
[henpresscare.com/copy/feed/index.html]
[henpresscare.com/copy/comments/feed/index.html]
[henpresscare.com/copy/wp-content/plugins/elementor/assets/css/frontend.min2801.css]
[henpresscare.com/copy/wp-content/uploads/elementor/css/post-7937b.css]
[henpresscare.com/copy/wp-content/plugins/elementor/assets/css/widget-image-box.min2801.css]
[henpresscare.com/copy/wp-content/plugins/elementor/assets/css/widget-image.min2801.css]
[henpresscare.com/copy/wp-content/plugins/elementor/assets/css/widget-testimonial.min2801.css]
[henpresscare.com/copy/wp-content/uploads/elementor/css/post-275937b.css]
[henpresscare.com/copy/wp-content/uploads/elementor/google-fonts/css/robotof9f5.css]
[henpresscare.com/copy/wp-content/uploads/elementor/google-fonts/css/robotoslabb921.css]
[henpresscare.com/copy/wp-includes/js/jquery/jquery-migrate.min5589.js]
[henpresscare.com/copy/wp-json/wp/v2/pages/275.json]
[henpresscare.com/copy/wp-includes/js/jquery/jquery.minf43b.js]
[henpresscare.com/copy/wp-json/oembed/1.0/embedaa61.json]
[henpresscare.com/copy/wp-json/oembed/1.0/embeddb93]
[henpresscare.com/copy/wp-content/uploads/2025/06/pexels-photo-7188547-1.jpg]
[henpresscare.com/copy/wp-content/uploads/2025/06/pexels-photo-6646774-1.jpg]
[henpresscare.com/copy/about/index.html]
[henpresscare.com/copy/wp-content/uploads/2025/06/pexels-photo-4058376-1.jpg]
[henpresscare.com/copy/wp-json/index.html]
[henpresscare.com/copy/wp-content/uploads/2025/06/pexels-photo-3912959-1.jpg]
[henpresscare.com/copy/offerings/index.html]
[henpresscare.com/copy/blog/index.html]
[henpresscare.com/copy/contact/index.html]
[henpresscare.com/copy/wp-content/uploads/2025/06/testimonial-skip-01.jpg]
[henpresscare.com/copy/wp-content/uploads/2025/06/pexels-photo-8127501-1.jpg]
[henpresscare.com/copy/wp-content/uploads/2025/06/pexels-photo-7188919-1.jpeg]
[henpresscare.com/copy/wp-content/themes/astra/assets/js/minified/frontend.min2720.js]
[henpresscare.com/copy/wp-content/plugins/gutenberg/build/dom-ready/index.min7228.js]
[henpresscare.com/copy/wp-content/plugins/astra-sites/inc/lib/onboarding/assets/dist/template-preview/maina11c.js]
[henpresscare.com/copy/wp-content/plugins/elementor/assets/js/webpack.runtime.min2801.js]
[henpresscare.com/copy/wp-content/plugins/elementor/assets/js/frontend-modules.min2801.js]
[henpresscare.com/copy/wp-includes/js/jquery/ui/core.minb37e.js]
[henpresscare.com/copy/wp-content/plugins/elementor/assets/js/frontend.min2801.js]
[henpresscare.com/copy/index.html]
[henpresscare.com/copy/wp-content/themes/astra/assets/css/minified/main.min2720.css]
[henpresscare.com/copy/wp-content/plugins/elementor/assets/css/frontend.min2801.css]
[henpresscare.com/copy/wp-content/uploads/elementor/css/post-7937b.css]
[henpresscare.com/copy/wp-content/plugins/elementor/assets/css/widget-image-box.min2801.css]
[henpresscare.com/copy/wp-content/plugins/elementor/assets/css/widget-image.min2801.css]
[henpresscare.com/copy/wp-content/plugins/elementor/assets/css/widget-testimonial.min2801.css]
[henpresscare.com/copy/wp-content/uploads/2025/06/pexels-photo-6646975-1.jpg]
[henpresscare.com/copy/wp-content/uploads/2025/06/pexels-photo-6111599-1.jpg]
[henpresscare.com/copy/wp-content/uploads/2025/06/pexels-photo-7265363-1.jpg]
[henpresscare.com/copy/wp-content/uploads/elementor/css/post-275937b.css]
[henpresscare.com/copy/wp-content/uploads/elementor/google-fonts/fonts/roboto-kfo5cnqeu92fr1mu53zec9_vu3r1gihoszmkc3kawzu.woff2]
[henpresscare.com/copy/wp-content/uploads/elementor/google-fonts/fonts/roboto-kfo5cnqeu92fr1mu53zec9_vu3r1gihoszmkankawzu.woff2]
[henpresscare.com/copy/wp-content/uploads/elementor/google-fonts/fonts/roboto-kfo5cnqeu92fr1mu53zec9_vu3r1gihoszmkcnkawzu.woff2]
[henpresscare.com/copy/wp-content/uploads/elementor/google-fonts/fonts/roboto-kfo5cnqeu92fr1mu53zec9_vu3r1gihoszmkbxkawzu.woff2]
[henpresscare.com/copy/wp-content/uploads/elementor/google-fonts/fonts/roboto-kfo5cnqeu92fr1mu53zec9_vu3r1gihoszmkenkawzu.woff2]
[henpresscare.com/copy/wp-content/uploads/elementor/google-fonts/fonts/roboto-kfo5cnqeu92fr1mu53zec9_vu3r1gihoszmkahkawzu.woff2]
[henpresscare.com/copy/wp-content/uploads/elementor/google-fonts/fonts/roboto-kfo5cnqeu92fr1mu53zec9_vu3r1gihoszmkcxkawzu.woff2]
[henpresscare.com/copy/wp-content/uploads/elementor/google-fonts/fonts/roboto-kfo5cnqeu92fr1mu53zec9_vu3r1gihoszmkchkawzu.woff2]
[henpresscare.com/copy/wp-content/uploads/elementor/google-fonts/fonts/roboto-kfo5cnqeu92fr1mu53zec9_vu3r1gihoszmkbnka.woff2]
[henpresscare.com/copy/wp-content/uploads/elementor/google-fonts/fonts/roboto-kfo7cnqeu92fr1me7ksn66agldtyluama3gubgee.woff2]
[henpresscare.com/copy/wp-content/uploads/elementor/google-fonts/fonts/roboto-kfo7cnqeu92fr1me7ksn66agldtyluama3iubgee.woff2]
[henpresscare.com/copy/wp-content/uploads/elementor/google-fonts/fonts/roboto-kfo7cnqeu92fr1me7ksn66agldtyluama3cubgee.woff2]
[henpresscare.com/copy/wp-content/uploads/elementor/google-fonts/fonts/roboto-kfo7cnqeu92fr1me7ksn66agldtyluama3-ubgee.woff2]
[henpresscare.com/copy/wp-content/uploads/elementor/google-fonts/fonts/roboto-kfo7cnqeu92fr1me7ksn66agldtyluamawcubgee.woff2]
[henpresscare.com/copy/wp-content/uploads/elementor/google-fonts/fonts/roboto-kfo7cnqeu92fr1me7ksn66agldtyluamaxkubgee.woff2]
[henpresscare.com/copy/wp-content/uploads/elementor/google-fonts/fonts/roboto-kfo7cnqeu92fr1me7ksn66agldtyluama3oubgee.woff2]
[henpresscare.com/copy/wp-content/uploads/elementor/google-fonts/fonts/roboto-kfo7cnqeu92fr1me7ksn66agldtyluama3kubgee.woff2]
[henpresscare.com/copy/wp-content/uploads/elementor/google-fonts/fonts/roboto-kfo7cnqeu92fr1me7ksn66agldtyluama3yuba.woff2]
[henpresscare.com/copy/wp-content/uploads/elementor/google-fonts/css/robotof9f5.css]
[henpresscare.com/copy/wp-content/uploads/elementor/google-fonts/fonts/robotoslab-bngmuxzytxpivibgjjsb6ufa5qw54a.woff2]
[henpresscare.com/copy/wp-content/uploads/elementor/google-fonts/fonts/robotoslab-bngmuxzytxpivibgjjsb6ufj5qw54a.woff2]
[henpresscare.com/copy/wp-content/uploads/elementor/google-fonts/fonts/robotoslab-bngmuxzytxpivibgjjsb6ufb5qw54a.woff2]
[henpresscare.com/copy/wp-content/uploads/elementor/google-fonts/fonts/robotoslab-bngmuxzytxpivibgjjsb6ufo5qw54a.woff2]
[henpresscare.com/copy/wp-content/uploads/elementor/google-fonts/fonts/robotoslab-bngmuxzytxpivibgjjsb6ufc5qw54a.woff2]
[henpresscare.com/copy/wp-content/uploads/elementor/google-fonts/fonts/robotoslab-bngmuxzytxpivibgjjsb6ufd5qw54a.woff2]
[henpresscare.com/copy/wp-content/uploads/elementor/google-fonts/fonts/robotoslab-bngmuxzytxpivibgjjsb6ufn5qu.woff2]
[henpresscare.com/copy/wp-content/uploads/elementor/google-fonts/css/robotoslabb921.css]
[henpresscare.com/copy/xmlrpc0db0.html]
[henpresscare.com/copy/wp-content/plugins/elementor/assets/css/widget-heading.min2801.css]
[henpresscare.com/copy/wp-content/uploads/elementor/css/post-276d51b.css]
[henpresscare.com/copy/wp-json/wp/v2/pages/276.json]
[henpresscare.com/copy/wp-json/oembed/1.0/embedba85.json]
[henpresscare.com/copy/about/index.html]
[henpresscare.com/copy/wp-json/oembed/1.0/embed57fa]
[henpresscare.com/copy/wp-content/uploads/elementor/css/post-277d4be.css]
[henpresscare.com/copy/wp-json/wp/v2/pages/277.json]
[henpresscare.com/copy/wp-json/oembed/1.0/embedbf61.json]
[henpresscare.com/copy/wp-json/oembed/1.0/embed8dbd]
[henpresscare.com/copy/wp-content/uploads/2025/06/pexels-photo-8653978-1.jpg]
[henpresscare.com/copy/wp-content/uploads/2025/06/pexels-photo-6646777-1.jpg]
[henpresscare.com/copy/wp-content/uploads/2025/06/pexels-photo-6671039-1.jpg]
[henpresscare.com/copy/wp-content/uploads/2025/06/testimonial-skip-02.jpg]
[henpresscare.com/copy/wp-content/uploads/2025/06/pexels-photo-6288105-1.jpg]
[henpresscare.com/copy/wp-content/uploads/2025/06/pexels-photo-4056440-1.jpg]
[henpresscare.com/copy/offerings/index.html]
[henpresscare.com/copy/wp-content/uploads/2025/06/pexels-photo-6111599.jpg]
[henpresscare.com/copy/wp-content/plugins/gutenberg/build/block-library/stylebfbc.css]
[henpresscare.com/copy/wp-content/uploads/2025/06/pexels-photo-6646774.jpg]
[henpresscare.com/copy/wp-content/uploads/2025/06/pexels-photo-4058376.jpg]
[henpresscare.com/copy/post-1/index.html]
[henpresscare.com/copy/category/general/index.html]
[henpresscare.com/copy/wp-content/uploads/2025/06/pexels-photo-3912959.jpg]
[henpresscare.com/copy/blog/index.html]
[henpresscare.com/copy/author/olami/index.html]
[henpresscare.com/copy/post-2/index.html]
[henpresscare.com/copy/post-3/index.html]
[henpresscare.com/copy/category/uncategorized/index.html]
[henpresscare.com/copy/wp-content/plugins/elementor/assets/css/widget-icon-list.min2801.css]
[henpresscare.com/copy/wp-content/uploads/elementor/css/post-279e6fc.css]
[henpresscare.com/copy/wp-json/wp/v2/pages/279.json]
[henpresscare.com/copy/wp-json/oembed/1.0/embed2096.json]
[henpresscare.com/copy/hello-world/index.html]
[henpresscare.com/copy/wp-json/oembed/1.0/embedb2ab]
[henpresscare.com/copy/wp-content/plugins/sureforms/assets/css/minified/blocks/default/frontend.minb34d.css]
[henpresscare.com/copy/wp-content/plugins/sureforms/assets/css/minified/common.minb34d.css]
[henpresscare.com/copy/wp-content/plugins/sureforms/assets/css/minified/frontend/form.minb34d.css]
[henpresscare.com/copy/wp-content/plugins/sureforms/assets/css/minified/deps/tom-selectb34d.css]
[henpresscare.com/copy/wp-content/plugins/sureforms/assets/css/minified/deps/intl/intlTelInput.minb34d.css]
[henpresscare.com/copy/wp-content/plugins/sureforms/assets/js/minified/blocks/input.minb34d.js]
[henpresscare.com/copy/wp-content/plugins/sureforms/assets/js/minified/blocks/textarea.minb34d.js]
[henpresscare.com/copy/wp-content/plugins/sureforms/assets/js/minified/deps/inputmask.minb34d.js]
[henpresscare.com/copy/wp-content/plugins/gutenberg/build/hooks/index.min9871.js]
[henpresscare.com/copy/wp-content/plugins/gutenberg/build/i18n/index.min6f98.js]
[henpresscare.com/copy/wp-includes/js/dist/vendor/wp-polyfill.min2c7c.js]
[henpresscare.com/copy/wp-content/plugins/gutenberg/build/url/index.min6220.js]
[henpresscare.com/copy/wp-content/plugins/gutenberg/build/api-fetch/index.min3471.js]
[henpresscare.com/copy/wp-admin/admin-ajaxf809.html]
[henpresscare.com/copy/wp-content/plugins/sureforms/assets/build/formSubmitb34d.js]
[henpresscare.com/copy/wp-content/plugins/sureforms/assets/js/minified/frontend.minb34d.js]
[henpresscare.com/copy/contact/index.html]
[henpresscare.com/contact/index.html]
[henpresscare.com/about/index.html]
[henpresscare.com/offerings/index.html]
[henpresscare.com/copy/wp-content/plugins/elementor/assets/css/widget-heading.min2801.css]
[henpresscare.com/copy/wp-content/uploads/2025/06/pexels-photo-7402859-1.jpg]
[henpresscare.com/copy/wp-content/uploads/elementor/css/post-276d51b.css]
[henpresscare.com/copy/index44be.html]
[henpresscare.com/copy/wp-content/uploads/2025/06/pexels-photo-8415690-1.jpg]
[henpresscare.com/copy/wp-content/uploads/2025/06/pexels-photo-3009777-1.jpg]
[henpresscare.com/copy/wp-content/uploads/2025/06/pexels-photo-6288093-1.jpg]
[henpresscare.com/copy/wp-content/uploads/elementor/css/post-277d4be.css]
[henpresscare.com/copy/index9076.html]
[henpresscare.com/copy/wp-content/plugins/gutenberg/build/block-library/stylebfbc.css]
[henpresscare.com/copy/wp-json/wp/v2/posts/247.json]
[henpresscare.com/copy/post-1/feed/index.html]
[henpresscare.com/copy/wp-json/oembed/1.0/embedec43.json]
[henpresscare.com/copy/wp-json/oembed/1.0/embed03a8]
[henpresscare.com/copy/wp-includes/js/comment-reply.min0899.js]
[henpresscare.com/copy/post-1/index.html]
[henpresscare.com/copy/wp-json/wp/v2/categories/3.json]
[henpresscare.com/copy/category/general/index.html]
[henpresscare.com/copy/category/general/feed/index.html]
[henpresscare.com/copy/author/olami/feed/index.html]
[henpresscare.com/copy/wp-json/wp/v2/users/1.json]
[henpresscare.com/copy/author/olami/index.html]
[henpresscare.com/copy/post-2/feed/index.html]
[henpresscare.com/copy/wp-json/wp/v2/posts/246.json]
[henpresscare.com/copy/wp-json/oembed/1.0/embed57e4.json]
[henpresscare.com/copy/wp-json/oembed/1.0/embed958d]
[henpresscare.com/copy/post-2/index.html]
[henpresscare.com/copy/wp-json/wp/v2/posts/244.json]
[henpresscare.com/copy/post-3/feed/index.html]
[henpresscare.com/copy/wp-json/oembed/1.0/embedb48c.json]
[henpresscare.com/copy/post-3/index.html]
[henpresscare.com/copy/wp-json/oembed/1.0/embedbf57]
[henpresscare.com/copy/wp-json/wp/v2/categories/1.json]
[henpresscare.com/copy/category/uncategorized/index.html]
[henpresscare.com/copy/category/uncategorized/feed/index.html]
[henpresscare.com/copy/wp-json/wp/v2/posts/1.json]
[henpresscare.com/copy/hello-world/feed/index.html]
[henpresscare.com/copy/wp-json/oembed/1.0/embedd21b.json]
[henpresscare.com/copy/hello-world/index.html]
[henpresscare.com/copy/wp-content/plugins/elementor/assets/css/widget-icon-list.min2801.css]
[henpresscare.com/copy/wp-json/oembed/1.0/embedbbba]
[henpresscare.com/copy/wp-content/uploads/2025/06/pexels-photo-6981135-1.jpg]
[henpresscare.com/copy/hello-world/index6809.html]
[henpresscare.com/copy/wp-content/uploads/2025/06/pexels-photo-6111583-1.jpg]
[henpresscare.com/copy/wp-content/uploads/elementor/css/post-279e6fc.css]
[henpresscare.com/copy/index45c8.html]
[henpresscare.com/copy/wp-content/plugins/sureforms/assets/css/minified/blocks/default/frontend.minb34d.css]
[henpresscare.com/copy/wp-content/plugins/sureforms/assets/css/minified/common.minb34d.css]
[henpresscare.com/copy/wp-content/plugins/sureforms/assets/css/minified/frontend/form.minb34d.css]
[henpresscare.com/copy/wp-content/plugins/sureforms/assets/css/minified/deps/tom-selectb34d.css]
[henpresscare.com/copy/wp-content/plugins/sureforms/assets/css/minified/deps/intl/img/flags.webp]
[henpresscare.com/copy/wp-content/plugins/sureforms/assets/css/minified/deps/intl/img/flags@2x.webp]
[henpresscare.com/copy/wp-content/plugins/sureforms/assets/css/minified/deps/intl/img/globe.webp]
[henpresscare.com/copy/wp-content/plugins/sureforms/assets/css/minified/deps/intl/img/globe@2x.webp]
[henpresscare.com/copy/wp-content/plugins/sureforms/assets/css/minified/deps/intl/intlTelInput.minb34d.css]
[henpresscare.com/copy/wp-admin/admin-ajaxf809.html]
[henpresscare.com/copy/index8cf0.html]
[henpresscare.com/copy/xmlrpc.html]
[henpresscare.com/copy/index88a0.html]
[henpresscare.com/copy/index4978.html]
[henpresscare.com/copy/indexcff1.html]
[henpresscare.com/copy/hello-world/index6809.html]
