[destinyabroadfoundation.org/heart/index.html]
[backblue.gif]
[fade.gif]
[index.html]
[destinyabroadfoundation.org/heart/wp-content/plugins/jupiterx-core/includes/extensions/raven/assets/lib/animate/animate.min268f.css]
[destinyabroadfoundation.org/heart/feed/index.html]
[destinyabroadfoundation.org/heart/comments/feed/index.html]
[destinyabroadfoundation.org/heart/wp-content/uploads/jupiterx/compiler/jupiterx/d006faf268f.css]
[destinyabroadfoundation.org/heart/wp-content/uploads/jupiterx/compiler/jupiterx-elements-dynamic-styles/5164acb268f.css]
[destinyabroadfoundation.org/heart/wp-content/plugins/elementor/assets/css/frontend.min2801.css]
[destinyabroadfoundation.org/heart/wp-content/plugins/elementor/assets/css/widget-image.min2801.css]
[destinyabroadfoundation.org/heart/wp-content/plugins/elementor/assets/css/widget-icon-list.min2801.css]
[destinyabroadfoundation.org/heart/wp-content/plugins/elementor/assets/lib/animations/styles/e-animation-pulse-shrink.min2801.css]
[destinyabroadfoundation.org/heart/wp-content/plugins/elementor/assets/css/widget-social-icons.min2801.css]
[destinyabroadfoundation.org/heart/wp-content/plugins/elementor/assets/css/conditionals/apple-webkit.min2801.css]
[destinyabroadfoundation.org/heart/wp-content/plugins/elementor/assets/lib/font-awesome/css/font-awesome.min1849.css]
[destinyabroadfoundation.org/heart/wp-content/uploads/elementor/css/post-16063aa.css]
[destinyabroadfoundation.org/heart/wp-content/plugins/jupiterx-core/includes/extensions/raven/assets/css/frontend.min0899.css]
[destinyabroadfoundation.org/heart/wp-content/plugins/elementor-pro/assets/css/conditionals/popup.min401f.css]
[destinyabroadfoundation.org/heart/wp-content/plugins/elementor/assets/lib/flatpickr/flatpickr.min4e7f.css]
[destinyabroadfoundation.org/heart/wp-content/plugins/elementor/assets/css/widget-heading.min2801.css]
[destinyabroadfoundation.org/heart/wp-content/plugins/elementor/assets/css/widget-divider.min2801.css]
[destinyabroadfoundation.org/heart/wp-content/plugins/elementor/assets/css/widget-icon-box.min2801.css]
[destinyabroadfoundation.org/heart/wp-content/uploads/elementor/css/post-309b71.css]
[destinyabroadfoundation.org/heart/wp-content/uploads/elementor/css/post-2299b71.css]
[destinyabroadfoundation.org/heart/wp-content/uploads/elementor/css/post-3719b71.css]
[destinyabroadfoundation.org/heart/wp-content/plugins/elementor/assets/lib/font-awesome/css/all.min2801.css]
[destinyabroadfoundation.org/heart/wp-content/plugins/elementor/assets/lib/font-awesome/css/v4-shims.min2801.css]
[destinyabroadfoundation.org/heart/wp-content/uploads/elementor/google-fonts/css/robotob34e.css]
[destinyabroadfoundation.org/heart/wp-content/uploads/elementor/google-fonts/css/robotoslab7f20.css]
[destinyabroadfoundation.org/heart/wp-includes/js/jquery/jquery.minf43b.js]
[destinyabroadfoundation.org/heart/wp-includes/js/jquery/jquery-migrate.min5589.js]
[destinyabroadfoundation.org/heart/wp-content/themes/jupiterx/lib/admin/assets/lib/webfont/webfont.min8a33.js]
[destinyabroadfoundation.org/heart/wp-content/themes/jupiterx/lib/assets/dist/js/utils.min268f.js]
[destinyabroadfoundation.org/heart/wp-content/plugins/elementor/assets/lib/font-awesome/js/v4-shims.min2801.js]
[destinyabroadfoundation.org/heart/wp-json/wp/v2/pages/30.json]
[destinyabroadfoundation.org/heart/wp-json/index.html]
[destinyabroadfoundation.org/heart/wp-json/oembed/1.0/embed5204.json]
[destinyabroadfoundation.org/heart/wp-json/oembed/1.0/embed2e36]
[destinyabroadfoundation.org/heart/wp-content/uploads/2024/12/photo_2024-12-10_10-08-29-removebg-preview-150x150.png]
[destinyabroadfoundation.org/heart/wp-content/uploads/2024/12/photo_2024-12-10_10-08-29-removebg-preview.png]
[destinyabroadfoundation.org/heart/wp-content/uploads/2024/12/photo_2024-12-10_10-02-21-removebg-preview.png]
[destinyabroadfoundation.org/heart/wp-content/uploads/2020/12/about-img.jpg]
[destinyabroadfoundation.org/heart/resources/index.html]
[destinyabroadfoundation.org/heart/services/index.html]
[destinyabroadfoundation.org/heart/wp-content/uploads/2025/01/boy-681x1024.jpg]
[destinyabroadfoundation.org/heart/contact-us/index.html]
[destinyabroadfoundation.org/heart/about-us/index.html]
[destinyabroadfoundation.org/heart/wp-content/uploads/2020/12/services-img-1.jpg]
[destinyabroadfoundation.org/heart/wp-content/uploads/2020/12/services-img-2.jpg]
[destinyabroadfoundation.org/heart/wp-content/uploads/2020/12/services-img-3.jpg]
[destinyabroadfoundation.org/heart/wp-content/uploads/2020/12/servies-img-4.jpg]
[destinyabroadfoundation.org/heart/wp-content/uploads/2020/12/services-img-5.jpg]
[destinyabroadfoundation.org/heart/wp-content/uploads/2020/12/services-img-6.jpg]
[destinyabroadfoundation.org/heart/wp-content/uploads/2020/12/case-study-img-1.jpg]
[destinyabroadfoundation.org/heart/wp-content/uploads/2020/12/case-study-img-2.jpg]
[destinyabroadfoundation.org/heart/wp-content/uploads/2020/12/case-study-img-3.jpg]
[destinyabroadfoundation.org/heart/wp-content/uploads/2020/12/case-study-img-4.jpg]
[destinyabroadfoundation.org/heart/wp-content/uploads/2024/12/photo_2024-12-04_11-54-41-removebg-preview-300x47.png]
[destinyabroadfoundation.org/heart/wp-content/plugins/jupiterx-core/includes/woocommerce/wc-quick-view268f.js]
[destinyabroadfoundation.org/heart/wp-includes/js/underscore.min3ab8.js]
[destinyabroadfoundation.org/heart/wp-content/plugins/elementor/assets/js/webpack.runtime.min2801.js]
[destinyabroadfoundation.org/heart/wp-content/themes/jupiterx/lib/assets/dist/js/frontend.min268f.js]
[destinyabroadfoundation.org/heart/wp-content/plugins/elementor/assets/js/frontend-modules.min2801.js]
[destinyabroadfoundation.org/heart/wp-includes/js/jquery/ui/core.minb37e.js]
[destinyabroadfoundation.org/heart/wp-content/plugins/elementor/assets/js/frontend.min2801.js]
[destinyabroadfoundation.org/heart/wp-content/plugins/jupiterx-core/includes/extensions/raven/assets/lib/smartmenus/jquery.smartmenus.minf488.js]
[destinyabroadfoundation.org/heart/wp-content/plugins/jupiterx-core/includes/extensions/raven/assets/lib/url-polyfill/url-polyfill.min5a2c.js]
[destinyabroadfoundation.org/heart/wp-content/plugins/elementor-pro/assets/js/webpack-pro.runtime.min401f.js]
[destinyabroadfoundation.org/heart/wp-includes/js/dist/hooks.min4fdd.js]
[destinyabroadfoundation.org/heart/wp-includes/js/dist/i18n.minc33c.js]
[destinyabroadfoundation.org/heart/wp-content/plugins/elementor-pro/assets/js/frontend.min401f.js]
[destinyabroadfoundation.org/heart/wp-content/plugins/elementor-pro/assets/js/elements-handlers.min401f.js]
[destinyabroadfoundation.org/heart/wp-content/plugins/jet-elements/assets/js/lib/waypoints/waypoints05da.js]
[destinyabroadfoundation.org/heart/wp-content/plugins/jet-elements/assets/js/jet-elements.mina77c.js]
[destinyabroadfoundation.org/heart/wp-includes/js/wp-util.min0899.js]
[destinyabroadfoundation.org/heart/index.html]
[destinyabroadfoundation.org/heart/wp-content/plugins/elementor/assets/lib/flatpickr/flatpickr.min4e7f.js]
[destinyabroadfoundation.org/heart/wp-content/plugins/jupiterx-core/includes/extensions/raven/assets/lib/animate/animate.min268f.css]
[destinyabroadfoundation.org/heart/wp-content/plugins/jupiterx-core/includes/extensions/raven/assets/js/frontend.min0899.js]
[destinyabroadfoundation.org/heart/wp-content/themes/jupiterx/lib/assets/fonts/jupiterx.eot]
[destinyabroadfoundation.org/heart/wp-content/themes/jupiterx/lib/assets/fonts/jupiterxd41d.eot]
[destinyabroadfoundation.org/heart/wp-content/themes/jupiterx/lib/assets/fonts/jupiterx.woff2]
[destinyabroadfoundation.org/heart/wp-content/themes/jupiterx/lib/assets/fonts/jupiterx.woff]
[destinyabroadfoundation.org/heart/wp-content/themes/jupiterx/lib/assets/fonts/jupiterx.ttf]
[destinyabroadfoundation.org/heart/wp-content/uploads/jupiterx/compiler/jupiterx/d006faf268f.css]
[destinyabroadfoundation.org/heart/wp-content/uploads/jupiterx/compiler/jupiterx-elements-dynamic-styles/5164acb268f.css]
[destinyabroadfoundation.org/heart/wp-content/plugins/elementor/assets/css/frontend.min2801.css]
[destinyabroadfoundation.org/heart/wp-content/plugins/elementor/assets/css/widget-image.min2801.css]
[destinyabroadfoundation.org/heart/wp-content/plugins/elementor/assets/css/widget-icon-list.min2801.css]
[destinyabroadfoundation.org/heart/wp-content/plugins/elementor/assets/lib/animations/styles/e-animation-pulse-shrink.min2801.css]
[destinyabroadfoundation.org/heart/wp-content/plugins/elementor/assets/css/widget-social-icons.min2801.css]
[destinyabroadfoundation.org/heart/wp-content/plugins/elementor/assets/css/conditionals/apple-webkit.min2801.css]
[destinyabroadfoundation.org/heart/wp-content/themes/jupiterx/lib/assets/fonts/jupiterx.svg]
[destinyabroadfoundation.org/heart/wp-content/plugins/elementor/assets/lib/font-awesome/fonts/fontawesome-webfontd41d.eot]
[destinyabroadfoundation.org/heart/wp-content/plugins/elementor/assets/lib/font-awesome/fonts/fontawesome-webfont3e6e.eot]
[destinyabroadfoundation.org/heart/wp-content/plugins/elementor/assets/lib/font-awesome/fonts/fontawesome-webfont3e6e.woff2]
[destinyabroadfoundation.org/heart/wp-content/plugins/elementor/assets/lib/font-awesome/fonts/fontawesome-webfont3e6e.woff]
[destinyabroadfoundation.org/heart/wp-content/plugins/elementor/assets/lib/font-awesome/fonts/fontawesome-webfont3e6e.ttf]
[destinyabroadfoundation.org/heart/wp-content/plugins/elementor/assets/lib/font-awesome/css/font-awesome.min1849.css]
[destinyabroadfoundation.org/heart/wp-content/plugins/jupiterx-core/includes/extensions/raven/assets/lib/video-mejs/svg/jumpforward.svg]
[destinyabroadfoundation.org/heart/wp-content/plugins/elementor/assets/lib/font-awesome/fonts/fontawesome-webfont3e6e.svg]
[destinyabroadfoundation.org/heart/wp-content/plugins/jupiterx-core/includes/extensions/raven/assets/lib/video-mejs/svg/skipback.svg]
[destinyabroadfoundation.org/heart/wp-content/plugins/jupiterx-core/includes/extensions/raven/assets/img/iti-tel-input/flags.png]
[destinyabroadfoundation.org/heart/wp-content/plugins/jupiterx-core/includes/extensions/raven/assets/img/iti-tel-input/flags@2x.png]
[destinyabroadfoundation.org/heart/wp-content/plugins/jupiterx-core/includes/extensions/raven/assets/css/frontend.min0899.css]
[destinyabroadfoundation.org/heart/wp-content/uploads/elementor/css/post-16063aa.css]
[destinyabroadfoundation.org/heart/wp-content/plugins/elementor-pro/assets/css/conditionals/popup.min401f.css]
[destinyabroadfoundation.org/heart/wp-content/plugins/elementor/assets/lib/flatpickr/flatpickr.min4e7f.css]
[destinyabroadfoundation.org/heart/wp-content/plugins/elementor/assets/css/widget-heading.min2801.css]
[destinyabroadfoundation.org/heart/wp-content/plugins/elementor/assets/css/widget-divider.min2801.css]
[destinyabroadfoundation.org/heart/wp-content/plugins/elementor/assets/css/widget-icon-box.min2801.css]
[destinyabroadfoundation.org/heart/wp-content/uploads/2024/12/Asset-4@4x-1-768x551.png]
[destinyabroadfoundation.org/heart/wp-content/uploads/elementor/css/post-309b71.css]
[destinyabroadfoundation.org/heart/wp-content/uploads/2024/12/Asset-6@4x-300x146.png]
[destinyabroadfoundation.org/heart/wp-content/uploads/elementor/css/post-2299b71.css]
[destinyabroadfoundation.org/heart/wp-content/uploads/elementor/css/post-3719b71.css]
[destinyabroadfoundation.org/heart/wp-content/plugins/elementor/assets/lib/font-awesome/webfonts/fa-brands-400.eot]
[destinyabroadfoundation.org/heart/wp-content/plugins/elementor/assets/lib/font-awesome/webfonts/fa-brands-400d41d.eot]
[destinyabroadfoundation.org/heart/wp-content/plugins/elementor/assets/lib/font-awesome/webfonts/fa-brands-400.woff2]
[destinyabroadfoundation.org/heart/wp-content/plugins/elementor/assets/lib/font-awesome/webfonts/fa-brands-400.woff]
[destinyabroadfoundation.org/heart/wp-content/plugins/elementor/assets/lib/font-awesome/webfonts/fa-brands-400.ttf]
[destinyabroadfoundation.org/heart/wp-content/plugins/elementor/assets/lib/font-awesome/webfonts/fa-regular-400.eot]
[destinyabroadfoundation.org/heart/wp-content/plugins/elementor/assets/lib/font-awesome/webfonts/fa-brands-400.svg]
[destinyabroadfoundation.org/heart/wp-content/plugins/elementor/assets/lib/font-awesome/webfonts/fa-regular-400d41d.eot]
[destinyabroadfoundation.org/heart/wp-content/plugins/elementor/assets/lib/font-awesome/webfonts/fa-regular-400.woff2]
[destinyabroadfoundation.org/heart/wp-content/plugins/elementor/assets/lib/font-awesome/webfonts/fa-regular-400.woff]
[destinyabroadfoundation.org/heart/wp-content/plugins/elementor/assets/lib/font-awesome/webfonts/fa-regular-400.ttf]
[destinyabroadfoundation.org/heart/wp-content/plugins/elementor/assets/lib/font-awesome/webfonts/fa-regular-400.svg]
[destinyabroadfoundation.org/heart/wp-content/plugins/elementor/assets/lib/font-awesome/webfonts/fa-solid-900.eot]
[destinyabroadfoundation.org/heart/wp-content/plugins/elementor/assets/lib/font-awesome/webfonts/fa-solid-900d41d.eot]
[destinyabroadfoundation.org/heart/wp-content/plugins/elementor/assets/lib/font-awesome/webfonts/fa-solid-900.woff2]
[destinyabroadfoundation.org/heart/wp-content/plugins/elementor/assets/lib/font-awesome/webfonts/fa-solid-900.woff]
[destinyabroadfoundation.org/heart/wp-content/plugins/elementor/assets/lib/font-awesome/webfonts/fa-solid-900.ttf]
[destinyabroadfoundation.org/heart/wp-content/plugins/elementor/assets/lib/font-awesome/css/all.min2801.css]
[destinyabroadfoundation.org/heart/wp-content/plugins/elementor/assets/lib/font-awesome/css/v4-shims.min2801.css]
[destinyabroadfoundation.org/heart/wp-content/uploads/elementor/google-fonts/fonts/roboto-kfo5cnqeu92fr1mu53zec9_vu3r1gihoszmkc3kawzu.woff2]
[destinyabroadfoundation.org/heart/wp-content/plugins/elementor/assets/lib/font-awesome/webfonts/fa-solid-900.svg]
[destinyabroadfoundation.org/heart/wp-content/uploads/elementor/google-fonts/fonts/roboto-kfo5cnqeu92fr1mu53zec9_vu3r1gihoszmkankawzu.woff2]
[destinyabroadfoundation.org/heart/wp-content/uploads/elementor/google-fonts/fonts/roboto-kfo5cnqeu92fr1mu53zec9_vu3r1gihoszmkcnkawzu.woff2]
[destinyabroadfoundation.org/heart/wp-content/uploads/elementor/google-fonts/fonts/roboto-kfo5cnqeu92fr1mu53zec9_vu3r1gihoszmkbxkawzu.woff2]
[destinyabroadfoundation.org/heart/wp-content/uploads/elementor/google-fonts/fonts/roboto-kfo5cnqeu92fr1mu53zec9_vu3r1gihoszmkenkawzu.woff2]
[destinyabroadfoundation.org/heart/wp-content/uploads/elementor/google-fonts/fonts/roboto-kfo5cnqeu92fr1mu53zec9_vu3r1gihoszmkahkawzu.woff2]
[destinyabroadfoundation.org/heart/wp-content/uploads/elementor/google-fonts/fonts/roboto-kfo5cnqeu92fr1mu53zec9_vu3r1gihoszmkcxkawzu.woff2]
[destinyabroadfoundation.org/heart/wp-content/uploads/elementor/google-fonts/fonts/roboto-kfo5cnqeu92fr1mu53zec9_vu3r1gihoszmkchkawzu.woff2]
[destinyabroadfoundation.org/heart/wp-content/uploads/elementor/google-fonts/fonts/roboto-kfo5cnqeu92fr1mu53zec9_vu3r1gihoszmkbnka.woff2]
[destinyabroadfoundation.org/heart/wp-content/uploads/elementor/google-fonts/fonts/roboto-kfo7cnqeu92fr1me7ksn66agldtyluama3gubgee.woff2]
[destinyabroadfoundation.org/heart/wp-content/uploads/elementor/google-fonts/fonts/roboto-kfo7cnqeu92fr1me7ksn66agldtyluama3iubgee.woff2]
[destinyabroadfoundation.org/heart/wp-content/uploads/elementor/google-fonts/fonts/roboto-kfo7cnqeu92fr1me7ksn66agldtyluama3cubgee.woff2]
[destinyabroadfoundation.org/heart/wp-content/uploads/elementor/google-fonts/fonts/roboto-kfo7cnqeu92fr1me7ksn66agldtyluama3-ubgee.woff2]
[destinyabroadfoundation.org/heart/wp-content/uploads/elementor/google-fonts/fonts/roboto-kfo7cnqeu92fr1me7ksn66agldtyluamawcubgee.woff2]
[destinyabroadfoundation.org/heart/wp-content/uploads/elementor/google-fonts/fonts/roboto-kfo7cnqeu92fr1me7ksn66agldtyluamaxkubgee.woff2]
[destinyabroadfoundation.org/heart/wp-content/uploads/elementor/google-fonts/fonts/roboto-kfo7cnqeu92fr1me7ksn66agldtyluama3oubgee.woff2]
[destinyabroadfoundation.org/heart/wp-content/uploads/elementor/google-fonts/fonts/roboto-kfo7cnqeu92fr1me7ksn66agldtyluama3kubgee.woff2]
[destinyabroadfoundation.org/heart/wp-content/uploads/elementor/google-fonts/fonts/roboto-kfo7cnqeu92fr1me7ksn66agldtyluama3yuba.woff2]
[destinyabroadfoundation.org/heart/wp-content/uploads/elementor/google-fonts/css/robotob34e.css]
[destinyabroadfoundation.org/heart/wp-content/uploads/elementor/google-fonts/fonts/robotoslab-bngmuxzytxpivibgjjsb6ufa5qw54a.woff2]
[destinyabroadfoundation.org/heart/wp-content/uploads/elementor/google-fonts/fonts/robotoslab-bngmuxzytxpivibgjjsb6ufj5qw54a.woff2]
[destinyabroadfoundation.org/heart/wp-content/uploads/elementor/google-fonts/fonts/robotoslab-bngmuxzytxpivibgjjsb6ufb5qw54a.woff2]
[destinyabroadfoundation.org/heart/wp-content/uploads/elementor/google-fonts/fonts/robotoslab-bngmuxzytxpivibgjjsb6ufo5qw54a.woff2]
[destinyabroadfoundation.org/heart/wp-content/uploads/elementor/google-fonts/fonts/robotoslab-bngmuxzytxpivibgjjsb6ufc5qw54a.woff2]
[destinyabroadfoundation.org/heart/wp-content/uploads/elementor/google-fonts/fonts/robotoslab-bngmuxzytxpivibgjjsb6ufd5qw54a.woff2]
[destinyabroadfoundation.org/heart/wp-content/uploads/elementor/google-fonts/fonts/robotoslab-bngmuxzytxpivibgjjsb6ufn5qu.woff2]
[destinyabroadfoundation.org/heart/wp-content/uploads/elementor/google-fonts/css/robotoslab7f20.css]
[destinyabroadfoundation.org/heart/xmlrpc0db0.html]
[destinyabroadfoundation.org/heart/home/index.html]
[destinyabroadfoundation.org/heart/about/index.html]
[destinyabroadfoundation.org/heart/wp-content/uploads/elementor/css/post-451bd2d.css]
[destinyabroadfoundation.org/heart/wp-json/wp/v2/pages/451.json]
[destinyabroadfoundation.org/heart/wp-json/oembed/1.0/embed7651.json]
[destinyabroadfoundation.org/heart/wp-json/oembed/1.0/embed1f20]
[destinyabroadfoundation.org/heart/wp-content/uploads/2017/04/trainers-bg-01.jpg]
[destinyabroadfoundation.org/heart/services/index.html]
[destinyabroadfoundation.org/heart/wp-content/uploads/elementor/css/post-266ee41.css]
[destinyabroadfoundation.org/heart/wp-json/wp/v2/pages/266.json]
[destinyabroadfoundation.org/heart/wp-json/oembed/1.0/embed66a1.json]
[destinyabroadfoundation.org/heart/wp-json/oembed/1.0/embedfc62]
[destinyabroadfoundation.org/heart/resources/index.html]
[destinyabroadfoundation.org/heart/wp-content/plugins/elementor/assets/css/widget-spacer.min2801.css]
[destinyabroadfoundation.org/heart/wp-content/plugins/elementor/assets/lib/animations/styles/e-animation-shrink.min2801.css]
[destinyabroadfoundation.org/heart/wp-content/plugins/elementor/assets/lib/animations/styles/e-animation-pulse.min2801.css]
[destinyabroadfoundation.org/heart/wp-content/plugins/elementor/assets/lib/animations/styles/e-animation-pop.min2801.css]
[destinyabroadfoundation.org/heart/wp-content/plugins/elementor/assets/lib/animations/styles/e-animation-grow-rotate.min2801.css]
[destinyabroadfoundation.org/heart/wp-content/plugins/elementor/assets/lib/animations/styles/e-animation-wobble-skew.min2801.css]
[destinyabroadfoundation.org/heart/wp-content/plugins/elementor/assets/lib/animations/styles/e-animation-buzz-out.min2801.css]
[destinyabroadfoundation.org/heart/wp-content/uploads/elementor/css/post-2453f1c.css]
[destinyabroadfoundation.org/heart/wp-json/wp/v2/pages/245.json]
[destinyabroadfoundation.org/heart/wp-json/oembed/1.0/embed3a7b.json]
[destinyabroadfoundation.org/heart/wp-json/oembed/1.0/embeda580]
[destinyabroadfoundation.org/heart/wp-content/uploads/2017/04/home-bg-05.jpg]
[destinyabroadfoundation.org/heart/contact-us/index.html]
[destinyabroadfoundation.org/heart/home/contact-us/index.html]
[destinyabroadfoundation.org/heart/wp-content/uploads/elementor/css/post-267a496.css]
[destinyabroadfoundation.org/heart/wp-json/wp/v2/pages/267.json]
[destinyabroadfoundation.org/heart/wp-json/oembed/1.0/embed5964.json]
[destinyabroadfoundation.org/heart/wp-json/oembed/1.0/embed52d8]
[destinyabroadfoundation.org/heart/wp-content/uploads/2025/01/lacrosse_lax_champion-e1736372529572-768x860.jpg]
[destinyabroadfoundation.org/heart/wp-content/uploads/2025/01/mental-wellness-e1747139365773.jpg]
[destinyabroadfoundation.org/heart/about-us/index.html]
[destinyabroadfoundation.org/heart/wp-content/themes/jupiterx/lib/assets/fonts/jupiterx.svg]
[destinyabroadfoundation.org/heart/wp-content/plugins/elementor/assets/lib/font-awesome/fonts/fontawesome-webfont3e6e.svg]
[destinyabroadfoundation.org/heart/wp-content/plugins/jupiterx-core/includes/extensions/raven/assets/lib/video-mejs/svg/jumpforward.svg]
[destinyabroadfoundation.org/heart/wp-content/plugins/jupiterx-core/includes/extensions/raven/assets/lib/video-mejs/svg/skipback.svg]
[destinyabroadfoundation.org/heart/wp-content/plugins/elementor/assets/lib/font-awesome/webfonts/fa-brands-400.svg]
[destinyabroadfoundation.org/heart/wp-content/plugins/elementor/assets/lib/font-awesome/webfonts/fa-regular-400.svg]
[destinyabroadfoundation.org/heart/wp-content/plugins/elementor/assets/lib/font-awesome/webfonts/fa-solid-900.svg]
[destinyabroadfoundation.org/heart/wp-content/uploads/elementor/css/post-451bd2d.css]
[destinyabroadfoundation.org/heart/indexc31c.html]
[destinyabroadfoundation.org/heart/wp-content/uploads/elementor/css/post-266ee41.css]
[destinyabroadfoundation.org/heart/index6543.html]
[destinyabroadfoundation.org/heart/wp-content/plugins/elementor/assets/css/widget-spacer.min2801.css]
[destinyabroadfoundation.org/heart/wp-content/plugins/elementor/assets/lib/animations/styles/e-animation-grow.min2801.css]
[destinyabroadfoundation.org/heart/wp-content/plugins/elementor/assets/lib/animations/styles/e-animation-shrink.min2801.css]
[destinyabroadfoundation.org/heart/wp-content/plugins/elementor/assets/lib/animations/styles/e-animation-pulse.min2801.css]
[destinyabroadfoundation.org/heart/wp-content/plugins/elementor/assets/lib/animations/styles/e-animation-pop.min2801.css]
[destinyabroadfoundation.org/heart/wp-content/plugins/elementor/assets/lib/animations/styles/e-animation-grow-rotate.min2801.css]
[destinyabroadfoundation.org/heart/wp-content/plugins/elementor/assets/lib/animations/styles/e-animation-wobble-skew.min2801.css]
[destinyabroadfoundation.org/heart/wp-content/plugins/elementor/assets/lib/animations/styles/e-animation-buzz-out.min2801.css]
[destinyabroadfoundation.org/heart/wp-content/uploads/elementor/css/post-2453f1c.css]
[destinyabroadfoundation.org/heart/indexe1a1.html]
[destinyabroadfoundation.org/heart/wp-content/uploads/elementor/css/post-267a496.css]
[destinyabroadfoundation.org/heart/index3786.html]
