[destinyabroadfoundation.org/sport/index.html]
[backblue.gif]
[fade.gif]
[index.html]
[destinyabroadfoundation.org/sport/wp-json/wp/v2/pages/1074.json]
[destinyabroadfoundation.org/sport/wp-content/litespeed/css/10bb34b0208ae2db7dfab4d9e86169dd41d1.css]
[destinyabroadfoundation.org/sport/feed/index.html]
[destinyabroadfoundation.org/sport/wp-json/index.html]
[destinyabroadfoundation.org/sport/comments/feed/index.html]
[destinyabroadfoundation.org/sport/wp-json/oembed/1.0/embedab6a.json]
[destinyabroadfoundation.org/sport/wp-json/oembed/1.0/embed9630]
[destinyabroadfoundation.org/sport/wp-content/uploads/2025/01/cropped-photo_3_2025-01-30_11-03-06-1-32x32.jpg]
[destinyabroadfoundation.org/sport/wp-content/uploads/2025/01/cropped-photo_3_2025-01-30_11-03-06-1-192x192.jpg]
[destinyabroadfoundation.org/sport/wp-content/uploads/2025/01/cropped-photo_3_2025-01-30_11-03-06-1-180x180.jpg]
[destinyabroadfoundation.org/sport/wp-content/uploads/2025/01/photo_2_2025-01-30_11-03-06-e1738231670670.jpg]
[destinyabroadfoundation.org/sport/wp-content/plugins/litespeed-cache/guest.vary.html]
[destinyabroadfoundation.org/sport/index.html]
[destinyabroadfoundation.org/sport/about-us/index.html]
[destinyabroadfoundation.org/sport/wp-content/themes/jupiterx/lib/assets/fonts/jupiterx.eot]
[destinyabroadfoundation.org/sport/team/index.html]
[destinyabroadfoundation.org/sport/services/index.html]
[destinyabroadfoundation.org/sport/wp-content/themes/jupiterx/lib/assets/fonts/jupiterxd41d.eot]
[destinyabroadfoundation.org/sport/wp-content/themes/jupiterx/lib/assets/fonts/jupiterx.woff2]
[destinyabroadfoundation.org/sport/contact-us/index.html]
[destinyabroadfoundation.org/sport/wp-content/themes/jupiterx/lib/assets/fonts/jupiterx.woff]
[destinyabroadfoundation.org/sport/wp-content/themes/jupiterx/lib/assets/fonts/jupiterx.ttf]
[destinyabroadfoundation.org/sport/wp-content/themes/jupiterx/lib/assets/fonts/jupiterx.svg]
[destinyabroadfoundation.org/sport/wp-content/plugins/elementor/assets/lib/font-awesome/fonts/fontawesome-webfont3e6e.eot]
[destinyabroadfoundation.org/sport/wp-content/plugins/elementor/assets/lib/font-awesome/fonts/fontawesome-webfontd41d.eot]
[destinyabroadfoundation.org/sport/wp-content/plugins/elementor/assets/lib/font-awesome/fonts/fontawesome-webfont3e6e.woff2]
[destinyabroadfoundation.org/sport/wp-content/plugins/elementor/assets/lib/font-awesome/fonts/fontawesome-webfont3e6e.woff]
[destinyabroadfoundation.org/sport/wp-content/plugins/elementor/assets/lib/font-awesome/fonts/fontawesome-webfont3e6e.ttf]
[destinyabroadfoundation.org/sport/wp-content/plugins/elementor/assets/lib/font-awesome/fonts/fontawesome-webfont3e6e.svg]
[destinyabroadfoundation.org/sport/wp-content/plugins/jupiterx-core/includes/extensions/raven/assets/lib/video-mejs/svg/jumpforward.svg]
[destinyabroadfoundation.org/sport/wp-content/plugins/jupiterx-core/includes/extensions/raven/assets/lib/video-mejs/svg/skipback.svg]
[destinyabroadfoundation.org/sport/wp-content/plugins/jupiterx-core/includes/extensions/raven/assets/img/iti-tel-input/flags.png]
[destinyabroadfoundation.org/sport/wp-content/plugins/jupiterx-core/includes/extensions/raven/assets/img/iti-tel-input/flags@2x.png]
[destinyabroadfoundation.org/sport/wp-content/plugins/jet-elements/assets/css/lib/slider-pro/images/openhand.cur]
[destinyabroadfoundation.org/sport/wp-content/plugins/jet-elements/assets/css/lib/slider-pro/images/closedhand.cur]
[destinyabroadfoundation.org/sport/wp-content/uploads/2025/01/sports_marketing_background__14948-scaled-e1738344859597.jpg]
[destinyabroadfoundation.org/sport/wp-content/plugins/elementor/assets/lib/font-awesome/webfonts/fa-brands-400.eot]
[destinyabroadfoundation.org/sport/wp-content/plugins/elementor/assets/lib/font-awesome/webfonts/fa-brands-400.woff2]
[destinyabroadfoundation.org/sport/wp-content/plugins/elementor/assets/lib/font-awesome/webfonts/fa-brands-400.woff]
[destinyabroadfoundation.org/sport/wp-content/plugins/elementor/assets/lib/font-awesome/webfonts/fa-brands-400d41d.eot]
[destinyabroadfoundation.org/sport/wp-content/plugins/elementor/assets/lib/font-awesome/webfonts/fa-brands-400.ttf]
[destinyabroadfoundation.org/sport/wp-content/plugins/elementor/assets/lib/font-awesome/webfonts/fa-regular-400.eot]
[destinyabroadfoundation.org/sport/wp-content/plugins/elementor/assets/lib/font-awesome/webfonts/fa-regular-400d41d.eot]
[destinyabroadfoundation.org/sport/wp-content/plugins/elementor/assets/lib/font-awesome/webfonts/fa-brands-400.svg]
[destinyabroadfoundation.org/sport/wp-content/plugins/elementor/assets/lib/font-awesome/webfonts/fa-regular-400.woff2]
[destinyabroadfoundation.org/sport/wp-content/plugins/elementor/assets/lib/font-awesome/webfonts/fa-regular-400.woff]
[destinyabroadfoundation.org/sport/wp-content/plugins/elementor/assets/lib/font-awesome/webfonts/fa-regular-400.ttf]
[destinyabroadfoundation.org/sport/wp-content/plugins/elementor/assets/lib/font-awesome/webfonts/fa-regular-400.svg]
[destinyabroadfoundation.org/sport/wp-content/plugins/elementor/assets/lib/font-awesome/webfonts/fa-solid-900.eot]
[destinyabroadfoundation.org/sport/wp-content/plugins/elementor/assets/lib/font-awesome/webfonts/fa-solid-900d41d.eot]
[destinyabroadfoundation.org/sport/wp-content/plugins/elementor/assets/lib/font-awesome/webfonts/fa-solid-900.woff2]
[destinyabroadfoundation.org/sport/wp-content/plugins/elementor/assets/lib/font-awesome/webfonts/fa-solid-900.woff]
[destinyabroadfoundation.org/sport/wp-content/plugins/elementor/assets/lib/font-awesome/webfonts/fa-solid-900.ttf]
[destinyabroadfoundation.org/sport/wp-content/litespeed/css/10bb34b0208ae2db7dfab4d9e86169dd41d1.css]
[destinyabroadfoundation.org/sport/xmlrpc0db0.html]
[destinyabroadfoundation.org/sport/wp-content/plugins/elementor/assets/lib/font-awesome/webfonts/fa-solid-900.svg]
[destinyabroadfoundation.org/sport/wp-content/litespeed/css/bf609ae375d8c4219a6dc28a6ccf1d5341d1.css]
[destinyabroadfoundation.org/sport/wp-json/wp/v2/pages/9.json]
[destinyabroadfoundation.org/sport/wp-json/oembed/1.0/embede7a6.json]
[destinyabroadfoundation.org/sport/about-us/index.html]
[destinyabroadfoundation.org/sport/wp-json/oembed/1.0/embed2780]
[destinyabroadfoundation.org/sport/wp-content/litespeed/css/a818b497ac4f3c7b744f9f7901dc65e3fbe8.css]
[destinyabroadfoundation.org/sport/wp-content/litespeed/css/7f9e778ca1297264e40faab67cb1749a0a81.css]
[destinyabroadfoundation.org/sport/wp-content/litespeed/css/dac6b24c59197dc8f993023b64bf3c79a2b5.css]
[destinyabroadfoundation.org/sport/wp-content/litespeed/css/a6d75e9fbe569fb0d7691fc10c09147bd827.css]
[destinyabroadfoundation.org/sport/wp-content/litespeed/css/6aaf1ab7ec293d7bfb2f3e0d5b9a59473973.css]
[destinyabroadfoundation.org/sport/wp-content/litespeed/css/fc645649add08e5fdb3348a5b18f7dc7fa52.css]
[destinyabroadfoundation.org/sport/wp-content/litespeed/css/c09014361e8ef2995cf973cffdf7678921dc.css]
[destinyabroadfoundation.org/sport/wp-content/litespeed/css/d496496d79ecbc4ca5ddc47a6ba0f11586dd.css]
[destinyabroadfoundation.org/sport/wp-content/litespeed/css/d3894d737718abfae7ddfbb9ec5c8a30761f.css]
[destinyabroadfoundation.org/sport/wp-content/litespeed/css/d926aba25905d89267dd13499cbabefc7ce8.css]
[destinyabroadfoundation.org/sport/wp-content/litespeed/css/08bee3ef680547b20b481c995c52705a73e5.css]
[destinyabroadfoundation.org/sport/wp-content/litespeed/css/66b7d7454841f7d8c538e0817495843bf7d4.css]
[destinyabroadfoundation.org/sport/wp-content/litespeed/css/ed76e204af894e46be7caeb67a7cc0e0c770.css]
[destinyabroadfoundation.org/sport/wp-content/litespeed/css/9013bb2807f226b37215e28b18f9a2601393.css]
[destinyabroadfoundation.org/sport/wp-content/litespeed/css/7fb3ab3936ccb3efb263ecd7e5a05e29cae1.css]
[destinyabroadfoundation.org/sport/wp-content/litespeed/css/7e66793d0fbaac6f84458444334e1af976d6.css]
[destinyabroadfoundation.org/sport/wp-content/litespeed/css/f1ed3891ac38306c37d5a4590aa938607734.css]
[destinyabroadfoundation.org/sport/wp-content/litespeed/css/47dd18f59aed7ce55773aaaf68a0f42e6271.css]
[destinyabroadfoundation.org/sport/wp-content/litespeed/css/09fde0d35edf34813564e6f55116b379b47b.css]
[destinyabroadfoundation.org/sport/wp-includes/js/jquery/jquery.min.js]
[destinyabroadfoundation.org/sport/wp-content/litespeed/js/484855e4e8f845e3be4dd34ebbf47280eda0.js]
[destinyabroadfoundation.org/sport/wp-content/litespeed/js/294bc3b7b31e17e3edeacac761c87aa13281.js]
[destinyabroadfoundation.org/sport/wp-content/litespeed/js/8f30c4f46510948cafe0ca0373d8215b6c04.js]
[destinyabroadfoundation.org/sport/wp-json/wp/v2/pages/1249.json]
[destinyabroadfoundation.org/sport/wp-json/oembed/1.0/embedf166.json]
[destinyabroadfoundation.org/sport/wp-json/oembed/1.0/embed7bef]
[destinyabroadfoundation.org/sport/wp-content/uploads/2025/02/Aj-Reeves--e1747135828251.png]
[destinyabroadfoundation.org/sport/wp-content/uploads/2025/02/Oswin-e1747135768961.png]
[destinyabroadfoundation.org/sport/wp-content/uploads/2025/02/Jaleen-Smith-e1747135643846.png]
[destinyabroadfoundation.org/sport/wp-content/uploads/2025/02/Marqious-e1747135716677.png]
[destinyabroadfoundation.org/sport/wp-content/litespeed/css/ca3c096eb95bde50f9b648d77c1ab860ef7d.css]
[destinyabroadfoundation.org/sport/wp-content/litespeed/css/b2f8c6a90a3f036a55ac2081ca479599442f.css]
[destinyabroadfoundation.org/sport/wp-content/litespeed/css/ae018d67f8cba5efe0341cc963acb97b049b.css]
[destinyabroadfoundation.org/sport/wp-content/litespeed/css/0be963a84088d0990eb162e71d6ced1385f1.css]
[destinyabroadfoundation.org/sport/wp-content/litespeed/css/913c664566e8d360c21b38fefa2a65bfba3d.css]
[destinyabroadfoundation.org/sport/wp-content/litespeed/css/ef2cf9828904e6c2ec7cd4497d3cda9a749a.css]
[destinyabroadfoundation.org/sport/wp-content/litespeed/js/3bbe6b0fb0f59e224156aff4b5ab082abbbd.js]
[destinyabroadfoundation.org/sport/wp-content/litespeed/js/47500243c6de1c4bf8bab6a00b1493f1a68c.js]
[destinyabroadfoundation.org/sport/wp-content/litespeed/js/559cde3be72d6b4856b97e660753a8650dcf.js]
[destinyabroadfoundation.org/sport/wp-content/litespeed/js/248d5a3f01c2efd9ca2f360693bf1777df3a.js]
[destinyabroadfoundation.org/sport/wp-content/litespeed/js/d10029de75c5a589758b35fb1c3c7f1f50b8.js]
[destinyabroadfoundation.org/sport/wp-content/litespeed/js/71ebc2d1356436452374a675458f8416e00f.js]
[destinyabroadfoundation.org/sport/wp-content/litespeed/js/5f10adf261184afa6a275a1c974042a9d7d8.js]
[destinyabroadfoundation.org/sport/wp-content/litespeed/js/a83ddc10693ffb01789361daded8d4c0bf43.js]
[destinyabroadfoundation.org/sport/wp-content/litespeed/js/a9fa86f7854e682a83af842a1cbae51cedf0.js]
[destinyabroadfoundation.org/sport/wp-content/litespeed/js/2a5c4cdf13462a603ac2e1cb0f91ed24662e.js]
[destinyabroadfoundation.org/sport/wp-content/litespeed/js/54a1824772f764c607ba2a8326db772360db.js]
[destinyabroadfoundation.org/sport/wp-content/litespeed/js/43aee7a715f578988da17c49ac57e50e3c52.js]
[destinyabroadfoundation.org/sport/wp-content/litespeed/js/32f1ccaa3993e78f295780fa3db51aec363e.js]
[destinyabroadfoundation.org/sport/wp-content/litespeed/js/bdced1eb9557987ce162a3c12bba660e6307.js]
[destinyabroadfoundation.org/sport/wp-content/litespeed/js/d8d46692ef0dbdbb4caa3639aa9d870c60f9.js]
[destinyabroadfoundation.org/sport/wp-content/litespeed/js/8cf46011fe15e166cb863399dad9679d72ad.js]
[destinyabroadfoundation.org/sport/wp-content/litespeed/js/6543acda6079929b54e66625ee574f2fc10c.js]
[destinyabroadfoundation.org/sport/wp-content/litespeed/js/1b3582ee2d9341ce2ecee7f8d5082e461708.js]
[destinyabroadfoundation.org/sport/team/index.html]
[destinyabroadfoundation.org/sport/wp-content/litespeed/js/fe190a0f0b560f62137e13d519e6e8351d79.js]
[destinyabroadfoundation.org/sport/wp-content/litespeed/css/2d143f6440e2588c28f0f4ab7a6ae7259a2a.css]
[destinyabroadfoundation.org/sport/wp-json/wp/v2/pages/1071.json]
[destinyabroadfoundation.org/sport/wp-json/oembed/1.0/embed9783.json]
[destinyabroadfoundation.org/sport/services/index.html]
[destinyabroadfoundation.org/sport/wp-json/oembed/1.0/embeda506]
[destinyabroadfoundation.org/sport/wp-content/litespeed/css/c0b7fc705c129f023749a681e5fb1034f501.css]
[destinyabroadfoundation.org/sport/wp-content/litespeed/css/379e9a0349c357e4661ee527341940a18235.css]
[destinyabroadfoundation.org/sport/wp-content/litespeed/css/57012b2d1e567eb002fa62b4fd01de3a45b3.css]
[destinyabroadfoundation.org/sport/wp-content/litespeed/css/123a593c65007772f2ab1619ec481533379f.css]
[destinyabroadfoundation.org/sport/wp-content/litespeed/css/12906700b5336363bb3770cbb02637d149ff.css]
[destinyabroadfoundation.org/sport/wp-content/litespeed/css/1d96d67e162459857889e7c85603adde76c0.css]
[destinyabroadfoundation.org/sport/wp-content/litespeed/css/cdb021320338a23b15af8e089411d5ba9175.css]
[destinyabroadfoundation.org/sport/wp-content/litespeed/css/8b3b54311e221da4e24841dc19ccf19ee17a.css]
[destinyabroadfoundation.org/sport/wp-content/litespeed/css/a48f2daed1d45b0c824ea6ddc44c50c4ab65.css]
[destinyabroadfoundation.org/sport/wp-json/wp/v2/pages/15.json]
[destinyabroadfoundation.org/sport/wp-json/oembed/1.0/embed5758.json]
[destinyabroadfoundation.org/sport/wp-json/oembed/1.0/embedc4aa]
[destinyabroadfoundation.org/sport/contact-us/index.html]
[destinyabroadfoundation.org/sport/wp-content/plugins/litespeed-cache/guest.vary.html]
[destinyabroadfoundation.org/sport/wp-content/themes/jupiterx/lib/assets/fonts/jupiterx.svg]
[destinyabroadfoundation.org/sport/wp-content/plugins/elementor/assets/lib/font-awesome/fonts/fontawesome-webfont3e6e.svg]
[destinyabroadfoundation.org/sport/wp-content/plugins/jupiterx-core/includes/extensions/raven/assets/lib/video-mejs/svg/jumpforward.svg]
[destinyabroadfoundation.org/sport/wp-content/plugins/jupiterx-core/includes/extensions/raven/assets/lib/video-mejs/svg/skipback.svg]
[destinyabroadfoundation.org/sport/wp-content/plugins/elementor/assets/lib/font-awesome/webfonts/fa-brands-400.svg]
[destinyabroadfoundation.org/sport/wp-content/plugins/elementor/assets/lib/font-awesome/webfonts/fa-regular-400.svg]
[destinyabroadfoundation.org/sport/wp-content/plugins/elementor/assets/lib/font-awesome/webfonts/fa-solid-900.svg]
[destinyabroadfoundation.org/sport/wp-content/uploads/2025/02/10797632-e1747135008845.jpg]
[destinyabroadfoundation.org/sport/wp-content/litespeed/css/bf609ae375d8c4219a6dc28a6ccf1d5341d1.css]
[destinyabroadfoundation.org/sport/indexb5fb.html]
[destinyabroadfoundation.org/sport/wp-content/litespeed/css/a818b497ac4f3c7b744f9f7901dc65e3fbe8.css]
[destinyabroadfoundation.org/sport/wp-content/litespeed/css/7f9e778ca1297264e40faab67cb1749a0a81.css]
[destinyabroadfoundation.org/sport/wp-content/litespeed/css/dac6b24c59197dc8f993023b64bf3c79a2b5.css]
[destinyabroadfoundation.org/sport/wp-content/litespeed/css/a6d75e9fbe569fb0d7691fc10c09147bd827.css]
[destinyabroadfoundation.org/sport/wp-content/litespeed/css/6aaf1ab7ec293d7bfb2f3e0d5b9a59473973.css]
[destinyabroadfoundation.org/sport/wp-content/litespeed/css/c09014361e8ef2995cf973cffdf7678921dc.css]
[destinyabroadfoundation.org/sport/wp-content/litespeed/css/fc645649add08e5fdb3348a5b18f7dc7fa52.css]
[destinyabroadfoundation.org/sport/wp-content/litespeed/css/d496496d79ecbc4ca5ddc47a6ba0f11586dd.css]
[destinyabroadfoundation.org/sport/wp-content/litespeed/css/d3894d737718abfae7ddfbb9ec5c8a30761f.css]
[destinyabroadfoundation.org/sport/wp-content/litespeed/css/d926aba25905d89267dd13499cbabefc7ce8.css]
[destinyabroadfoundation.org/sport/wp-content/litespeed/css/08bee3ef680547b20b481c995c52705a73e5.css]
[destinyabroadfoundation.org/sport/wp-content/litespeed/css/66b7d7454841f7d8c538e0817495843bf7d4.css]
[destinyabroadfoundation.org/sport/wp-content/litespeed/css/ed76e204af894e46be7caeb67a7cc0e0c770.css]
[destinyabroadfoundation.org/sport/wp-content/litespeed/css/9013bb2807f226b37215e28b18f9a2601393.css]
[destinyabroadfoundation.org/sport/wp-content/litespeed/css/7fb3ab3936ccb3efb263ecd7e5a05e29cae1.css]
[destinyabroadfoundation.org/sport/wp-content/uploads/2025/02/35733-scaled-e1747135027673.jpg]
[destinyabroadfoundation.org/sport/wp-content/litespeed/css/7e66793d0fbaac6f84458444334e1af976d6.css]
[destinyabroadfoundation.org/sport/wp-content/litespeed/css/f1ed3891ac38306c37d5a4590aa938607734.css]
[destinyabroadfoundation.org/sport/wp-content/litespeed/css/47dd18f59aed7ce55773aaaf68a0f42e6271.css]
[destinyabroadfoundation.org/sport/wp-content/litespeed/css/09fde0d35edf34813564e6f55116b379b47b.css]
[destinyabroadfoundation.org/sport/index42fb.html]
[destinyabroadfoundation.org/sport/wp-content/litespeed/css/ca3c096eb95bde50f9b648d77c1ab860ef7d.css]
[destinyabroadfoundation.org/sport/wp-content/litespeed/css/b2f8c6a90a3f036a55ac2081ca479599442f.css]
[destinyabroadfoundation.org/sport/wp-content/litespeed/css/ae018d67f8cba5efe0341cc963acb97b049b.css]
[destinyabroadfoundation.org/sport/wp-content/litespeed/css/0be963a84088d0990eb162e71d6ced1385f1.css]
[destinyabroadfoundation.org/sport/wp-content/litespeed/css/913c664566e8d360c21b38fefa2a65bfba3d.css]
[destinyabroadfoundation.org/sport/wp-content/litespeed/css/ef2cf9828904e6c2ec7cd4497d3cda9a749a.css]
[destinyabroadfoundation.org/sport/wp-content/uploads/2025/02/35733-scaled-e1747137793987.jpg]
[destinyabroadfoundation.org/sport/wp-content/litespeed/css/2d143f6440e2588c28f0f4ab7a6ae7259a2a.css]
[destinyabroadfoundation.org/sport/indexb766.html]
[destinyabroadfoundation.org/sport/wp-content/litespeed/css/dba08428cf03c5ea094ecb24c30fac8de4fb.css]
[destinyabroadfoundation.org/sport/wp-content/litespeed/css/c0b7fc705c129f023749a681e5fb1034f501.css]
[destinyabroadfoundation.org/sport/wp-content/litespeed/css/379e9a0349c357e4661ee527341940a18235.css]
[destinyabroadfoundation.org/sport/wp-content/litespeed/css/57012b2d1e567eb002fa62b4fd01de3a45b3.css]
[destinyabroadfoundation.org/sport/wp-content/litespeed/css/123a593c65007772f2ab1619ec481533379f.css]
[destinyabroadfoundation.org/sport/wp-content/litespeed/css/12906700b5336363bb3770cbb02637d149ff.css]
[destinyabroadfoundation.org/sport/wp-content/litespeed/css/1d96d67e162459857889e7c85603adde76c0.css]
[destinyabroadfoundation.org/sport/wp-content/litespeed/css/cdb021320338a23b15af8e089411d5ba9175.css]
[destinyabroadfoundation.org/sport/wp-content/litespeed/css/8b3b54311e221da4e24841dc19ccf19ee17a.css]
[destinyabroadfoundation.org/sport/wp-content/uploads/2025/02/10-black-and-gold-basketball-concept-allan-swart.jpg]
[destinyabroadfoundation.org/sport/wp-content/litespeed/css/a48f2daed1d45b0c824ea6ddc44c50c4ab65.css]
[destinyabroadfoundation.org/sport/indexa1ca.html]
