[bbfreshseafood.vercel.app/index.html]
[backblue.gif]
[fade.gif]
[index.html]
[bbfreshseafood.vercel.app/url_to_your_seafood_image.0.delayed]
[bbfreshseafood.vercel.app/css/style.css]
[bbfreshseafood.vercel.app/css/mediaquery.css]
[use.fontawesome.com/releases/v5.8.2/css/all.css]
[cdn.jsdelivr.net/npm/swiper@11/swiper-bundle.min.css]
[cdnjs.cloudflare.com/ajax/libs/animate.css/4.1.1/animate.min.css]
[unpkg.com/boxicons@2.1.4/css/boxicons.min.css]
[bbfreshseafood.vercel.app/images/brand_logo.JPG]
[bbfreshseafood.vercel.app/index-2.html]
[bbfreshseafood.vercel.app/images/ad-image.JPG]
[bbfreshseafood.vercel.app/images/rsz_11shrimp.jpg]
[bbfreshseafood.vercel.app/images/rsz_1crabs.jpg]
[bbfreshseafood.vercel.app/images/rsz_barracuda.jpg]
[bbfreshseafood.vercel.app/images/rsz_calamari.jpg]
[bbfreshseafood.vercel.app/images/rsz_moonfish.jpg]
[bbfreshseafood.vercel.app/images/titus_sardines.jpg]
[bbfreshseafood.vercel.app/images/rsz_1rsz_stingray.jpg]
[bbfreshseafood.vercel.app/images/Croaker.jpg]
[bbfreshseafood.vercel.app/images/rsz_mixed fish.jpg]
[bbfreshseafood.vercel.app/images/drumstick.jpg]
[bbfreshseafood.vercel.app/images/turkey.jpg]
[bbfreshseafood.vercel.app/images/gizzard.jpg]
[cdn.jsdelivr.net/npm/swiper@11/swiper-bundle.min.js]
[bbfreshseafood.vercel.app/index.html]
[bbfreshseafood.vercel.app/url_to_your_seafood_image.html]
[bbfreshseafood.vercel.app/css/style.css]
[bbfreshseafood.vercel.app/css/mediaquery.css]
[use.fontawesome.com/releases/v5.8.2/css/all.css]
[cdn.jsdelivr.net/npm/swiper@11/swiper-bundle.min.css]
[cdnjs.cloudflare.com/ajax/libs/animate.css/4.1.1/animate.min.css]
[unpkg.com/boxicons@2.1.4/css/boxicons.min.css]
[bbfreshseafood.vercel.app/index-2.html]
[bbfreshseafood.vercel.app/js/script.js]
